Component: ARM Compiler 5.06 update 4 (build 422) Tool: armlink [4d35d2]

==============================================================================

Section Cross References

    startup_stm32f103xb.o(RESET) refers to startup_stm32f103xb.o(STACK) for __initial_sp
    startup_stm32f103xb.o(RESET) refers to startup_stm32f103xb.o(.text) for Reset_Handler
    startup_stm32f103xb.o(RESET) refers to stm32f1xx_it.o(i.NMI_Handler) for NMI_Handler
    startup_stm32f103xb.o(RESET) refers to stm32f1xx_it.o(i.HardFault_Handler) for HardFault_Handler
    startup_stm32f103xb.o(RESET) refers to stm32f1xx_it.o(i.MemManage_Handler) for MemManage_Handler
    startup_stm32f103xb.o(RESET) refers to stm32f1xx_it.o(i.BusFault_Handler) for BusFault_Handler
    startup_stm32f103xb.o(RESET) refers to stm32f1xx_it.o(i.UsageFault_Handler) for UsageFault_Handler
    startup_stm32f103xb.o(RESET) refers to stm32f1xx_it.o(i.SVC_Handler) for SVC_Handler
    startup_stm32f103xb.o(RESET) refers to stm32f1xx_it.o(i.DebugMon_Handler) for DebugMon_Handler
    startup_stm32f103xb.o(RESET) refers to stm32f1xx_it.o(i.PendSV_Handler) for PendSV_Handler
    startup_stm32f103xb.o(RESET) refers to stm32f1xx_it.o(i.SysTick_Handler) for SysTick_Handler
    startup_stm32f103xb.o(RESET) refers to stm32f1xx_it.o(i.TIM1_UP_IRQHandler) for TIM1_UP_IRQHandler
    startup_stm32f103xb.o(RESET) refers to stm32f1xx_it.o(i.SPI1_IRQHandler) for SPI1_IRQHandler
    startup_stm32f103xb.o(RESET) refers to stm32f1xx_it.o(i.USART1_IRQHandler) for USART1_IRQHandler
    startup_stm32f103xb.o(RESET) refers to stm32f1xx_it.o(i.USART2_IRQHandler) for USART2_IRQHandler
    startup_stm32f103xb.o(RESET) refers to stm32f1xx_it.o(i.EXTI15_10_IRQHandler) for EXTI15_10_IRQHandler
    startup_stm32f103xb.o(.text) refers to system_stm32f1xx.o(i.SystemInit) for SystemInit
    startup_stm32f103xb.o(.text) refers to entry.o(.ARM.Collect$$$$00000000) for __main
    delay.o(i.SysDelay_Xms) refers to delay.o(i.delay_us) for delay_us
    delay.o(i.delay_init) refers to delay.o(.data) for .data
    delay.o(i.delay_us) refers to delay.o(.data) for .data
    user_call_back.o(i.HAL_GPIO_EXTI_Callback) refers to wireless_app.o(i.Si4438_Interrupt_Handler) for Si4438_Interrupt_Handler
    user_call_back.o(i.HAL_GPIO_EXTI_Callback) refers to wireless_app.o(.bss) for Wireless_Buf
    user_call_back.o(i.HAL_TIM_PeriodElapsedCallback) refers to frame_process.o(i.SysTick_Handle) for SysTick_Handle
    user_call_back.o(i.HAL_TIM_PeriodElapsedCallback) refers to main.o(.bss) for htim1
    user_call_back.o(i.HAL_TIM_PeriodElapsedCallback) refers to user_call_back.o(.data) for .data
    user_call_back.o(i.HAL_UART_RxCpltCallback) refers to uart.o(i.UpUart_RX_INT_Process) for UpUart_RX_INT_Process
    user_call_back.o(i.HAL_UART_RxCpltCallback) refers to user_call_back.o(.data) for .data
    user_call_back.o(i.HAL_UART_RxCpltCallback) refers to main.o(.data) for uart2_rec
    user_call_back.o(i.HAL_UART_RxCpltCallback) refers to user_call_back.o(.bss) for .bss
    user_call_back.o(i.HAL_UART_RxCpltCallback) refers to stm32f0_usart.o(.bss) for UpCom_RxBuf
    main.o(i.Aes_Key_Read) refers to stm32f0_eeprom.o(i.Eeprom_Read) for Eeprom_Read
    main.o(i.Aes_Key_Read) refers to memseta.o(.text) for __aeabi_memclr
    main.o(i.Aes_Key_Read) refers to aes.o(.bss) for aes_out
    main.o(i.Aes_Key_Read) refers to stm32f0_usart.o(.data) for Secret_GKey_Flag
    main.o(i.Get_WireLessChannel) refers to frame_process.o(.data) for LANGroup_Addr
    main.o(i.Get_WireLessChannel) refers to wireless_app.o(.constdata) for Channel_Frequency_Index
    main.o(i.Get_WireLessChannel) refers to wireless_drv.o(.data) for RF_RX_HOP_CONTROL_12
    main.o(i.LANGroup_AddrRead) refers to stm32f0_eeprom.o(i.Eeprom_Read) for Eeprom_Read
    main.o(i.LANGroup_AddrRead) refers to frame_process.o(.data) for LANGroup_Addr
    main.o(i.Led_Process) refers to led.o(i.LED_Clear) for LED_Clear
    main.o(i.Led_Process) refers to led.o(i.LED_SetALed) for LED_SetALed
    main.o(i.Led_Process) refers to led.o(i.Led_Mode1) for Led_Mode1
    main.o(i.Led_Process) refers to led.o(i.Led_Mode2) for Led_Mode2
    main.o(i.Led_Process) refers to led.o(i.Led_Mode3) for Led_Mode3
    main.o(i.Led_Process) refers to led.o(i.Led_Mode5) for Led_Mode5
    main.o(i.Led_Process) refers to led.o(i.Led_Mode4) for Led_Mode4
    main.o(i.MX_GPIO_Init) refers to stm32f1xx_hal_gpio.o(i.HAL_GPIO_WritePin) for HAL_GPIO_WritePin
    main.o(i.MX_GPIO_Init) refers to stm32f1xx_hal_gpio.o(i.HAL_GPIO_Init) for HAL_GPIO_Init
    main.o(i.MX_GPIO_Init) refers to stm32f1xx_hal_cortex.o(i.HAL_NVIC_SetPriority) for HAL_NVIC_SetPriority
    main.o(i.MX_GPIO_Init) refers to stm32f1xx_hal_cortex.o(i.HAL_NVIC_EnableIRQ) for HAL_NVIC_EnableIRQ
    main.o(i.MX_SPI1_Init) refers to stm32f1xx_hal_spi_ex.o(i.HAL_SPI_Init) for HAL_SPI_Init
    main.o(i.MX_SPI1_Init) refers to main.o(.bss) for .bss
[...]
    i.I2c_Init                               0x08001dec   Section        0  sn3218a_i2c.o(i.I2c_Init)
    i.LANGroup_AddrRead                      0x08001df0   Section        0  main.o(i.LANGroup_AddrRead)
    i.LED_Clear                              0x08001e18   Section        0  led.o(i.LED_Clear)
    i.LED_SetALed                            0x08001e30   Section        0  led.o(i.LED_SetALed)
    i.LED_SetDuty                            0x08001e90   Section        0  led.o(i.LED_SetDuty)
    i.LargeNumber_Comp                       0x08001f60   Section        0  rsa.o(i.LargeNumber_Comp)
    i.LargeNumber_Modulo                     0x08001f8a   Section        0  rsa.o(i.LargeNumber_Modulo)
    i.LargeNumber_MoveHigh_1bit              0x08001fd0   Section        0  rsa.o(i.LargeNumber_MoveHigh_1bit)
    i.LargeNumber_Mul                        0x08001fe6   Section        0  rsa.o(i.LargeNumber_Mul)
    i.LargeNumber_Mul_Mod                    0x08002034   Section        0  rsa.o(i.LargeNumber_Mul_Mod)
    i.LargeNumber_Power_Mod                  0x080020a0   Section        0  rsa.o(i.LargeNumber_Power_Mod)
    i.LargeNumber_SameMod                    0x0800219c   Section        0  rsa.o(i.LargeNumber_SameMod)
    i.LargeNumber_Size                       0x08002204   Section        0  rsa.o(i.LargeNumber_Size)
    i.Led4_Set                               0x08002220   Section        0  led.o(i.Led4_Set)
    i.Led_Breathe                            0x08002258   Section        0  led.o(i.Led_Breathe)
    i.Led_Control_Process                    0x080022f0   Section        0  frame_process.o(i.Led_Control_Process)
    i.Led_Mode1                              0x08002362   Section        0  led.o(i.Led_Mode1)
    i.Led_Mode2                              0x08002368   Section        0  led.o(i.Led_Mode2)
    i.Led_Mode3                              0x0800236e   Section        0  led.o(i.Led_Mode3)
    i.Led_Mode4                              0x08002378   Section        0  led.o(i.Led_Mode4)
    i.Led_Mode5                              0x08002408   Section        0  led.o(i.Led_Mode5)
    i.Led_Process                            0x08002598   Section        0  main.o(i.Led_Process)
    i.Led_Water                              0x08002698   Section        0  led.o(i.Led_Water)
    i.Local_CmdFrame_Process                 0x080026fc   Section        0  frame_process.o(i.Local_CmdFrame_Process)
    i.MACRead_Process                        0x080028b4   Section        0  frame_process.o(i.MACRead_Process)
    i.MX_GPIO_Init                           0x080028f0   Section        0  main.o(i.MX_GPIO_Init)
    MX_GPIO_Init                             0x080028f1   Thumb Code   218  main.o(i.MX_GPIO_Init)
    i.MX_SPI1_Init                           0x080029e0   Section        0  main.o(i.MX_SPI1_Init)
    MX_SPI1_Init                             0x080029e1   Thumb Code    56  main.o(i.MX_SPI1_Init)
    i.MX_TIM1_Init                           0x08002a20   Section        0  main.o(i.MX_TIM1_Init)
    MX_TIM1_Init                             0x08002a21   Thumb Code    78  main.o(i.MX_TIM1_Init)
    i.MacAddr_Read                           0x08002a78   Section        0  main.o(i.MacAddr_Read)
    i.MacFrame_Process                       0x08002ad8   Section        0  main.o(i.MacFrame_Process)
    i.MemManage_Handler                      0x08002b60   Section        0  stm32f1xx_it.o(i.MemManage_Handler)
    i.NMI_Handler                            0x08002b62   Section        0  stm32f1xx_it.o(i.NMI_Handler)
    i.NVIC_SetPriority                       0x08002b64   Section        0  stm32f1xx_hal_cortex.o(i.NVIC_SetPriority)
    NVIC_SetPriority                         0x08002b65   Thumb Code    32  stm32f1xx_hal_cortex.o(i.NVIC_SetPriority)
    i.PendSV_Handler                         0x08002b84   Section        0  stm32f1xx_it.o(i.PendSV_Handler)
    i.PowerOn_Led                            0x08002b86   Section        0  main.o(i.PowerOn_Led)
    i.Rand_delay                             0x08002bac   Section        0  wireless_app.o(i.Rand_delay)
    i.Rcon                                   0x08002bd8   Section        0  aes.o(i.Rcon)
    i.Read_RxFifo                            0x08002c14   Section        0  wireless_drv.o(i.Read_RxFifo)
    i.RemoteDown_CmdFrame_Process            0x08002c60   Section        0  frame_process.o(i.RemoteDown_CmdFrame_Process)
    i.RemoteDown_EventFrame_Process          0x08002cb4   Section        0  frame_process.o(i.RemoteDown_EventFrame_Process)
    i.RemoteUp_CmdFrame_Process              0x08002d74   Section        0  frame_process.o(i.RemoteUp_CmdFrame_Process)
    i.Res_FifoInfo                           0x08002f10   Section        0  wireless_drv.o(i.Res_FifoInfo)
    i.Rsa_Decode                             0x08002f74   Section        0  frame_process.o(i.Rsa_Decode)
    i.RxData_Process                         0x08002fe8   Section        0  main.o(i.RxData_Process)
    i.SI4438_PWUP_Init                       0x080030b8   Section        0  wireless_drv.o(i.SI4438_PWUP_Init)
    i.SI4438_ReadCmdBuff                     0x08003160   Section        0  wireless_drv.o(i.SI4438_ReadCmdBuff)
    i.SN3218_Init                            0x080031e4   Section        0  led.o(i.SN3218_Init)
    i.SN3218_Led_Clear                       0x08003204   Section        0  led.o(i.SN3218_Led_Clear)
    i.SN3218_Off                             0x0800325c   Section        0  led.o(i.SN3218_Off)
    i.SN3218_On                              0x08003264   Section        0  led.o(i.SN3218_On)
    i.SN3218_Refresh                         0x0800328a   Section        0  led.o(i.SN3218_Refresh)
    i.SPI1_IRQHandler                        0x08003294   Section        0  stm32f1xx_it.o(i.SPI1_IRQHandler)
    i.SPI_CheckFlag_BSY                      0x080032a0   Section        0  stm32f1xx_hal_spi.o(i.SPI_CheckFlag_BSY)
    SPI_CheckFlag_BSY                        0x080032a1   Thumb Code    32  stm32f1xx_hal_spi.o(i.SPI_CheckFlag_BSY)
    i.SPI_DMAAbortOnError                    0x080032c0   Section        0  stm32f1xx_hal_spi.o(i.SPI_DMAAbortOnError)
    SPI_DMAAbortOnError                      0x080032c1   Thumb Code    16  stm32f1xx_hal_spi.o(i.SPI_DMAAbortOnError)
    i.SPI_RWbyte                             0x080032d0   Section        0  spi.o(i.SPI_RWbyte)
    i.SPI_WaitFlagStateUntilTimeout          0x080032f4   Section        0  stm32f1xx_hal_spi.o(i.SPI_WaitFlagStateUntilTimeout)
    SPI_WaitFlagStateUntilTimeout            0x080032f5   Thumb Code   150  stm32f1xx_hal_spi.o(i.SPI_WaitFlagStateUntilTimeout)
    i.STMFLASH_Read                          0x0800338c   Section        0  stmflash.o(i.STMFLASH_Read)
    i.STMFLASH_Write                         0x080033a8   Section        0  stmflash.o(i.STMFLASH_Write)
    i.STMFLASH_Write_NoCheck                 0x08003488   Section        0  stmflash.o(i.STMFLASH_Write_NoCheck)
    i.SVC_Handler                            0x080034b4   Section        0  stm32f1xx_it.o(i.SVC_Handler)
    i.SecretKey_Process                      0x080034b8   Section        0  frame_process.o(i.SecretKey_Process)
    i.Set_Property                           0x08003578   Section        0  wireless_drv.o(i.Set_Property)
    i.Si4438_Interrupt_Handler               0x080035bc   Section        0  wireless_app.o(i.Si4438_Interrupt_Handler)
    i.Si4438_Property_Init                   0x0800370c   Section        0  wireless_drv.o(i.Si4438_Property_Init)
    i.Si4438_Receive_Start                   0x08003868   Section        0  wireless_app.o(i.Si4438_Receive_Start)
    i.Si4438_Transmit_Start                  0x080038c0   Section        0  wireless_app.o(i.Si4438_Transmit_Start)
    i.Start_RX                               0x08003a48   Section        0  wireless_drv.o(i.Start_RX)
    i.Start_TX                               0x08003ab0   Section        0  wireless_drv.o(i.Start_TX)
    i.SysDelay_Xms                           0x08003b00   Section        0  delay.o(i.SysDelay_Xms)
    i.SysTick_Handle                         0x08003b1c   Section        0  frame_process.o(i.SysTick_Handle)
    i.SysTick_Handler                        0x08003bd0   Section        0  stm32f1xx_it.o(i.SysTick_Handler)
    i.SystemClock_Config                     0x08003bde   Section        0  main.o(i.SystemClock_Config)
    i.SystemInit                             0x08003c48   Section        0  system_stm32f1xx.o(i.SystemInit)
    i.System_8msTick_Process                 0x08003c90   Section        0  main.o(i.System_8msTick_Process)
    i.TIM1_UP_IRQHandler                     0x08003d74   Section        0  stm32f1xx_it.o(i.TIM1_UP_IRQHandler)
    i.TIM_Base_SetConfig                     0x08003d80   Section        0  stm32f1xx_hal_tim.o(i.TIM_Base_SetConfig)
    i.TIM_ETR_SetConfig                      0x08003dec   Section        0  stm32f1xx_hal_tim.o(i.TIM_ETR_SetConfig)
    TIM_ETR_SetConfig                        0x08003ded   Thumb Code    20  stm32f1xx_hal_tim.o(i.TIM_ETR_SetConfig)
    i.TIM_ITRx_SetConfig                     0x08003e00   Section        0  stm32f1xx_hal_tim.o(i.TIM_ITRx_SetConfig)
    TIM_ITRx_SetConfig                       0x08003e01   Thumb Code    16  stm32f1xx_hal_tim.o(i.TIM_ITRx_SetConfig)
    i.TIM_TI1_ConfigInputStage               0x08003e10   Section        0  stm32f1xx_hal_tim.o(i.TIM_TI1_ConfigInputStage)
    TIM_TI1_ConfigInputStage                 0x08003e11   Thumb Code    34  stm32f1xx_hal_tim.o(i.TIM_TI1_ConfigInputStage)
    i.TIM_TI2_ConfigInputStage               0x08003e32   Section        0  stm32f1xx_hal_tim.o(i.TIM_TI2_ConfigInputStage)
    TIM_TI2_ConfigInputStage                 0x08003e33   Thumb Code    36  stm32f1xx_hal_tim.o(i.TIM_TI2_ConfigInputStage)
    i.Touch1_Detect                          0x08003e58   Section        0  touch.o(i.Touch1_Detect)
    i.Touch2_Detect                          0x08003eec   Section        0  touch.o(i.Touch2_Detect)
    i.Touch3_Detect                          0x08003f40   Section        0  touch.o(i.Touch3_Detect)
    i.Touch4_Detect                          0x08003fcc   Section        0  touch.o(i.Touch4_Detect)
    i.Touch_Process                          0x08004020   Section        0  main.o(i.Touch_Process)
    i.UART_DMAAbortOnError                   0x08004052   Section        0  stm32f1xx_hal_uart.o(i.UART_DMAAbortOnError)
    UART_DMAAbortOnError                     0x08004053   Thumb Code    16  stm32f1xx_hal_uart.o(i.UART_DMAAbortOnError)
    i.UART_EndRxTransfer                     0x08004062   Section        0  stm32f1xx_hal_uart.o(i.UART_EndRxTransfer)
    UART_EndRxTransfer                       0x08004063   Thumb Code    28  stm32f1xx_hal_uart.o(i.UART_EndRxTransfer)
    i.UART_Receive_IT                        0x0800407e   Section        0  stm32f1xx_hal_uart.o(i.UART_Receive_IT)
    UART_Receive_IT                          0x0800407f   Thumb Code   150  stm32f1xx_hal_uart.o(i.UART_Receive_IT)
    i.UART_SetConfig                         0x08004114   Section        0  stm32f1xx_hal_uart.o(i.UART_SetConfig)
    UART_SetConfig                           0x08004115   Thumb Code   364  stm32f1xx_hal_uart.o(i.UART_SetConfig)
    i.UART_Transmit_IT                       0x08004284   Section        0  stm32f1xx_hal_uart.o(i.UART_Transmit_IT)
    UART_Transmit_IT                         0x08004285   Thumb Code    98  stm32f1xx_hal_uart.o(i.UART_Transmit_IT)
    i.USART1_IRQHandler                      0x080042e8   Section        0  stm32f1xx_it.o(i.USART1_IRQHandler)
    i.USART2_IRQHandler                      0x08004318   Section        0  stm32f1xx_it.o(i.USART2_IRQHandler)
    i.UartSendBytes                          0x08004348   Section        0  uart.o(i.UartSendBytes)
    i.UartSendData                           0x08004366   Section        0  uart.o(i.UartSendData)
    i.UpCom_Process                          0x08004370   Section        0  main.o(i.UpCom_Process)
    i.UpReport_Process                       0x080043dc   Section        0  frame_process.o(i.UpReport_Process)
    i.UpReport_Start                         0x08004474   Section        0  frame_process.o(i.UpReport_Start)
    i.UpUart_DataTx                          0x080044c4   Section        0  stm32f0_usart.o(i.UpUart_DataTx)
    i.UpUart_RX_INT_Process                  0x080044d8   Section        0  uart.o(i.UpUart_RX_INT_Process)
    i.UsageFault_Handler                     0x08004628   Section        0  stm32f1xx_it.o(i.UsageFault_Handler)
    i.WireLess_Process                       0x0800462c   Section        0  main.o(i.WireLess_Process)
    i.Wireless_Init                          0x0800482c   Section        0  wireless_app.o(i.Wireless_Init)
    i.Write_SN3218                           0x08004868   Section        0  led.o(i.Write_SN3218)
    i.Write_TXfifo                           0x0800488c   Section        0  wireless_drv.o(i.Write_TXfifo)
    i.__scatterload_copy                     0x080048d8   Section       14  handlers.o(i.__scatterload_copy)
    i.__scatterload_null                     0x080048e6   Section        2  handlers.o(i.__scatterload_null)
    i.__scatterload_zeroinit                 0x080048e8   Section       14  handlers.o(i.__scatterload_zeroinit)
    i.add_round_key                          0x080048f8   Section        0  aes.o(i.add_round_key)
    i.cipher                                 0x08004934   Section        0  aes.o(i.cipher)
    i.code16_74bit                           0x080049c6   Section        0  74.o(i.code16_74bit)
    i.code74                                 0x080049dc   Section        0  74.o(i.code74)
    code74                                   0x080049dd   Thumb Code    64  74.o(i.code74)
    i.coef_add                               0x08004a1c   Section        0  aes.o(i.coef_add)
    i.coef_mult                              0x08004a40   Section        0  aes.o(i.coef_mult)
    i.decode16_74bit                         0x08004af2   Section        0  74.o(i.decode16_74bit)
    i.decode74                               0x08004b0c   Section        0  74.o(i.decode74)
    decode74                                 0x08004b0d   Thumb Code   106  74.o(i.decode74)
    i.delay_init                             0x08004b78   Section        0  delay.o(i.delay_init)
    i.delay_us                               0x08004b84   Section        0  delay.o(i.delay_us)
    i.gmult                                  0x08004bb8   Section        0  aes.o(i.gmult)
    i.inv_cipher                             0x08004be4   Section        0  aes.o(i.inv_cipher)
    i.inv_mix_columns                        0x08004c78   Section        0  aes.o(i.inv_mix_columns)
    i.inv_shift_rows                         0x08004cc8   Section        0  aes.o(i.inv_shift_rows)
    i.inv_sub_bytes                          0x08004d04   Section        0  aes.o(i.inv_sub_bytes)
    i.key_expansion                          0x08004d38   Section        0  aes.o(i.key_expansion)
    i.main                                   0x08004de4   Section        0  main.o(i.main)
    i.mix_columns                            0x08004f04   Section        0  aes.o(i.mix_columns)
    i.rot_word                               0x08004f54   Section        0  aes.o(i.rot_word)
    i.shift_rows                             0x08004f6c   Section        0  aes.o(i.shift_rows)
    i.sub_bytes                              0x08004fa8   Section        0  aes.o(i.sub_bytes)
    i.sub_word                               0x08004fdc   Section        0  aes.o(i.sub_word)
    .constdata                               0x08004ffc   Section       16  system_stm32f1xx.o(.constdata)
    .constdata                               0x0800500c   Section        8  system_stm32f1xx.o(.constdata)
    .constdata                               0x08005014   Section      138  wireless_app.o(.constdata)
    Frequency_Channel_Index                  0x08005056   Data          72  wireless_app.o(.constdata)
    .constdata                               0x0800509e   Section      347  wireless_drv.o(.constdata)
    .constdata                               0x080051f9   Section      512  aes.o(.constdata)
    s_box                                    0x080051f9   Data         256  aes.o(.constdata)
    inv_s_box                                0x080052f9   Data         256  aes.o(.constdata)
    .constdata                               0x080053fa   Section      544  crc16.o(.constdata)
    .constdata                               0x0800561a   Section       60  frame_process.o(.constdata)
    .constdata                               0x08005656   Section      256  led.o(.constdata)
    .data                                    0x20000000   Section        4  delay.o(.data)
    fac_us                                   0x20000000   Data           4  delay.o(.data)
    .data                                    0x20000004   Section       12  user_call_back.o(.data)
    .data                                    0x20000010   Section        1  user_call_back.o(.data)
    .data                                    0x20000011   Section        3  main.o(.data)
    Wireless_ErrCnt                          0x20000011   Data           1  main.o(.data)
    .data                                    0x20000014   Section       12  stm32f1xx_hal.o(.data)
    .data                                    0x20000020   Section        4  system_stm32f1xx.o(.data)
    .data                                    0x20000024   Section        1  spi.o(.data)
    .data                                    0x20000025   Section        1  uart.o(.data)
    Len_Cnt                                  0x20000025   Data           1  uart.o(.data)
    .data                                    0x20000026   Section        8  wireless_app.o(.data)
    TRANSMIT_REMAIN                          0x20000026   Data           1  wireless_app.o(.data)
    TRANSMIT_TIMES                           0x20000027   Data           1  wireless_app.o(.data)
    RECEIVE_TIMES                            0x20000028   Data           1  wireless_app.o(.data)
    RECEIVE_REMAIN                           0x20000029   Data           1  wireless_app.o(.data)
    .data                                    0x2000002e   Section        2  wireless_app.o(.data)
    .data                                    0x20000030   Section       58  wireless_drv.o(.data)
    tocnt                                    0x20000030   Data           2  wireless_drv.o(.data)
    .data                                    0x2000006a   Section        1  stm32f0_usart.o(.data)
    .data                                    0x2000006b   Section        1  stm32f0_usart.o(.data)
    .data                                    0x2000006c   Section        4  aes.o(.data)
    .data                                    0x20000070   Section       12  frame_process.o(.data)
    time_cnt                                 0x20000070   Data           2  frame_process.o(.data)
    .data                                    0x2000007c   Section        7  led.o(.data)
    Breathe_Cnt                              0x2000007c   Data           1  led.o(.data)
    Breathe_State                            0x2000007d   Data           1  led.o(.data)
    Breathe_Gap_Cnt                          0x2000007e   Data           1  led.o(.data)
    Water_Gap_Cnt                            0x2000007f   Data           1  led.o(.data)
    Water_Number                             0x20000080   Data           1  led.o(.data)
    MiddleLed_BreatheCnt                     0x20000081   Data           1  led.o(.data)
    MiddleLed_Gap_Cnt                        0x20000082   Data           1  led.o(.data)
    .data                                    0x20000083   Section        1  rsa.o(.data)
    .data                                    0x20000084   Section       14  touch.o(.data)
    Touch1_LastState                         0x20000084   Data           1  touch.o(.data)
    Touch1Dis_Flag                           0x20000085   Data           1  touch.o(.data)
    Touch1_FilterCnt                         0x20000086   Data           1  touch.o(.data)
    Touch2_LastState                         0x20000087   Data           1  touch.o(.data)
    Touch2_FilterCnt                         0x20000088   Data           1  touch.o(.data)
    Touch3_LastState                         0x20000089   Data           1  touch.o(.data)
    Touch3Dis_Flag                           0x2000008a   Data           1  touch.o(.data)
    Touch3_FilterCnt                         0x2000008b   Data           1  touch.o(.data)
    Touch4_LastState                         0x2000008c   Data           1  touch.o(.data)
    Touch4_FilterCnt                         0x2000008d   Data           1  touch.o(.data)
    Touch1_Cnt                               0x2000008e   Data           2  touch.o(.data)
    Touch3_Cnt                               0x20000090   Data           2  touch.o(.data)
    .data                                    0x20000094   Section        4  rand.o(.data)
    _rand_state                              0x20000094   Data           4  rand.o(.data)
    .bss                                     0x20000098   Section      400  user_call_back.o(.bss)
    .bss                                     0x20000228   Section      280  main.o(.bss)
    .bss                                     0x20000340   Section       32  stm32f1xx_hal_flash.o(.bss)
    .bss                                     0x20000360   Section      774  wireless_app.o(.bss)
    .bss                                     0x20000666   Section       10  wireless_drv.o(.bss)
    .bss                                     0x20000670   Section     1024  stmflash.o(.bss)
    .bss                                     0x20000a70   Section      258  stm32f0_usart.o(.bss)
    .bss                                     0x20000b72   Section      259  stm32f0_usart.o(.bss)
    .bss                                     0x20000c75   Section      176  aes.o(.bss)
    .bss                                     0x20000d25   Section       16  aes.o(.bss)
    .bss                                     0x20000d35   Section       54  aes.o(.bss)
    .bss                                     0x20000d6c   Section       16  frame_process.o(.bss)
    .bss                                     0x20000d7c   Section     2372  frame_process.o(.bss)
    .bss                                     0x200016c0   Section       13  frame_process.o(.bss)
    STACK                                    0x200016d0   Section     1024  startup_stm32f103xb.o(STACK)

    Global Symbols

    Symbol Name                              Value     Ov Type        Size  Object(Section)

    BuildAttributes$$THM_ISAv4$P$D$K$B$S$PE$A:L22UL41UL21$X:L11$S22US41US21$IEEE1$IW$USESV6$~STKCKD$USESV7$~SHL$OSPACE$EBA8$MICROLIB$REQ8$PRES8$EABIv2 0x00000000   Number         0  anon$$obj.o ABSOLUTE
    __ARM_use_no_argv                        0x00000000   Number         0  main.o ABSOLUTE
    __cpp_initialize__aeabi_                  - Undefined Weak Reference
    __cxa_finalize                            - Undefined Weak Reference
    __decompress                              - Undefined Weak Reference
    _clock_init                               - Undefined Weak Reference
    _microlib_exit                            - Undefined Weak Reference
    __Vectors_Size                           0x000000ec   Number         0  startup_stm32f103xb.o ABSOLUTE
    __Vectors                                0x08000000   Data           4  startup_stm32f103xb.o(RESET)
    __Vectors_End                            0x080000ec   Data           0  startup_stm32f103xb.o(RESET)
    __main                                   0x080000ed   Thumb Code     0  entry.o(.ARM.Collect$$$$00000000)
    _main_stk                                0x080000ed   Thumb Code     0  entry2.o(.ARM.Collect$$$$00000001)
    _main_scatterload                        0x080000f1   Thumb Code     0  entry5.o(.ARM.Collect$$$$00000004)
    __main_after_scatterload                 0x080000f5   Thumb Code     0  entry5.o(.ARM.Collect$$$$00000004)
    _main_clock                              0x080000f5   Thumb Code     0  entry7b.o(.ARM.Collect$$$$00000008)
    _main_cpp_init                           0x080000f5   Thumb Code     0  entry8b.o(.ARM.Collect$$$$0000000A)
    _main_init                               0x080000f5   Thumb Code     0  entry9a.o(.ARM.Collect$$$$0000000B)
    __rt_final_cpp                           0x080000fd   Thumb Code     0  entry10a.o(.ARM.Collect$$$$0000000D)
    __rt_final_exit                          0x080000fd   Thumb Code     0  entry11a.o(.ARM.Collect$$$$0000000F)
    Reset_Handler                            0x08000101   Thumb Code     8  startup_stm32f103xb.o(.text)
    ADC1_2_IRQHandler                        0x0800011b   Thumb Code     0  startup_stm32f103xb.o(.text)
    CAN1_RX1_IRQHandler                      0x0800011b   Thumb Code     0  startup_stm32f103xb.o(.text)
    CAN1_SCE_IRQHandler                      0x0800011b   Thumb Code     0  startup_stm32f103xb.o(.text)
    DMA1_Channel1_IRQHandler                 0x0800011b   Thumb Code     0  startup_stm32f103xb.o(.text)
    DMA1_Channel2_IRQHandler                 0x0800011b   Thumb Code     0  startup_stm32f103xb.o(.text)
    DMA1_Channel3_IRQHandler                 0x0800011b   Thumb Code     0  startup_stm32f103xb.o(.text)
    DMA1_Channel4_IRQHandler                 0x0800011b   Thumb Code     0  startup_stm32f103xb.o(.text)
    DMA1_Channel5_IRQHandler                 0x0800011b   Thumb Code     0  startup_stm32f103xb.o(.text)
    DMA1_Channel6_IRQHandler                 0x0800011b   Thumb Code     0  startup_stm32f103xb.o(.text)
    DMA1_Channel7_IRQHandler                 0x0800011b   Thumb Code     0  startup_stm32f103xb.o(.text)
    EXTI0_IRQHandler                         0x0800011b   Thumb Code     0  startup_stm32f103xb.o(.text)
    EXTI1_IRQHandler                         0x0800011b   Thumb Code     0  startup_stm32f103xb.o(.text)
    EXTI2_IRQHandler                         0x0800011b   Thumb Code     0  startup_stm32f103xb.o(.text)
    EXTI3_IRQHandler                         0x0800011b   Thumb Code     0  startup_stm32f103xb.o(.text)
    EXTI4_IRQHandler                         0x0800011b   Thumb Code     0  startup_stm32f103xb.o(.text)
    EXTI9_5_IRQHandler                       0x0800011b   Thumb Code     0  startup_stm32f103xb.o(.text)
    FLASH_IRQHandler                         0x0800011b   Thumb Code     0  startup_stm32f103xb.o(.text)
    I2C1_ER_IRQHandler                       0x0800011b   Thumb Code     0  startup_stm32f103xb.o(.text)
    I2C1_EV_IRQHandler                       0x0800011b   Thumb Code     0  startup_stm32f103xb.o(.text)
    I2C2_ER_IRQHandler                       0x0800011b   Thumb Code     0  startup_stm32f103xb.o(.text)
    I2C2_EV_IRQHandler                       0x0800011b   Thumb Code     0  startup_stm32f103xb.o(.text)
    PVD_IRQHandler                           0x0800011b   Thumb Code     0  startup_stm32f103xb.o(.text)
    RCC_IRQHandler                           0x0800011b   Thumb Code     0  startup_stm32f103xb.o(.text)
    RTC_Alarm_IRQHandler                     0x0800011b   Thumb Code     0  startup_stm32f103xb.o(.text)
    RTC_IRQHandler                           0x0800011b   Thumb Code     0  startup_stm32f103xb.o(.text)
    SPI2_IRQHandler                          0x0800011b   Thumb Code     0  startup_stm32f103xb.o(.text)
    TAMPER_IRQHandler                        0x0800011b   Thumb Code     0  startup_stm32f103xb.o(.text)
    TIM1_BRK_IRQHandler                      0x0800011b   Thumb Code     0  startup_stm32f103xb.o(.text)
    TIM1_CC_IRQHandler                       0x0800011b   Thumb Code     0  startup_stm32f103xb.o(.text)
    TIM1_TRG_COM_IRQHandler                  0x0800011b   Thumb Code     0  startup_stm32f103xb.o(.text)
    TIM2_IRQHandler                          0x0800011b   Thumb Code     0  startup_stm32f103xb.o(.text)
    TIM3_IRQHandler                          0x0800011b   Thumb Code     0  startup_stm32f103xb.o(.text)
    TIM4_IRQHandler                          0x0800011b   Thumb Code     0  startup_stm32f103xb.o(.text)
    USART3_IRQHandler                        0x0800011b   Thumb Code     0  startup_stm32f103xb.o(.text)
    USBWakeUp_IRQHandler                     0x0800011b   Thumb Code     0  startup_stm32f103xb.o(.text)
    USB_HP_CAN1_TX_IRQHandler                0x0800011b   Thumb Code     0  startup_stm32f103xb.o(.text)
    USB_LP_CAN1_RX0_IRQHandler               0x0800011b   Thumb Code     0  startup_stm32f103xb.o(.text)
    WWDG_IRQHandler                          0x0800011b   Thumb Code     0  startup_stm32f103xb.o(.text)
    __aeabi_llsr                             0x08000125   Thumb Code    32  llushr.o(.text)
    _ll_ushift_r                             0x08000125   Thumb Code     0  llushr.o(.text)
    rand                                     0x08000145   Thumb Code    20  rand.o(.text)
    srand                                    0x08000159   Thumb Code     6  rand.o(.text)
    ___aeabi_memcpy$move                     0x08000169   Thumb Code    64  memmovea.o(.text)
    ___aeabi_memcpy4$move                    0x08000169   Thumb Code     0  memmovea.o(.text)
    ___aeabi_memcpy8$move                    0x08000169   Thumb Code     0  memmovea.o(.text)
    __aeabi_memmove                          0x08000169   Thumb Code     0  memmovea.o(.text)
    __aeabi_memmove4                         0x08000169   Thumb Code     0  memmovea.o(.text)
    __aeabi_memmove8                         0x08000169   Thumb Code     0  memmovea.o(.text)
    __aeabi_memset                           0x080001a9   Thumb Code    14  memseta.o(.text)
    __aeabi_memset4                          0x080001a9   Thumb Code     0  memseta.o(.text)
    __aeabi_memset8                          0x080001a9   Thumb Code     0  memseta.o(.text)
    __aeabi_memclr                           0x080001b7   Thumb Code     4  memseta.o(.text)
    __aeabi_memclr4                          0x080001b7   Thumb Code     0  memseta.o(.text)
    __aeabi_memclr8                          0x080001b7   Thumb Code     0  memseta.o(.text)
    _memset$wrapper                          0x080001bb   Thumb Code    18  memseta.o(.text)
    memcmp                                   0x080001cd   Thumb Code    26  memcmp.o(.text)
    __scatterload                            0x080001e9   Thumb Code    28  init.o(.text)
    __scatterload_rt2                        0x080001e9   Thumb Code     0  init.o(.text)
    Aes_Key_Read                             0x0800020d   Thumb Code    32  main.o(i.Aes_Key_Read)
    BusFault_Handler                         0x08000239   Thumb Code     2  stm32f1xx_it.o(i.BusFault_Handler)
    CRC16_2                                  0x0800023d   Thumb Code    62  crc16.o(i.CRC16_2)
    Change_State                             0x08000281   Thumb Code    52  wireless_drv.o(i.Change_State)
    Clear_EventFrame_Process                 0x080002b9   Thumb Code    86  frame_process.o(i.Clear_EventFrame_Process)
    DebugMon_Handler                         0x0800030f   Thumb Code     2  stm32f1xx_it.o(i.DebugMon_Handler)
    EXTI15_10_IRQHandler                     0x08000311   Thumb Code     8  stm32f1xx_it.o(i.EXTI15_10_IRQHandler)
    Eeprom_ErasePage                         0x08000319   Thumb Code     2  stm32f0_eeprom.o(i.Eeprom_ErasePage)
    Eeprom_Read                              0x0800031b   Thumb Code    10  stm32f0_eeprom.o(i.Eeprom_Read)
    Eeprom_Write                             0x08000325   Thumb Code    10  stm32f0_eeprom.o(i.Eeprom_Write)
    Encrypt_Convert                          0x08000331   Thumb Code   238  frame_process.o(i.Encrypt_Convert)
    FLASH_PageErase                          0x0800042d   Thumb Code    28  stm32f1xx_hal_flash_ex.o(i.FLASH_PageErase)
    FLASH_WaitForLastOperation               0x080004c9   Thumb Code    80  stm32f1xx_hal_flash.o(i.FLASH_WaitForLastOperation)
    FrameData_Detect                         0x0800051d   Thumb Code    58  frame_process.o(i.FrameData_Detect)
    Frame_Check                              0x08000557   Thumb Code    40  frame_process.o(i.Frame_Check)
    Frame_Compose                            0x0800057f   Thumb Code    54  frame_process.o(i.Frame_Compose)
    Frame_Process                            0x080005b5   Thumb Code    80  frame_process.o(i.Frame_Process)
    GPIO_PIN_CFG                             0x08000605   Thumb Code    58  wireless_drv.o(i.GPIO_PIN_CFG)
    Get_INTState                             0x08000645   Thumb Code   106  wireless_drv.o(i.Get_INTState)
    Get_ModemStatus                          0x080006b5   Thumb Code   132  wireless_drv.o(i.Get_ModemStatus)
    Get_PartInfo                             0x08000741   Thumb Code   138  wireless_drv.o(i.Get_PartInfo)
    Get_WireLessChannel                      0x080007d5   Thumb Code    62  main.o(i.Get_WireLessChannel)
    HAL_DMA_Abort_IT                         0x08000821   Thumb Code   148  stm32f1xx_hal_dma.o(i.HAL_DMA_Abort_IT)
    HAL_FLASH_Lock                           0x080008b9   Thumb Code    14  stm32f1xx_hal_flash.o(i.HAL_FLASH_Lock)
    HAL_FLASH_Program                        0x080008cd   Thumb Code   120  stm32f1xx_hal_flash.o(i.HAL_FLASH_Program)
    HAL_FLASH_Unlock                         0x0800094d   Thumb Code    28  stm32f1xx_hal_flash.o(i.HAL_FLASH_Unlock)
    HAL_GPIO_EXTI_Callback                   0x08000975   Thumb Code    14  user_call_back.o(i.HAL_GPIO_EXTI_Callback)
    HAL_GPIO_EXTI_IRQHandler                 0x08000989   Thumb Code    18  stm32f1xx_hal_gpio.o(i.HAL_GPIO_EXTI_IRQHandler)
    HAL_GPIO_Init                            0x080009a1   Thumb Code   408  stm32f1xx_hal_gpio.o(i.HAL_GPIO_Init)
    HAL_GPIO_ReadPin                         0x08000b5d   Thumb Code    10  stm32f1xx_hal_gpio.o(i.HAL_GPIO_ReadPin)
    HAL_GPIO_TogglePin                       0x08000b67   Thumb Code     8  stm32f1xx_hal_gpio.o(i.HAL_GPIO_TogglePin)
    HAL_GPIO_WritePin                        0x08000b6f   Thumb Code    10  stm32f1xx_hal_gpio.o(i.HAL_GPIO_WritePin)
    HAL_GetTick                              0x08000b79   Thumb Code     6  stm32f1xx_hal.o(i.HAL_GetTick)
    HAL_IncTick                              0x08000b85   Thumb Code    12  stm32f1xx_hal.o(i.HAL_IncTick)
    HAL_Init                                 0x08000b95   Thumb Code    32  stm32f1xx_hal.o(i.HAL_Init)
    HAL_InitTick                             0x08000bb9   Thumb Code    54  stm32f1xx_hal.o(i.HAL_InitTick)
    HAL_MspInit                              0x08000bf9   Thumb Code   134  stm32f1xx_hal_msp.o(i.HAL_MspInit)
    HAL_NVIC_EnableIRQ                       0x08000c89   Thumb Code    22  stm32f1xx_hal_cortex.o(i.HAL_NVIC_EnableIRQ)
    HAL_NVIC_SetPriority                     0x08000ca1   Thumb Code    60  stm32f1xx_hal_cortex.o(i.HAL_NVIC_SetPriority)
    HAL_NVIC_SetPriorityGrouping             0x08000ce1   Thumb Code    26  stm32f1xx_hal_cortex.o(i.HAL_NVIC_SetPriorityGrouping)
    HAL_RCC_ClockConfig                      0x08000d05   Thumb Code   322  stm32f1xx_hal_rcc.o(i.HAL_RCC_ClockConfig)
    HAL_RCC_GetHCLKFreq                      0x08000e59   Thumb Code     6  stm32f1xx_hal_rcc.o(i.HAL_RCC_GetHCLKFreq)
    HAL_RCC_GetPCLK1Freq                     0x08000e65   Thumb Code    20  stm32f1xx_hal_rcc.o(i.HAL_RCC_GetPCLK1Freq)
    HAL_RCC_GetPCLK2Freq                     0x08000e85   Thumb Code    20  stm32f1xx_hal_rcc.o(i.HAL_RCC_GetPCLK2Freq)
    HAL_RCC_GetSysClockFreq                  0x08000ea5   Thumb Code    74  stm32f1xx_hal_rcc.o(i.HAL_RCC_GetSysClockFreq)
    HAL_RCC_OscConfig                        0x08000f11   Thumb Code   750  stm32f1xx_hal_rcc.o(i.HAL_RCC_OscConfig)
    HAL_SPI_ErrorCallback                    0x08001215   Thumb Code     2  stm32f1xx_hal_spi.o(i.HAL_SPI_ErrorCallback)
    HAL_SPI_IRQHandler                       0x08001219   Thumb Code   190  stm32f1xx_hal_spi.o(i.HAL_SPI_IRQHandler)
    HAL_SPI_Init                             0x080012dd   Thumb Code   130  stm32f1xx_hal_spi_ex.o(i.HAL_SPI_Init)
    HAL_SPI_MspInit                          0x08001361   Thumb Code   104  stm32f1xx_hal_msp.o(i.HAL_SPI_MspInit)
    HAL_SPI_TransmitReceive                  0x080013d9   Thumb Code   472  stm32f1xx_hal_spi.o(i.HAL_SPI_TransmitReceive)
    HAL_SYSTICK_CLKSourceConfig              0x080015b1   Thumb Code    24  stm32f1xx_hal_cortex.o(i.HAL_SYSTICK_CLKSourceConfig)
    HAL_SYSTICK_Callback                     0x080015c9   Thumb Code     2  user_call_back.o(i.HAL_SYSTICK_Callback)
    HAL_SYSTICK_Config                       0x080015cb   Thumb Code    40  stm32f1xx_hal_cortex.o(i.HAL_SYSTICK_Config)
    HAL_SYSTICK_IRQHandler                   0x080015f3   Thumb Code     8  stm32f1xx_hal_cortex.o(i.HAL_SYSTICK_IRQHandler)
    HAL_TIMEx_BreakCallback                  0x080015fb   Thumb Code     2  stm32f1xx_hal_tim_ex.o(i.HAL_TIMEx_BreakCallback)
    HAL_TIMEx_CommutationCallback            0x080015fd   Thumb Code     2  stm32f1xx_hal_tim_ex.o(i.HAL_TIMEx_CommutationCallback)
    HAL_TIMEx_MasterConfigSynchronization    0x080015ff   Thumb Code    80  stm32f1xx_hal_tim_ex.o(i.HAL_TIMEx_MasterConfigSynchronization)
    HAL_TIM_Base_Init                        0x0800164f   Thumb Code    54  stm32f1xx_hal_tim.o(i.HAL_TIM_Base_Init)
    HAL_TIM_Base_MspInit                     0x08001685   Thumb Code    50  stm32f1xx_hal_msp.o(i.HAL_TIM_Base_MspInit)
    HAL_TIM_Base_Start_IT                    0x080016c1   Thumb Code    24  stm32f1xx_hal_tim.o(i.HAL_TIM_Base_Start_IT)
    HAL_TIM_ConfigClockSource                0x080016d9   Thumb Code   242  stm32f1xx_hal_tim.o(i.HAL_TIM_ConfigClockSource)
    HAL_TIM_IC_CaptureCallback               0x080017cb   Thumb Code     2  stm32f1xx_hal_tim.o(i.HAL_TIM_IC_CaptureCallback)
    HAL_TIM_IRQHandler                       0x080017cd   Thumb Code   358  stm32f1xx_hal_tim.o(i.HAL_TIM_IRQHandler)
    HAL_TIM_OC_DelayElapsedCallback          0x08001933   Thumb Code     2  stm32f1xx_hal_tim.o(i.HAL_TIM_OC_DelayElapsedCallback)
    HAL_TIM_PWM_PulseFinishedCallback        0x08001935   Thumb Code     2  stm32f1xx_hal_tim.o(i.HAL_TIM_PWM_PulseFinishedCallback)
    HAL_TIM_PeriodElapsedCallback            0x08001939   Thumb Code    50  user_call_back.o(i.HAL_TIM_PeriodElapsedCallback)
    HAL_TIM_TriggerCallback                  0x08001975   Thumb Code     2  stm32f1xx_hal_tim.o(i.HAL_TIM_TriggerCallback)
    HAL_UART_ErrorCallback                   0x08001977   Thumb Code     2  stm32f1xx_hal_uart.o(i.HAL_UART_ErrorCallback)
    HAL_UART_GetState                        0x08001979   Thumb Code    10  stm32f1xx_hal_uart.o(i.HAL_UART_GetState)
    HAL_UART_IRQHandler                      0x08001985   Thumb Code   266  stm32f1xx_hal_uart.o(i.HAL_UART_IRQHandler)
    HAL_UART_Init                            0x08001a95   Thumb Code    98  stm32f1xx_hal_uart.o(i.HAL_UART_Init)
    HAL_UART_MspInit                         0x08001af9   Thumb Code   158  stm32f1xx_hal_msp.o(i.HAL_UART_MspInit)
    HAL_UART_Receive_IT                      0x08001ba9   Thumb Code    82  stm32f1xx_hal_uart.o(i.HAL_UART_Receive_IT)
    HAL_UART_RxCpltCallback                  0x08001bfd   Thumb Code   148  user_call_back.o(i.HAL_UART_RxCpltCallback)
    HAL_UART_TxCpltCallback                  0x08001cad   Thumb Code     2  stm32f1xx_hal_uart.o(i.HAL_UART_TxCpltCallback)
    HardFault_Handler                        0x08001caf   Thumb Code     2  stm32f1xx_it.o(i.HardFault_Handler)
    I2C_Start                                0x08001cb1   Thumb Code    64  sn3218a_i2c.o(i.I2C_Start)
    I2C_Stop                                 0x08001cf5   Thumb Code    66  sn3218a_i2c.o(i.I2C_Stop)
    I2C_Write1Byte                           0x08001d3d   Thumb Code   170  sn3218a_i2c.o(i.I2C_Write1Byte)
    I2c_Init                                 0x08001ded   Thumb Code     2  sn3218a_i2c.o(i.I2c_Init)
    LANGroup_AddrRead                        0x08001df1   Thumb Code    32  main.o(i.LANGroup_AddrRead)
    LED_Clear                                0x08001e19   Thumb Code    22  led.o(i.LED_Clear)
    LED_SetALed                              0x08001e31   Thumb Code    94  led.o(i.LED_SetALed)
    LED_SetDuty                              0x08001e91   Thumb Code   202  led.o(i.LED_SetDuty)
    LargeNumber_Comp                         0x08001f61   Thumb Code    42  rsa.o(i.LargeNumber_Comp)
    LargeNumber_Modulo                       0x08001f8b   Thumb Code    70  rsa.o(i.LargeNumber_Modulo)
    LargeNumber_MoveHigh_1bit                0x08001fd1   Thumb Code    22  rsa.o(i.LargeNumber_MoveHigh_1bit)
    LargeNumber_Mul                          0x08001fe7   Thumb Code    76  rsa.o(i.LargeNumber_Mul)
    LargeNumber_Mul_Mod                      0x08002035   Thumb Code   108  rsa.o(i.LargeNumber_Mul_Mod)
    LargeNumber_Power_Mod                    0x080020a1   Thumb Code   246  rsa.o(i.LargeNumber_Power_Mod)
    LargeNumber_SameMod                      0x0800219d   Thumb Code   104  rsa.o(i.LargeNumber_SameMod)
    LargeNumber_Size                         0x08002205   Thumb Code    26  rsa.o(i.LargeNumber_Size)
    Led4_Set                                 0x08002221   Thumb Code    52  led.o(i.Led4_Set)
    Led_Breathe                              0x08002259   Thumb Code   142  led.o(i.Led_Breathe)
    Led_Control_Process                      0x080022f1   Thumb Code   114  frame_process.o(i.Led_Control_Process)
    Led_Mode1                                0x08002363   Thumb Code     6  led.o(i.Led_Mode1)
    Led_Mode2                                0x08002369   Thumb Code     6  led.o(i.Led_Mode2)
    Led_Mode3                                0x0800236f   Thumb Code     8  led.o(i.Led_Mode3)
    Led_Mode4                                0x08002379   Thumb Code   136  led.o(i.Led_Mode4)
    Led_Mode5                                0x08002409   Thumb Code   400  led.o(i.Led_Mode5)
    Led_Process                              0x08002599   Thumb Code   256  main.o(i.Led_Process)
    Led_Water                                0x08002699   Thumb Code    94  led.o(i.Led_Water)
    Local_CmdFrame_Process                   0x080026fd   Thumb Code   426  frame_process.o(i.Local_CmdFrame_Process)
    MACRead_Process                          0x080028b5   Thumb Code    50  frame_process.o(i.MACRead_Process)
    MacAddr_Read                             0x08002a79   Thumb Code    70  main.o(i.MacAddr_Read)
    MacFrame_Process                         0x08002ad9   Thumb Code   124  main.o(i.MacFrame_Process)
    MemManage_Handler                        0x08002b61   Thumb Code     2  stm32f1xx_it.o(i.MemManage_Handler)
    NMI_Handler                              0x08002b63   Thumb Code     2  stm32f1xx_it.o(i.NMI_Handler)
    PendSV_Handler                           0x08002b85   Thumb Code     2  stm32f1xx_it.o(i.PendSV_Handler)
    PowerOn_Led                              0x08002b87   Thumb Code    38  main.o(i.PowerOn_Led)
    Rand_delay                               0x08002bad   Thumb Code    40  wireless_app.o(i.Rand_delay)
    Rcon                                     0x08002bd9   Thumb Code    56  aes.o(i.Rcon)
    Read_RxFifo                              0x08002c15   Thumb Code    72  wireless_drv.o(i.Read_RxFifo)
    RemoteDown_CmdFrame_Process              0x08002c61   Thumb Code    70  frame_process.o(i.RemoteDown_CmdFrame_Process)
    RemoteDown_EventFrame_Process            0x08002cb5   Thumb Code   166  frame_process.o(i.RemoteDown_EventFrame_Process)
    RemoteUp_CmdFrame_Process                0x08002d75   Thumb Code   376  frame_process.o(i.RemoteUp_CmdFrame_Process)
    Res_FifoInfo                             0x08002f11   Thumb Code    96  wireless_drv.o(i.Res_FifoInfo)
    Rsa_Decode                               0x08002f75   Thumb Code   102  frame_process.o(i.Rsa_Decode)
    RxData_Process                           0x08002fe9   Thumb Code   188  main.o(i.RxData_Process)
    SI4438_PWUP_Init                         0x080030b9   Thumb Code   156  wireless_drv.o(i.SI4438_PWUP_Init)
    SI4438_ReadCmdBuff                       0x08003161   Thumb Code   120  wireless_drv.o(i.SI4438_ReadCmdBuff)
    SN3218_Init                              0x080031e5   Thumb Code    26  led.o(i.SN3218_Init)
    SN3218_Led_Clear                         0x08003205   Thumb Code    82  led.o(i.SN3218_Led_Clear)
    SN3218_Off                               0x0800325d   Thumb Code     8  led.o(i.SN3218_Off)
    SN3218_On                                0x08003265   Thumb Code    38  led.o(i.SN3218_On)
    SN3218_Refresh                           0x0800328b   Thumb Code     8  led.o(i.SN3218_Refresh)
    SPI1_IRQHandler                          0x08003295   Thumb Code     6  stm32f1xx_it.o(i.SPI1_IRQHandler)
    SPI_RWbyte                               0x080032d1   Thumb Code    28  spi.o(i.SPI_RWbyte)
    STMFLASH_Read                            0x0800338d   Thumb Code    26  stmflash.o(i.STMFLASH_Read)
    STMFLASH_Write                           0x080033a9   Thumb Code   216  stmflash.o(i.STMFLASH_Write)
    STMFLASH_Write_NoCheck                   0x08003489   Thumb Code    44  stmflash.o(i.STMFLASH_Write_NoCheck)
    SVC_Handler                              0x080034b5   Thumb Code     2  stm32f1xx_it.o(i.SVC_Handler)
    SecretKey_Process                        0x080034b9   Thumb Code   166  frame_process.o(i.SecretKey_Process)
    Set_Property                             0x08003579   Thumb Code    64  wireless_drv.o(i.Set_Property)
    Si4438_Interrupt_Handler                 0x080035bd   Thumb Code   324  wireless_app.o(i.Si4438_Interrupt_Handler)
    Si4438_Property_Init                     0x0800370d   Thumb Code   336  wireless_drv.o(i.Si4438_Property_Init)
    Si4438_Receive_Start                     0x08003869   Thumb Code    78  wireless_app.o(i.Si4438_Receive_Start)
    Si4438_Transmit_Start                    0x080038c1   Thumb Code   384  wireless_app.o(i.Si4438_Transmit_Start)
    Start_RX                                 0x08003a49   Thumb Code   100  wireless_drv.o(i.Start_RX)
    Start_TX                                 0x08003ab1   Thumb Code    76  wireless_drv.o(i.Start_TX)
    SysDelay_Xms                             0x08003b01   Thumb Code    26  delay.o(i.SysDelay_Xms)
    SysTick_Handle                           0x08003b1d   Thumb Code   168  frame_process.o(i.SysTick_Handle)
    SysTick_Handler                          0x08003bd1   Thumb Code    14  stm32f1xx_it.o(i.SysTick_Handler)
    SystemClock_Config                       0x08003bdf   Thumb Code   104  main.o(i.SystemClock_Config)
    SystemInit                               0x08003c49   Thumb Code    56  system_stm32f1xx.o(i.SystemInit)
    System_8msTick_Process                   0x08003c91   Thumb Code   194  main.o(i.System_8msTick_Process)
    TIM1_UP_IRQHandler                       0x08003d75   Thumb Code     6  stm32f1xx_it.o(i.TIM1_UP_IRQHandler)
    TIM_Base_SetConfig                       0x08003d81   Thumb Code    94  stm32f1xx_hal_tim.o(i.TIM_Base_SetConfig)
    Touch1_Detect                            0x08003e59   Thumb Code   138  touch.o(i.Touch1_Detect)
    Touch2_Detect                            0x08003eed   Thumb Code    76  touch.o(i.Touch2_Detect)
    Touch3_Detect                            0x08003f41   Thumb Code   132  touch.o(i.Touch3_Detect)
    Touch4_Detect                            0x08003fcd   Thumb Code    76  touch.o(i.Touch4_Detect)
    Touch_Process                            0x08004021   Thumb Code    50  main.o(i.Touch_Process)
    USART1_IRQHandler                        0x080042e9   Thumb Code    40  stm32f1xx_it.o(i.USART1_IRQHandler)
    USART2_IRQHandler                        0x08004319   Thumb Code    40  stm32f1xx_it.o(i.USART2_IRQHandler)
    UartSendBytes                            0x08004349   Thumb Code    30  uart.o(i.UartSendBytes)
    UartSendData                             0x08004367   Thumb Code    10  uart.o(i.UartSendData)
    UpCom_Process                            0x08004371   Thumb Code   102  main.o(i.UpCom_Process)
    UpReport_Process                         0x080043dd   Thumb Code   146  frame_process.o(i.UpReport_Process)
    UpReport_Start                           0x08004475   Thumb Code    70  frame_process.o(i.UpReport_Start)
    UpUart_DataTx                            0x080044c5   Thumb Code    16  stm32f0_usart.o(i.UpUart_DataTx)
    UpUart_RX_INT_Process                    0x080044d9   Thumb Code   328  uart.o(i.UpUart_RX_INT_Process)
    UsageFault_Handler                       0x08004629   Thumb Code     2  stm32f1xx_it.o(i.UsageFault_Handler)
    WireLess_Process                         0x0800462d   Thumb Code   492  main.o(i.WireLess_Process)
    Wireless_Init                            0x0800482d   Thumb Code    52  wireless_app.o(i.Wireless_Init)
    Write_SN3218                             0x08004869   Thumb Code    36  led.o(i.Write_SN3218)
    Write_TXfifo                             0x0800488d   Thumb Code    70  wireless_drv.o(i.Write_TXfifo)
    __scatterload_copy                       0x080048d9   Thumb Code    14  handlers.o(i.__scatterload_copy)
    __scatterload_null                       0x080048e7   Thumb Code     2  handlers.o(i.__scatterload_null)
    __scatterload_zeroinit                   0x080048e9   Thumb Code    14  handlers.o(i.__scatterload_zeroinit)
    add_round_key                            0x080048f9   Thumb Code    58  aes.o(i.add_round_key)
    cipher                                   0x08004935   Thumb Code   146  aes.o(i.cipher)
    code16_74bit                             0x080049c7   Thumb Code    22  74.o(i.code16_74bit)
    coef_add                                 0x08004a1d   Thumb Code    36  aes.o(i.coef_add)
    coef_mult                                0x08004a41   Thumb Code   178  aes.o(i.coef_mult)
    decode16_74bit                           0x08004af3   Thumb Code    26  74.o(i.decode16_74bit)
    delay_init                               0x08004b79   Thumb Code     6  delay.o(i.delay_init)
    delay_us                                 0x08004b85   Thumb Code    48  delay.o(i.delay_us)
    gmult                                    0x08004bb9   Thumb Code    44  aes.o(i.gmult)
    inv_cipher                               0x08004be5   Thumb Code   146  aes.o(i.inv_cipher)
    inv_mix_columns                          0x08004c79   Thumb Code    74  aes.o(i.inv_mix_columns)
    inv_shift_rows                           0x08004cc9   Thumb Code    58  aes.o(i.inv_shift_rows)
    inv_sub_bytes                            0x08004d05   Thumb Code    46  aes.o(i.inv_sub_bytes)
    key_expansion                            0x08004d39   Thumb Code   170  aes.o(i.key_expansion)
    main                                     0x08004de5   Thumb Code   244  main.o(i.main)
    mix_columns                              0x08004f05   Thumb Code    74  aes.o(i.mix_columns)
    rot_word                                 0x08004f55   Thumb Code    22  aes.o(i.rot_word)
    shift_rows                               0x08004f6d   Thumb Code    60  aes.o(i.shift_rows)
    sub_bytes                                0x08004fa9   Thumb Code    46  aes.o(i.sub_bytes)
    sub_word                                 0x08004fdd   Thumb Code    28  aes.o(i.sub_word)
    AHBPrescTable                            0x08004ffc   Data          16  system_stm32f1xx.o(.constdata)
    APBPrescTable                            0x0800500c   Data           8  system_stm32f1xx.o(.constdata)
    Channel_Frequency_Index                  0x08005014   Data          66  wireless_app.o(.constdata)
    RF_GLOBAL_CONFIG_1                       0x0800509e   Data           5  wireless_drv.o(.constdata)
    RF_PKT_CONFIG1_1                         0x080050a3   Data           5  wireless_drv.o(.constdata)
    RF_MODEM_AGC_CONTROL_1                   0x080050a8   Data           5  wireless_drv.o(.constdata)
    RF_MODEM_RSSI_MUTE_1                     0x080050ad   Data           5  wireless_drv.o(.constdata)
    rssi_threshold                           0x080050b2   Data           5  wireless_drv.o(.constdata)
    pkt_crc_config                           0x080050b7   Data           5  wireless_drv.o(.constdata)
    RF_GLOBAL_XO_TUNE_2                      0x080050bc   Data           6  wireless_drv.o(.constdata)
    RF_MODEM_RAW_SEARCH2_2                   0x080050c2   Data           6  wireless_drv.o(.constdata)
    RF_MODEM_SPIKE_DET_2                     0x080050c8   Data           6  wireless_drv.o(.constdata)
    pk_threshold                             0x080050ce   Data           6  wireless_drv.o(.constdata)
    RF_INT_CTL_ENABLE_2                      0x080050d4   Data           7  wireless_drv.o(.constdata)
    RF_SYNC_CONFIG_3                         0x080050db   Data           7  wireless_drv.o(.constdata)
    RF_MODEM_FREQ_DEV_0_1                    0x080050e2   Data           7  wireless_drv.o(.constdata)
    RF_MODEM_RSSI_CONTROL_3                  0x080050e9   Data           7  wireless_drv.o(.constdata)
    RF_MODEM_AFC_LIMITER_1_3                 0x080050f0   Data           7  wireless_drv.o(.constdata)
    RF_MODEM_AGC_WINDOW_SIZE_3               0x080050f7   Data           7  wireless_drv.o(.constdata)
    pk_set1                                  0x080050fe   Data           7  wireless_drv.o(.constdata)
    RF_FRR_CTL_A_MODE_4                      0x08005105   Data           8  wireless_drv.o(.constdata)
    RF_PA_TC_1                               0x0800510d   Data           8  wireless_drv.o(.constdata)
    RF_MODEM_OOK_PDTC_4                      0x08005115   Data           8  wireless_drv.o(.constdata)
    RF_PREAMBLE_TX_LENGTH_1                  0x0800511d   Data           9  wireless_drv.o(.constdata)
    RF_MODEM_MOD_TYPE_12                     0x08005126   Data          16  wireless_drv.o(.constdata)
    RF_FREQ_CONTROL_INTE_8                   0x08005136   Data          12  wireless_drv.o(.constdata)
    RF_MODEM_TX_RAMP_DELAY_12                0x08005142   Data          16  wireless_drv.o(.constdata)
    RF_MODEM_BCR_NCO_OFFSET_2_12             0x08005152   Data          16  wireless_drv.o(.constdata)
    RF_MODEM_RAW_CONTROL_8                   0x08005162   Data           9  wireless_drv.o(.constdata)
    RF_MODEM_DSA_CTRL1_5                     0x0800516b   Data           9  wireless_drv.o(.constdata)
    RF_MODEM_CHFLT_RX1_CHFLT_COE13_7_0_12    0x08005174   Data          16  wireless_drv.o(.constdata)
    RF_MODEM_CHFLT_RX1_CHFLT_COE1_7_0_12     0x08005184   Data          16  wireless_drv.o(.constdata)
    RF_MODEM_CHFLT_RX2_CHFLT_COE7_7_0_12     0x08005194   Data          16  wireless_drv.o(.constdata)
    RF_SYNTH_PFDCP_CPFF_7                    0x080051a4   Data          11  wireless_drv.o(.constdata)
    RF_RX_HOP_TABLE_ENTRY_10_12              0x080051af   Data          16  wireless_drv.o(.constdata)
    RF_RX_HOP_TABLE_ENTRY_22_12              0x080051bf   Data          16  wireless_drv.o(.constdata)
    RF_RX_HOP_TABLE_ENTRY_34_12              0x080051cf   Data          16  wireless_drv.o(.constdata)
    RF_RX_HOP_TABLE_ENTRY_46_12              0x080051df   Data          16  wireless_drv.o(.constdata)
    RF_RX_HOP_TABLE_ENTRY_58_6               0x080051ef   Data          10  wireless_drv.o(.constdata)
    chCRCHTalbe                              0x080053fa   Data         256  crc16.o(.constdata)
    chCRCLTalbe                              0x080054fa   Data         256  crc16.o(.constdata)
    wCRCTalbeAbs                             0x080055fa   Data          32  crc16.o(.constdata)
    MACRead_ID                               0x0800561a   Data           3  frame_process.o(.constdata)
    Set_LogicAddr_Id                         0x0800561d   Data           3  frame_process.o(.constdata)
    Led_Control_ID                           0x08005620   Data           3  frame_process.o(.constdata)
    Key_Event_ID                             0x08005623   Data           3  frame_process.o(.constdata)
    Provide_LogicAddrTab_Id                  0x08005626   Data           3  frame_process.o(.constdata)
    GetVersion_ID                            0x08005629   Data           3  frame_process.o(.constdata)
    TimeCalib_ID                             0x0800562c   Data           3  frame_process.o(.constdata)
    SecretKey_ID                             0x0800562f   Data           3  frame_process.o(.constdata)
    Self_LogicAddr                           0x08005632   Data           4  frame_process.o(.constdata)
    Mi_Yue_Tab                               0x08005636   Data          16  frame_process.o(.constdata)
    Mo_Zhi_Tab                               0x08005646   Data          16  frame_process.o(.constdata)
    LEDBrightUp_64Level                      0x08005656   Data          64  led.o(.constdata)
    LEDBrightDown_64Level                    0x08005696   Data          64  led.o(.constdata)
    MidBrightUp_64Level                      0x080056d6   Data          64  led.o(.constdata)
    MidBrightDown_64Level                    0x08005716   Data          64  led.o(.constdata)
    Region$$Table$$Base                      0x08005758   Number         0  anon$$obj.o(Region$$Table)
    Region$$Table$$Limit                     0x08005778   Number         0  anon$$obj.o(Region$$Table)
    USART_RX_STA                             0x20000004   Data           2  user_call_back.o(.data)
    USART2_RX_STA                            0x20000006   Data           2  user_call_back.o(.data)
    SYSTICK_CNT                              0x20000008   Data           4  user_call_back.o(.data)
    time_dat                                 0x2000000c   Data           4  user_call_back.o(.data)
    TICK_8ms                                 0x20000010   Data           1  user_call_back.o(.data)
    uart1_rec                                0x20000012   Data           1  main.o(.data)
    uart2_rec                                0x20000013   Data           1  main.o(.data)
    uwTickFreq                               0x20000014   Data           1  stm32f1xx_hal.o(.data)
    uwTickPrio                               0x20000018   Data           4  stm32f1xx_hal.o(.data)
    uwTick                                   0x2000001c   Data           4  stm32f1xx_hal.o(.data)
    SystemCoreClock                          0x20000020   Data           4  system_stm32f1xx.o(.data)
    rdata                                    0x20000024   Data           1  spi.o(.data)
    WIRELESS_ERROR_CODE                      0x2000002a   Data           1  wireless_app.o(.data)
    WIRELESS_STATUS                          0x2000002b   Data           1  wireless_app.o(.data)
    WirelessRx_Timeout_Cnt                   0x2000002c   Data           2  wireless_app.o(.data)
    Wireless_Channel                         0x2000002e   Data           2  wireless_app.o(.data)
    pk_set2                                  0x20000032   Data           8  wireless_drv.o(.data)
    pk_set3                                  0x2000003a   Data           8  wireless_drv.o(.data)
    pk_set4                                  0x20000042   Data           8  wireless_drv.o(.data)
    pk_set5                                  0x2000004a   Data           8  wireless_drv.o(.data)
    RF_GPIO_PIN_CFG                          0x20000052   Data           8  wireless_drv.o(.data)
    RF_RX_HOP_CONTROL_12                     0x2000005a   Data          16  wireless_drv.o(.data)
    Secret_GKey_Flag                         0x2000006a   Data           1  stm32f0_usart.o(.data)
    Secret_KeyOk_Flag                        0x2000006b   Data           1  stm32f0_usart.o(.data)
    R                                        0x2000006c   Data           4  aes.o(.data)
    LANGroup_Addr                            0x20000072   Data           3  frame_process.o(.data)
    RunningTime_Buf                          0x20000075   Data           7  frame_process.o(.data)
    index_cnt                                0x20000083   Data           1  rsa.o(.data)
    USART_RX_BUF                             0x20000098   Data         200  user_call_back.o(.bss)
    USART2_RX_BUF                            0x20000160   Data         200  user_call_back.o(.bss)
    hspi1                                    0x20000228   Data          88  main.o(.bss)
    htim1                                    0x20000280   Data          64  main.o(.bss)
    huart1                                   0x200002c0   Data          64  main.o(.bss)
    huart2                                   0x20000300   Data          64  main.o(.bss)
    pFlash                                   0x20000340   Data          32  stm32f1xx_hal_flash.o(.bss)
    Wireless_Buf                             0x20000360   Data         774  wireless_app.o(.bss)
    Si4438Cmd_Reply                          0x20000666   Data          10  wireless_drv.o(.bss)
    STMFLASH_BUF                             0x20000670   Data        1024  stmflash.o(.bss)
    UpCom_RxBuf                              0x20000a70   Data         258  stm32f0_usart.o(.bss)
    UpCom_TxBuf                              0x20000b72   Data         259  stm32f0_usart.o(.bss)
    aes_w                                    0x20000c75   Data         176  aes.o(.bss)
    aes_in                                   0x20000d25   Data          16  aes.o(.bss)
    aes_out                                  0x20000d35   Data          54  aes.o(.bss)
    Device_ParaBuf                           0x20000d6c   Data          16  frame_process.o(.bss)
    HKFrame_Buf                              0x20000d7c   Data        2372  frame_process.o(.bss)
    Local_MAC_Addr                           0x200016c0   Data          13  frame_process.o(.bss)
    __initial_sp                             0x20001ad0   Data           0  startup_stm32f103xb.o(STACK)



==============================================================================

Memory Map of the image

  Image Entry point : 0x080000ed

  Load Region LR_IROM1 (Base: 0x08000000, Size: 0x00005810, Max: 0x00010000, ABSOLUTE)

    Execution Region ER_IROM1 (Base: 0x08000000, Size: 0x00005778, Max: 0x00010000, ABSOLUTE)

    Base Addr    Size         Type   Attr      Idx    E Section Name        Object

    0x08000000   0x000000ec   Data   RO            3    RESET               startup_stm32f103xb.o
    0x080000ec   0x00000000   Code   RO         4322  * .ARM.Collect$$$$00000000  mc_w.l(entry.o)
    0x080000ec   0x00000004   Code   RO         4338    .ARM.Collect$$$$00000001  mc_w.l(entry2.o)
    0x080000f0   0x00000004   Code   RO         4341    .ARM.Collect$$$$00000004  mc_w.l(entry5.o)
    0x080000f4   0x00000000   Code   RO         4343    .ARM.Collect$$$$00000008  mc_w.l(entry7b.o)
    0x080000f4   0x00000000   Code   RO         4345    .ARM.Collect$$$$0000000A  mc_w.l(entry8b.o)
    0x080000f4   0x00000008   Code   RO         4346    .ARM.Collect$$$$0000000B  mc_w.l(entry9a.o)
    0x080000fc   0x00000000   Code   RO         4348    .ARM.Collect$$$$0000000D  mc_w.l(entry10a.o)
    0x080000fc   0x00000000   Code   RO         4350    .ARM.Collect$$$$0000000F  mc_w.l(entry11a.o)
    0x080000fc   0x00000004   Code   RO         4339    .ARM.Collect$$$$00002712  mc_w.l(entry2.o)
    0x08000100   0x00000024   Code   RO            4    .text               startup_stm32f103xb.o
    0x08000124   0x00000020   Code   RO         4325    .text               mc_w.l(llushr.o)
    0x08000144   0x00000024   Code   RO         4327    .text               mc_w.l(rand.o)
    0x08000168   0x00000040   Code   RO         4330    .text               mc_w.l(memmovea.o)
    0x080001a8   0x00000024   Code   RO         4332    .text               mc_w.l(memseta.o)
    0x080001cc   0x0000001a   Code   RO         4334    .text               mc_w.l(memcmp.o)
    0x080001e6   0x00000002   PAD
    0x080001e8   0x00000024   Code   RO         4352    .text               mc_w.l(init.o)
    0x0800020c   0x0000002c   Code   RO          215    i.Aes_Key_Read      main.o
    0x08000238   0x00000002   Code   RO          406    i.BusFault_Handler  stm32f1xx_it.o
    0x0800023a   0x00000002   PAD
    0x0800023c   0x00000044   Code   RO         3795    i.CRC16_2           crc16.o
    0x08000280   0x00000038   Code   RO         3271    i.Change_State      wireless_drv.o
    0x080002b8   0x00000056   Code   RO         3839    i.Clear_EventFrame_Process  frame_process.o
    0x0800030e   0x00000002   Code   RO          407    i.DebugMon_Handler  stm32f1xx_it.o
    0x08000310   0x00000008   Code   RO          408    i.EXTI15_10_IRQHandler  stm32f1xx_it.o
    0x08000318   0x00000002   Code   RO         3538    i.Eeprom_ErasePage  stm32f0_eeprom.o
    0x0800031a   0x0000000a   Code   RO         3540    i.Eeprom_Read       stm32f0_eeprom.o
    0x08000324   0x0000000a   Code   RO         3542    i.Eeprom_Write      stm32f0_eeprom.o
    0x0800032e   0x00000002   PAD
    0x08000330   0x000000fc   Code   RO         3840    i.Encrypt_Convert   frame_process.o
    0x0800042c   0x00000024   Code   RO         2953    i.FLASH_PageErase   stm32f1xx_hal_flash_ex.o
    0x08000450   0x0000001c   Code   RO         2845    i.FLASH_Program_HalfWord  stm32f1xx_hal_flash.o
    0x0800046c   0x0000005c   Code   RO         2846    i.FLASH_SetErrorCode  stm32f1xx_hal_flash.o
    0x080004c8   0x00000054   Code   RO         2847    i.FLASH_WaitForLastOperation  stm32f1xx_hal_flash.o
    0x0800051c   0x0000003a   Code   RO         3841    i.FrameData_Detect  frame_process.o
    0x08000556   0x00000028   Code   RO         3842    i.Frame_Check       frame_process.o
    0x0800057e   0x00000036   Code   RO         3843    i.Frame_Compose     frame_process.o
    0x080005b4   0x00000050   Code   RO         3844    i.Frame_Process     frame_process.o
    0x08000604   0x00000040   Code   RO         3272    i.GPIO_PIN_CFG      wireless_drv.o
    0x08000644   0x00000070   Code   RO         3275    i.Get_INTState      wireless_drv.o
    0x080006b4   0x0000008c   Code   RO         3276    i.Get_ModemStatus   wireless_drv.o
    0x08000740   0x00000094   Code   RO         3278    i.Get_PartInfo      wireless_drv.o
    0x080007d4   0x0000004c   Code   RO          216    i.Get_WireLessChannel  main.o
    0x08000820   0x00000098   Code   RO         2510    i.HAL_DMA_Abort_IT  stm32f1xx_hal_dma.o
    0x080008b8   0x00000014   Code   RO         2851    i.HAL_FLASH_Lock    stm32f1xx_hal_flash.o
    0x080008cc   0x00000080   Code   RO         2856    i.HAL_FLASH_Program  stm32f1xx_hal_flash.o
    0x0800094c   0x00000028   Code   RO         2858    i.HAL_FLASH_Unlock  stm32f1xx_hal_flash.o
    0x08000974   0x00000014   Code   RO          143    i.HAL_GPIO_EXTI_Callback  user_call_back.o
    0x08000988   0x00000018   Code   RO         2444    i.HAL_GPIO_EXTI_IRQHandler  stm32f1xx_hal_gpio.o
    0x080009a0   0x000001bc   Code   RO         2445    i.HAL_GPIO_Init     stm32f1xx_hal_gpio.o
    0x08000b5c   0x0000000a   Code   RO         2447    i.HAL_GPIO_ReadPin  stm32f1xx_hal_gpio.o
    0x08000b66   0x00000008   Code   RO         2448    i.HAL_GPIO_TogglePin  stm32f1xx_hal_gpio.o
    0x08000b6e   0x0000000a   Code   RO         2449    i.HAL_GPIO_WritePin  stm32f1xx_hal_gpio.o
    0x08000b78   0x0000000c   Code   RO         2156    i.HAL_GetTick       stm32f1xx_hal.o
    0x08000b84   0x00000010   Code   RO         2160    i.HAL_IncTick       stm32f1xx_hal.o
    0x08000b94   0x00000024   Code   RO         2161    i.HAL_Init          stm32f1xx_hal.o
    0x08000bb8   0x00000040   Code   RO         2162    i.HAL_InitTick      stm32f1xx_hal.o
    0x08000bf8   0x00000090   Code   RO          512    i.HAL_MspInit       stm32f1xx_hal_msp.o
    0x08000c88   0x00000016   Code   RO         2605    i.HAL_NVIC_EnableIRQ  stm32f1xx_hal_cortex.o
    0x08000c9e   0x00000002   PAD
    0x08000ca0   0x00000040   Code   RO         2611    i.HAL_NVIC_SetPriority  stm32f1xx_hal_cortex.o
    0x08000ce0   0x00000024   Code   RO         2612    i.HAL_NVIC_SetPriorityGrouping  stm32f1xx_hal_cortex.o
    0x08000d04   0x00000154   Code   RO         2305    i.HAL_RCC_ClockConfig  stm32f1xx_hal_rcc.o
    0x08000e58   0x0000000c   Code   RO         2310    i.HAL_RCC_GetHCLKFreq  stm32f1xx_hal_rcc.o
    0x08000e64   0x00000020   Code   RO         2312    i.HAL_RCC_GetPCLK1Freq  stm32f1xx_hal_rcc.o
    0x08000e84   0x00000020   Code   RO         2313    i.HAL_RCC_GetPCLK2Freq  stm32f1xx_hal_rcc.o
    0x08000ea4   0x0000006c   Code   RO         2314    i.HAL_RCC_GetSysClockFreq  stm32f1xx_hal_rcc.o
    0x08000f10   0x00000304   Code   RO         2317    i.HAL_RCC_OscConfig  stm32f1xx_hal_rcc.o
    0x08001214   0x00000002   Code   RO          615    i.HAL_SPI_ErrorCallback  stm32f1xx_hal_spi.o
    0x08001216   0x00000002   PAD
    0x08001218   0x000000c4   Code   RO          618    i.HAL_SPI_IRQHandler  stm32f1xx_hal_spi.o
    0x080012dc   0x00000082   Code   RO          931    i.HAL_SPI_Init      stm32f1xx_hal_spi_ex.o
    0x0800135e   0x00000002   PAD
    0x08001360   0x00000078   Code   RO          514    i.HAL_SPI_MspInit   stm32f1xx_hal_msp.o
    0x080013d8   0x000001d8   Code   RO          628    i.HAL_SPI_TransmitReceive  stm32f1xx_hal_spi.o
    0x080015b0   0x00000018   Code   RO         2614    i.HAL_SYSTICK_CLKSourceConfig  stm32f1xx_hal_cortex.o
    0x080015c8   0x00000002   Code   RO          144    i.HAL_SYSTICK_Callback  user_call_back.o
    0x080015ca   0x00000028   Code   RO         2616    i.HAL_SYSTICK_Config  stm32f1xx_hal_cortex.o
    0x080015f2   0x00000008   Code   RO         2617    i.HAL_SYSTICK_IRQHandler  stm32f1xx_hal_cortex.o
    0x080015fa   0x00000002   Code   RO         1586    i.HAL_TIMEx_BreakCallback  stm32f1xx_hal_tim_ex.o
    0x080015fc   0x00000002   Code   RO         1587    i.HAL_TIMEx_CommutationCallback  stm32f1xx_hal_tim_ex.o
    0x080015fe   0x00000050   Code   RO         1603    i.HAL_TIMEx_MasterConfigSynchronization  stm32f1xx_hal_tim_ex.o
    0x0800164e   0x00000036   Code   RO          957    i.HAL_TIM_Base_Init  stm32f1xx_hal_tim.o
    0x08001684   0x0000003c   Code   RO          516    i.HAL_TIM_Base_MspInit  stm32f1xx_hal_msp.o
    0x080016c0   0x00000018   Code   RO          962    i.HAL_TIM_Base_Start_IT  stm32f1xx_hal_tim.o
    0x080016d8   0x000000f2   Code   RO          966    i.HAL_TIM_ConfigClockSource  stm32f1xx_hal_tim.o
    0x080017ca   0x00000002   Code   RO          986    i.HAL_TIM_IC_CaptureCallback  stm32f1xx_hal_tim.o
    0x080017cc   0x00000166   Code   RO          999    i.HAL_TIM_IRQHandler  stm32f1xx_hal_tim.o
    0x08001932   0x00000002   Code   RO         1002    i.HAL_TIM_OC_DelayElapsedCallback  stm32f1xx_hal_tim.o
    0x08001934   0x00000002   Code   RO         1029    i.HAL_TIM_PWM_PulseFinishedCallback  stm32f1xx_hal_tim.o
    0x08001936   0x00000002   PAD
    0x08001938   0x0000003c   Code   RO          145    i.HAL_TIM_PeriodElapsedCallback  user_call_back.o
    0x08001974   0x00000002   Code   RO         1040    i.HAL_TIM_TriggerCallback  stm32f1xx_hal_tim.o
    0x08001976   0x00000002   Code   RO         1840    i.HAL_UART_ErrorCallback  stm32f1xx_hal_uart.o
    0x08001978   0x0000000a   Code   RO         1842    i.HAL_UART_GetState  stm32f1xx_hal_uart.o
    0x08001982   0x00000002   PAD
    0x08001984   0x00000110   Code   RO         1843    i.HAL_UART_IRQHandler  stm32f1xx_hal_uart.o
    0x08001a94   0x00000062   Code   RO         1844    i.HAL_UART_Init     stm32f1xx_hal_uart.o
    0x08001af6   0x00000002   PAD
    0x08001af8   0x000000b0   Code   RO          518    i.HAL_UART_MspInit  stm32f1xx_hal_msp.o
    0x08001ba8   0x00000052   Code   RO         1849    i.HAL_UART_Receive_IT  stm32f1xx_hal_uart.o
    0x08001bfa   0x00000002   PAD
    0x08001bfc   0x000000b0   Code   RO          146    i.HAL_UART_RxCpltCallback  user_call_back.o
    0x08001cac   0x00000002   Code   RO         1855    i.HAL_UART_TxCpltCallback  stm32f1xx_hal_uart.o
    0x08001cae   0x00000002   Code   RO          409    i.HardFault_Handler  stm32f1xx_it.o
    0x08001cb0   0x00000044   Code   RO         3493    i.I2C_Start         sn3218a_i2c.o
    0x08001cf4   0x00000048   Code   RO         3494    i.I2C_Stop          sn3218a_i2c.o
    0x08001d3c   0x000000b0   Code   RO         3495    i.I2C_Write1Byte    sn3218a_i2c.o
    0x08001dec   0x00000002   Code   RO         3496    i.I2c_Init          sn3218a_i2c.o
    0x08001dee   0x00000002   PAD
    0x08001df0   0x00000028   Code   RO          217    i.LANGroup_AddrRead  main.o
    0x08001e18   0x00000016   Code   RO         3988    i.LED_Clear         led.o
    0x08001e2e   0x00000002   PAD
    0x08001e30   0x0000005e   Code   RO         3989    i.LED_SetALed       led.o
    0x08001e8e   0x00000002   PAD
    0x08001e90   0x000000d0   Code   RO         3990    i.LED_SetDuty       led.o
    0x08001f60   0x0000002a   Code   RO         4211    i.LargeNumber_Comp  rsa.o
    0x08001f8a   0x00000046   Code   RO         4212    i.LargeNumber_Modulo  rsa.o
    0x08001fd0   0x00000016   Code   RO         4213    i.LargeNumber_MoveHigh_1bit  rsa.o
    0x08001fe6   0x0000004c   Code   RO         4214    i.LargeNumber_Mul   rsa.o
    0x08002032   0x00000002   PAD
    0x08002034   0x0000006c   Code   RO         4215    i.LargeNumber_Mul_Mod  rsa.o
    0x080020a0   0x000000fc   Code   RO         4216    i.LargeNumber_Power_Mod  rsa.o
    0x0800219c   0x00000068   Code   RO         4217    i.LargeNumber_SameMod  rsa.o
    0x08002204   0x0000001a   Code   RO         4218    i.LargeNumber_Size  rsa.o
    0x0800221e   0x00000002   PAD
    0x08002220   0x00000038   Code   RO         3991    i.Led4_Set          led.o
    0x08002258   0x00000098   Code   RO         3994    i.Led_Breathe       led.o
    0x080022f0   0x00000072   Code   RO         3845    i.Led_Control_Process  frame_process.o
    0x08002362   0x00000006   Code   RO         3996    i.Led_Mode1         led.o
    0x08002368   0x00000006   Code   RO         3997    i.Led_Mode2         led.o
    0x0800236e   0x00000008   Code   RO         3998    i.Led_Mode3         led.o
    0x08002376   0x00000002   PAD
    0x08002378   0x00000090   Code   RO         3999    i.Led_Mode4         led.o
    0x08002408   0x00000190   Code   RO         4000    i.Led_Mode5         led.o
    0x08002598   0x00000100   Code   RO          218    i.Led_Process       main.o
    0x08002698   0x00000064   Code   RO         4001    i.Led_Water         led.o
    0x080026fc   0x000001b8   Code   RO         3846    i.Local_CmdFrame_Process  frame_process.o
    0x080028b4   0x0000003c   Code   RO         3847    i.MACRead_Process   frame_process.o
    0x080028f0   0x000000f0   Code   RO          219    i.MX_GPIO_Init      main.o
    0x080029e0   0x00000040   Code   RO          220    i.MX_SPI1_Init      main.o
    0x08002a20   0x00000058   Code   RO          221    i.MX_TIM1_Init      main.o
    0x08002a78   0x00000060   Code   RO          222    i.MacAddr_Read      main.o
    0x08002ad8   0x00000088   Code   RO          223    i.MacFrame_Process  main.o
    0x08002b60   0x00000002   Code   RO          410    i.MemManage_Handler  stm32f1xx_it.o
    0x08002b62   0x00000002   Code   RO          411    i.NMI_Handler       stm32f1xx_it.o
    0x08002b64   0x00000020   Code   RO         2618    i.NVIC_SetPriority  stm32f1xx_hal_cortex.o
    0x08002b84   0x00000002   Code   RO          412    i.PendSV_Handler    stm32f1xx_it.o
    0x08002b86   0x00000026   Code   RO          224    i.PowerOn_Led       main.o
    0x08002bac   0x0000002c   Code   RO         3165    i.Rand_delay        wireless_app.o
    0x08002bd8   0x0000003c   Code   RO         3672    i.Rcon              aes.o
    0x08002c14   0x0000004c   Code   RO         3282    i.Read_RxFifo       wireless_drv.o
    0x08002c60   0x00000054   Code   RO         3849    i.RemoteDown_CmdFrame_Process  frame_process.o
    0x08002cb4   0x000000c0   Code   RO         3850    i.RemoteDown_EventFrame_Process  frame_process.o
    0x08002d74   0x0000019c   Code   RO         3851    i.RemoteUp_CmdFrame_Process  frame_process.o
    0x08002f10   0x00000064   Code   RO         3284    i.Res_FifoInfo      wireless_drv.o
    0x08002f74   0x00000074   Code   RO         3854    i.Rsa_Decode        frame_process.o
    0x08002fe8   0x000000d0   Code   RO          225    i.RxData_Process    main.o
    0x080030b8   0x000000a8   Code   RO         3286    i.SI4438_PWUP_Init  wireless_drv.o
    0x08003160   0x00000084   Code   RO         3287    i.SI4438_ReadCmdBuff  wireless_drv.o
    0x080031e4   0x00000020   Code   RO         4002    i.SN3218_Init       led.o
    0x08003204   0x00000058   Code   RO         4003    i.SN3218_Led_Clear  led.o
    0x0800325c   0x00000008   Code   RO         4004    i.SN3218_Off        led.o
    0x08003264   0x00000026   Code   RO         4005    i.SN3218_On         led.o
    0x0800328a   0x00000008   Code   RO         4006    i.SN3218_Refresh    led.o
    0x08003292   0x00000002   PAD
    0x08003294   0x0000000c   Code   RO          413    i.SPI1_IRQHandler   stm32f1xx_it.o
    0x080032a0   0x00000020   Code   RO          643    i.SPI_CheckFlag_BSY  stm32f1xx_hal_spi.o
    0x080032c0   0x00000010   Code   RO          647    i.SPI_DMAAbortOnError  stm32f1xx_hal_spi.o
    0x080032d0   0x00000024   Code   RO         3071    i.SPI_RWbyte        spi.o
    0x080032f4   0x00000096   Code   RO          662    i.SPI_WaitFlagStateUntilTimeout  stm32f1xx_hal_spi.o
    0x0800338a   0x00000002   PAD
    0x0800338c   0x0000001a   Code   RO         3444    i.STMFLASH_Read     stmflash.o
    0x080033a6   0x00000002   PAD
    0x080033a8   0x000000e0   Code   RO         3446    i.STMFLASH_Write    stmflash.o
    0x08003488   0x0000002c   Code   RO         3447    i.STMFLASH_Write_NoCheck  stmflash.o
    0x080034b4   0x00000002   Code   RO          414    i.SVC_Handler       stm32f1xx_it.o
    0x080034b6   0x00000002   PAD
    0x080034b8   0x000000c0   Code   RO         3855    i.SecretKey_Process  frame_process.o
    0x08003578   0x00000044   Code   RO         3288    i.Set_Property      wireless_drv.o
    0x080035bc   0x00000150   Code   RO         3166    i.Si4438_Interrupt_Handler  wireless_app.o
    0x0800370c   0x0000015c   Code   RO         3290    i.Si4438_Property_Init  wireless_drv.o
    0x08003868   0x00000058   Code   RO         3168    i.Si4438_Receive_Start  wireless_app.o
    0x080038c0   0x00000188   Code   RO         3170    i.Si4438_Transmit_Start  wireless_app.o
    0x08003a48   0x00000068   Code   RO         3291    i.Start_RX          wireless_drv.o
    0x08003ab0   0x00000050   Code   RO         3292    i.Start_TX          wireless_drv.o
    0x08003b00   0x0000001a   Code   RO           13    i.SysDelay_Xms      delay.o
    0x08003b1a   0x00000002   PAD
    0x08003b1c   0x000000b4   Code   RO         3856    i.SysTick_Handle    frame_process.o
    0x08003bd0   0x0000000e   Code   RO          415    i.SysTick_Handler   stm32f1xx_it.o
    0x08003bde   0x00000068   Code   RO          226    i.SystemClock_Config  main.o
    0x08003c46   0x00000002   PAD
    0x08003c48   0x00000048   Code   RO         3034    i.SystemInit        system_stm32f1xx.o
    0x08003c90   0x000000e4   Code   RO          227    i.System_8msTick_Process  main.o
    0x08003d74   0x0000000c   Code   RO          416    i.TIM1_UP_IRQHandler  stm32f1xx_it.o
    0x08003d80   0x0000006c   Code   RO         1041    i.TIM_Base_SetConfig  stm32f1xx_hal_tim.o
    0x08003dec   0x00000014   Code   RO         1048    i.TIM_ETR_SetConfig  stm32f1xx_hal_tim.o
    0x08003e00   0x00000010   Code   RO         1049    i.TIM_ITRx_SetConfig  stm32f1xx_hal_tim.o
    0x08003e10   0x00000022   Code   RO         1055    i.TIM_TI1_ConfigInputStage  stm32f1xx_hal_tim.o
    0x08003e32   0x00000024   Code   RO         1057    i.TIM_TI2_ConfigInputStage  stm32f1xx_hal_tim.o
    0x08003e56   0x00000002   PAD
    0x08003e58   0x00000094   Code   RO         4278    i.Touch1_Detect     touch.o
    0x08003eec   0x00000054   Code   RO         4279    i.Touch2_Detect     touch.o
    0x08003f40   0x0000008c   Code   RO         4280    i.Touch3_Detect     touch.o
    0x08003fcc   0x00000054   Code   RO         4281    i.Touch4_Detect     touch.o
    0x08004020   0x00000032   Code   RO          229    i.Touch_Process     main.o
    0x08004052   0x00000010   Code   RO         1857    i.UART_DMAAbortOnError  stm32f1xx_hal_uart.o
    0x08004062   0x0000001c   Code   RO         1867    i.UART_EndRxTransfer  stm32f1xx_hal_uart.o
    0x0800407e   0x00000096   Code   RO         1869    i.UART_Receive_IT   stm32f1xx_hal_uart.o
    0x08004114   0x00000170   Code   RO         1870    i.UART_SetConfig    stm32f1xx_hal_uart.o
    0x08004284   0x00000062   Code   RO         1871    i.UART_Transmit_IT  stm32f1xx_hal_uart.o
    0x080042e6   0x00000002   PAD
    0x080042e8   0x00000030   Code   RO          417    i.USART1_IRQHandler  stm32f1xx_it.o
    0x08004318   0x00000030   Code   RO          418    i.USART2_IRQHandler  stm32f1xx_it.o
    0x08004348   0x0000001e   Code   RO         3104    i.UartSendBytes     uart.o
    0x08004366   0x0000000a   Code   RO         3105    i.UartSendData      uart.o
    0x08004370   0x0000006c   Code   RO          231    i.UpCom_Process     main.o
    0x080043dc   0x00000098   Code   RO         3857    i.UpReport_Process  frame_process.o
    0x08004474   0x00000050   Code   RO         3858    i.UpReport_Start    frame_process.o
    0x080044c4   0x00000014   Code   RO         3598    i.UpUart_DataTx     stm32f0_usart.o
    0x080044d8   0x00000150   Code   RO         3107    i.UpUart_RX_INT_Process  uart.o
    0x08004628   0x00000002   Code   RO          419    i.UsageFault_Handler  stm32f1xx_it.o
    0x0800462a   0x00000002   PAD
    0x0800462c   0x00000200   Code   RO          232    i.WireLess_Process  main.o
    0x0800482c   0x0000003c   Code   RO         3171    i.Wireless_Init     wireless_app.o
    0x08004868   0x00000024   Code   RO         4007    i.Write_SN3218      led.o
    0x0800488c   0x0000004c   Code   RO         3293    i.Write_TXfifo      wireless_drv.o
    0x080048d8   0x0000000e   Code   RO         4356    i.__scatterload_copy  mc_w.l(handlers.o)
    0x080048e6   0x00000002   Code   RO         4357    i.__scatterload_null  mc_w.l(handlers.o)
    0x080048e8   0x0000000e   Code   RO         4358    i.__scatterload_zeroinit  mc_w.l(handlers.o)
    0x080048f6   0x00000002   PAD
    0x080048f8   0x0000003a   Code   RO         3673    i.add_round_key     aes.o
    0x08004932   0x00000002   PAD
    0x08004934   0x00000092   Code   RO         3674    i.cipher            aes.o
    0x080049c6   0x00000016   Code   RO         3641    i.code16_74bit      74.o
    0x080049dc   0x00000040   Code   RO         3642    i.code74            74.o
    0x08004a1c   0x00000024   Code   RO         3675    i.coef_add          aes.o
    0x08004a40   0x000000b2   Code   RO         3676    i.coef_mult         aes.o
    0x08004af2   0x0000001a   Code   RO         3643    i.decode16_74bit    74.o
    0x08004b0c   0x0000006a   Code   RO         3644    i.decode74          74.o
    0x08004b76   0x00000002   PAD
    0x08004b78   0x0000000c   Code   RO           14    i.delay_init        delay.o
    0x08004b84   0x00000034   Code   RO           15    i.delay_us          delay.o
    0x08004bb8   0x0000002c   Code   RO         3677    i.gmult             aes.o
    0x08004be4   0x00000092   Code   RO         3678    i.inv_cipher        aes.o
    0x08004c76   0x00000002   PAD
    0x08004c78   0x00000050   Code   RO         3679    i.inv_mix_columns   aes.o
    0x08004cc8   0x0000003a   Code   RO         3680    i.inv_shift_rows    aes.o
    0x08004d02   0x00000002   PAD
    0x08004d04   0x00000034   Code   RO         3681    i.inv_sub_bytes     aes.o
    0x08004d38   0x000000aa   Code   RO         3682    i.key_expansion     aes.o
    0x08004de2   0x00000002   PAD
    0x08004de4   0x00000120   Code   RO          235    i.main              main.o
    0x08004f04   0x00000050   Code   RO         3683    i.mix_columns       aes.o
    0x08004f54   0x00000016   Code   RO         3684    i.rot_word          aes.o
    0x08004f6a   0x00000002   PAD
    0x08004f6c   0x0000003c   Code   RO         3685    i.shift_rows        aes.o
    0x08004fa8   0x00000034   Code   RO         3686    i.sub_bytes         aes.o
    0x08004fdc   0x00000020   Code   RO         3687    i.sub_word          aes.o
    0x08004ffc   0x00000010   Data   RO         3035    .constdata          system_stm32f1xx.o
    0x0800500c   0x00000008   Data   RO         3036    .constdata          system_stm32f1xx.o
    0x08005014   0x0000008a   Data   RO         3176    .constdata          wireless_app.o
    0x0800509e   0x0000015b   Data   RO         3295    .constdata          wireless_drv.o
    0x080051f9   0x00000200   Data   RO         3691    .constdata          aes.o
    0x080053f9   0x00000001   PAD
    0x080053fa   0x00000220   Data   RO         3798    .constdata          crc16.o
    0x0800561a   0x0000003c   Data   RO         3862    .constdata          frame_process.o
    0x08005656   0x00000100   Data   RO         4010    .constdata          led.o
    0x08005756   0x00000002   PAD
    0x08005758   0x00000020   Data   RO         4354    Region$$Table       anon$$obj.o


    Execution Region RW_IRAM1 (Base: 0x20000000, Size: 0x00001ad0, Max: 0x00005000, ABSOLUTE)

    Base Addr    Size         Type   Attr      Idx    E Section Name        Object

    0x20000000   0x00000004   Data   RW           16    .data               delay.o
    0x20000004   0x0000000c   Data   RW          148    .data               user_call_back.o
    0x20000010   0x00000001   Data   RW          150    .data               user_call_back.o
    0x20000011   0x00000003   Data   RW          237    .data               main.o
    0x20000014   0x0000000c   Data   RW         2168    .data               stm32f1xx_hal.o
    0x20000020   0x00000004   Data   RW         3037    .data               system_stm32f1xx.o
    0x20000024   0x00000001   Data   RW         3072    .data               spi.o
    0x20000025   0x00000001   Data   RW         3109    .data               uart.o
    0x20000026   0x00000008   Data   RW         3177    .data               wireless_app.o
    0x2000002e   0x00000002   Data   RW         3178    .data               wireless_app.o
    0x20000030   0x0000003a   Data   RW         3300    .data               wireless_drv.o
    0x2000006a   0x00000001   Data   RW         3602    .data               stm32f0_usart.o
    0x2000006b   0x00000001   Data   RW         3603    .data               stm32f0_usart.o
    0x2000006c   0x00000004   Data   RW         3692    .data               aes.o
    0x20000070   0x0000000c   Data   RW         3864    .data               frame_process.o
    0x2000007c   0x00000007   Data   RW         4011    .data               led.o
    0x20000083   0x00000001   Data   RW         4219    .data               rsa.o
    0x20000084   0x0000000e   Data   RW         4282    .data               touch.o
    0x20000092   0x00000002   PAD
    0x20000094   0x00000004   Data   RW         4328    .data               mc_w.l(rand.o)
    0x20000098   0x00000190   Zero   RW          147    .bss                user_call_back.o
    0x20000228   0x00000118   Zero   RW          236    .bss                main.o
    0x20000340   0x00000020   Zero   RW         2859    .bss                stm32f1xx_hal_flash.o
    0x20000360   0x00000306   Zero   RW         3175    .bss                wireless_app.o
    0x20000666   0x0000000a   Zero   RW         3294    .bss                wireless_drv.o
    0x20000670   0x00000400   Zero   RW         3449    .bss                stmflash.o
    0x20000a70   0x00000102   Zero   RW         3600    .bss                stm32f0_usart.o
    0x20000b72   0x00000103   Zero   RW         3601    .bss                stm32f0_usart.o
    0x20000c75   0x000000b0   Zero   RW         3688    .bss                aes.o
    0x20000d25   0x00000010   Zero   RW         3689    .bss                aes.o
    0x20000d35   0x00000036   Zero   RW         3690    .bss                aes.o
    0x20000d6b   0x00000001   PAD
    0x20000d6c   0x00000010   Zero   RW         3859    .bss                frame_process.o
    0x20000d7c   0x00000944   Zero   RW         3860    .bss                frame_process.o
    0x200016c0   0x0000000d   Zero   RW         3861    .bss                frame_process.o
    0x200016cd   0x00000003   PAD
    0x200016d0   0x00000400   Zero   RW            1    STACK               startup_stm32f103xb.o


==============================================================================

Image component sizes


      Code (inc. data)   RO Data    RW Data    ZI Data      Debug   Object Name

       218          0          0          0          0       2416   74.o
      1274         32        512          4        246      10945   aes.o
        68          6        544          0          0       1373   crc16.o
        90         10          0          4          0     446767   delay.o
      2592        196         60         12       2401      19101   frame_process.o
      1406         46        256          7          0      14299   led.o
      2576        236          0          3        280      19821   main.o
       700          6          0          1          0       6809   rsa.o
       318         16          0          0          0       2187   sn3218a_i2c.o
        36          8          0          1          0        765   spi.o
        36          8        236          0       1024        808   startup_stm32f103xb.o
        22          0          0          0          0       2068   stm32f0_eeprom.o
        20          4          0          2        517       3645   stm32f0_usart.o
       128         24          0         12          0       3365   stm32f1xx_hal.o
       226         14          0          0          0      27058   stm32f1xx_hal_cortex.o
       152          4          0          0          0       1143   stm32f1xx_hal_dma.o
       392         46          0          0         32       4898   stm32f1xx_hal_flash.o
        36          8          0          0          0       1881   stm32f1xx_hal_flash_ex.o
       496         42          0          0          0       4803   stm32f1xx_hal_gpio.o
       500         54          0          0          0       3054   stm32f1xx_hal_msp.o
      1296        104          0          0          0       5788   stm32f1xx_hal_rcc.o
       868          6          0          0          0       5855   stm32f1xx_hal_spi.o
       130          0          0          0          0       1107   stm32f1xx_hal_spi_ex.o
       900         14          0          0          0       9719   stm32f1xx_hal_tim.o
        84          0          0          0          0       2414   stm32f1xx_hal_tim_ex.o
      1126         10          0          0          0       8131   stm32f1xx_hal_uart.o
       158         28          0          0          0       6372   stm32f1xx_it.o
       294          8          0          0       1024       3293   stmflash.o
        72         16         24          4          0       1223   system_stm32f1xx.o
       456         34          0         14          0       3276   touch.o
       376         22          0          1          0       2767   uart.o
       258         44          0         13        400       8548   user_call_back.o
       920         42        138         10        774       7066   wireless_app.o
      1672         96        347         58         10      15191   wireless_drv.o

    ----------------------------------------------------------------------
     19956       1184       2152        148       6712     657956   Object Totals
         0          0         32          0          0          0   (incl. Generated)
        60          0          3          2          4          0   (incl. Padding)

    ----------------------------------------------------------------------

      Code (inc. data)   RO Data    RW Data    ZI Data      Debug   Library Member Name

         0          0          0          0          0          0   entry.o
         0          0          0          0          0          0   entry10a.o
         0          0          0          0          0          0   entry11a.o
         8          4          0          0          0          0   entry2.o
         4          0          0          0          0          0   entry5.o
         0          0          0          0          0          0   entry7b.o
         0          0          0          0          0          0   entry8b.o
         8          4          0          0          0          0   entry9a.o
        30          0          0          0          0          0   handlers.o
        36          8          0          0          0         68   init.o
        32          0          0          0          0         68   llushr.o
        26          0          0          0          0         80   memcmp.o
        64          0          0          0          0         76   memmovea.o
        36          0          0          0          0        108   memseta.o
        36         10          0          4          0        136   rand.o

    ----------------------------------------------------------------------
       284         26          0          4          0        536   Library Totals
         4          0          0          0          0          0   (incl. Padding)

    ----------------------------------------------------------------------

      Code (inc. data)   RO Data    RW Data    ZI Data      Debug   Library Name

       280         26          0          4          0        536   mc_w.l

    ----------------------------------------------------------------------
       284         26          0          4          0        536   Library Totals

    ----------------------------------------------------------------------

==============================================================================


      Code (inc. data)   RO Data    RW Data    ZI Data      Debug   

     20240       1210       2152        152       6712     647828   Grand Totals
     20240       1210       2152        152       6712     647828   ELF Image Totals
     20240       1210       2152        152          0          0   ROM Totals

==============================================================================

    Total RO  Size (Code + RO Data)                22392 (  21.87kB)
    Total RW  Size (RW Data + ZI Data)              6864 (   6.70kB)
    Total ROM Size (Code + RO Data + RW Data)      22544 (  22.02kB)

==============================================================================

