Component: ARM Compiler 5.06 update 4 (build 422) Tool: armlink [4d35d2]

==============================================================================

Section Cross References

    startup_stm32f103xb.o(RESET) refers to startup_stm32f103xb.o(STACK) for __initial_sp
    startup_stm32f103xb.o(RESET) refers to startup_stm32f103xb.o(.text) for Reset_Handler
    startup_stm32f103xb.o(RESET) refers to stm32f1xx_it.o(i.NMI_Handler) for NMI_Handler
    startup_stm32f103xb.o(RESET) refers to stm32f1xx_it.o(i.HardFault_Handler) for HardFault_Handler
    startup_stm32f103xb.o(RESET) refers to stm32f1xx_it.o(i.MemManage_Handler) for MemManage_Handler
    startup_stm32f103xb.o(RESET) refers to stm32f1xx_it.o(i.BusFault_Handler) for BusFault_Handler
    startup_stm32f103xb.o(RESET) refers to stm32f1xx_it.o(i.UsageFault_Handler) for UsageFault_Handler
    startup_stm32f103xb.o(RESET) refers to stm32f1xx_it.o(i.SVC_Handler) for SVC_Handler
    startup_stm32f103xb.o(RESET) refers to stm32f1xx_it.o(i.DebugMon_Handler) for DebugMon_Handler
    startup_stm32f103xb.o(RESET) refers to stm32f1xx_it.o(i.PendSV_Handler) for PendSV_Handler
    startup_stm32f103xb.o(RESET) refers to stm32f1xx_it.o(i.SysTick_Handler) for SysTick_Handler
    startup_stm32f103xb.o(RESET) refers to stm32f1xx_it.o(i.TIM1_UP_IRQHandler) for TIM1_UP_IRQHandler
    startup_stm32f103xb.o(RESET) refers to stm32f1xx_it.o(i.SPI1_IRQHandler) for SPI1_IRQHandler
    startup_stm32f103xb.o(RESET) refers to stm32f1xx_it.o(i.USART1_IRQHandler) for USART1_IRQHandler
    startup_stm32f103xb.o(RESET) refers to stm32f1xx_it.o(i.USART2_IRQHandler) for USART2_IRQHandler
    startup_stm32f103xb.o(RESET) refers to stm32f1xx_it.o(i.EXTI15_10_IRQHandler) for EXTI15_10_IRQHandler
    startup_stm32f103xb.o(.text) refers to system_stm32f1xx.o(i.SystemInit) for SystemInit
    startup_stm32f103xb.o(.text) refers to entry.o(.ARM.Collect$$$$00000000) for __main
    delay.o(i.SysDelay_Xms) refers to delay.o(i.delay_us) for delay_us
    delay.o(i.delay_us) refers to main.o(.bss) for htim1
    user_call_back.o(i.HAL_GPIO_EXTI_Callback) refers to wireless_app.o(i.Si4438_Interrupt_Handler) for Si4438_Interrupt_Handler
    user_call_back.o(i.HAL_GPIO_EXTI_Callback) refers to wireless_app.o(.bss) for Wireless_Buf
    user_call_back.o(i.HAL_SYSTICK_Callback) refers to frame_process.o(i.SysTick_Handle) for SysTick_Handle
    user_call_back.o(i.HAL_SYSTICK_Callback) refers to user_call_back.o(.data) for .data
    user_call_back.o(i.HAL_TIM_PeriodElapsedCallback) refers to printfb.o(i.__0printf$bare) for __2printf
    user_call_back.o(i.HAL_TIM_PeriodElapsedCallback) refers to main.o(.bss) for htim1
    user_call_back.o(i.HAL_TIM_PeriodElapsedCallback) refers to user_call_back.o(.data) for .data
    user_call_back.o(i.HAL_UART_RxCpltCallback) refers to uart.o(i.UpUart_RX_INT_Process) for UpUart_RX_INT_Process
    user_call_back.o(i.HAL_UART_RxCpltCallback) refers to user_call_back.o(.data) for .data
    user_call_back.o(i.HAL_UART_RxCpltCallback) refers to main.o(.data) for uart2_rec
    user_call_back.o(i.HAL_UART_RxCpltCallback) refers to user_call_back.o(.bss) for .bss
    user_call_back.o(i.HAL_UART_RxCpltCallback) refers to stm32f0_usart.o(.bss) for UpCom_RxBuf
    main.o(i.Aes_Key_Read) refers to stm32f0_eeprom.o(i.Eeprom_Read) for Eeprom_Read
    main.o(i.Aes_Key_Read) refers to memseta.o(.text) for __aeabi_memclr
    main.o(i.Aes_Key_Read) refers to aes.o(.bss) for aes_out
    main.o(i.Aes_Key_Read) refers to stm32f0_usart.o(.data) for Secret_GKey_Flag
    main.o(i.Led_Process) refers to led.o(i.LED_Clear) for LED_Clear
    main.o(i.Led_Process) refers to led.o(i.LED_SetALed) for LED_SetALed
    main.o(i.Led_Process) refers to led.o(i.Led_Mode1) for Led_Mode1
    main.o(i.Led_Process) refers to led.o(i.Led_Mode2) for Led_Mode2
    main.o(i.Led_Process) refers to led.o(i.Led_Mode3) for Led_Mode3
    main.o(i.Led_Process) refers to led.o(i.Led_Mode5) for Led_Mode5
    main.o(i.Led_Process) refers to led.o(i.Led_Mode4) for Led_Mode4
    main.o(i.MX_GPIO_Init) refers to stm32f1xx_hal_gpio.o(i.HAL_GPIO_WritePin) for HAL_GPIO_WritePin
    main.o(i.MX_GPIO_Init) refers to stm32f1xx_hal_gpio.o(i.HAL_GPIO_Init) for HAL_GPIO_Init
    main.o(i.MX_GPIO_Init) refers to stm32f1xx_hal_cortex.o(i.HAL_NVIC_SetPriority) for HAL_NVIC_SetPriority
    main.o(i.MX_GPIO_Init) refers to stm32f1xx_hal_cortex.o(i.HAL_NVIC_EnableIRQ) for HAL_NVIC_EnableIRQ
    main.o(i.MX_SPI1_Init) refers to stm32f1xx_hal_spi_ex.o(i.HAL_SPI_Init) for HAL_SPI_Init
    main.o(i.MX_SPI1_Init) refers to main.o(.bss) for .bss
    main.o(i.MX_TIM1_Init) refers to stm32f1xx_hal_tim.o(i.HAL_TIM_Base_Init) for HAL_TIM_Base_Init
    main.o(i.MX_TIM1_Init) refers to stm32f1xx_hal_tim.o(i.HAL_TIM_ConfigClockSource) for HAL_TIM_ConfigClockSource
    main.o(i.MX_TIM1_Init) refers to stm32f1xx_hal_tim_ex.o(i.HAL_TIMEx_MasterConfigSynchronization) for HAL_TIMEx_MasterConfigSynchronization
[...]
    i.HAL_TIM_PeriodElapsedCallback          0x080018d4   Section        0  user_call_back.o(i.HAL_TIM_PeriodElapsedCallback)
    i.HAL_TIM_TriggerCallback                0x08001920   Section        0  stm32f1xx_hal_tim.o(i.HAL_TIM_TriggerCallback)
    i.HAL_UART_ErrorCallback                 0x08001922   Section        0  stm32f1xx_hal_uart.o(i.HAL_UART_ErrorCallback)
    i.HAL_UART_GetState                      0x08001924   Section        0  stm32f1xx_hal_uart.o(i.HAL_UART_GetState)
    i.HAL_UART_IRQHandler                    0x08001930   Section        0  stm32f1xx_hal_uart.o(i.HAL_UART_IRQHandler)
    i.HAL_UART_Init                          0x08001a40   Section        0  stm32f1xx_hal_uart.o(i.HAL_UART_Init)
    i.HAL_UART_MspInit                       0x08001aa4   Section        0  stm32f1xx_hal_msp.o(i.HAL_UART_MspInit)
    i.HAL_UART_Receive_IT                    0x08001b54   Section        0  stm32f1xx_hal_uart.o(i.HAL_UART_Receive_IT)
    i.HAL_UART_RxCpltCallback                0x08001ba8   Section        0  user_call_back.o(i.HAL_UART_RxCpltCallback)
    i.HAL_UART_TxCpltCallback                0x08001c58   Section        0  stm32f1xx_hal_uart.o(i.HAL_UART_TxCpltCallback)
    i.HardFault_Handler                      0x08001c5a   Section        0  stm32f1xx_it.o(i.HardFault_Handler)
    i.I2C_Start                              0x08001c5c   Section        0  sn3218a_i2c.o(i.I2C_Start)
    i.I2C_Stop                               0x08001ca0   Section        0  sn3218a_i2c.o(i.I2C_Stop)
    i.I2C_Write1Byte                         0x08001ce8   Section        0  sn3218a_i2c.o(i.I2C_Write1Byte)
    i.I2c_Init                               0x08001d98   Section        0  sn3218a_i2c.o(i.I2c_Init)
    i.LED_Clear                              0x08001d9a   Section        0  led.o(i.LED_Clear)
    i.LED_SetALed                            0x08001db0   Section        0  led.o(i.LED_SetALed)
    i.LED_SetDuty                            0x08001e10   Section        0  led.o(i.LED_SetDuty)
    i.LargeNumber_Comp                       0x08001ee0   Section        0  rsa.o(i.LargeNumber_Comp)
    i.LargeNumber_Modulo                     0x08001f0a   Section        0  rsa.o(i.LargeNumber_Modulo)
    i.LargeNumber_MoveHigh_1bit              0x08001f50   Section        0  rsa.o(i.LargeNumber_MoveHigh_1bit)
    i.LargeNumber_Mul                        0x08001f66   Section        0  rsa.o(i.LargeNumber_Mul)
    i.LargeNumber_Mul_Mod                    0x08001fb4   Section        0  rsa.o(i.LargeNumber_Mul_Mod)
    i.LargeNumber_Power_Mod                  0x08002020   Section        0  rsa.o(i.LargeNumber_Power_Mod)
    i.LargeNumber_SameMod                    0x0800211c   Section        0  rsa.o(i.LargeNumber_SameMod)
    i.LargeNumber_Size                       0x08002184   Section        0  rsa.o(i.LargeNumber_Size)
    i.Led4_Set                               0x080021a0   Section        0  led.o(i.Led4_Set)
    i.Led_Breathe                            0x080021d8   Section        0  led.o(i.Led_Breathe)
    i.Led_Control_Process                    0x08002270   Section        0  frame_process.o(i.Led_Control_Process)
    i.Led_Mode1                              0x080022e2   Section        0  led.o(i.Led_Mode1)
    i.Led_Mode2                              0x080022e8   Section        0  led.o(i.Led_Mode2)
    i.Led_Mode3                              0x080022ee   Section        0  led.o(i.Led_Mode3)
    i.Led_Mode4                              0x080022f8   Section        0  led.o(i.Led_Mode4)
    i.Led_Mode5                              0x08002388   Section        0  led.o(i.Led_Mode5)
    i.Led_Process                            0x08002518   Section        0  main.o(i.Led_Process)
    i.Led_Water                              0x08002618   Section        0  led.o(i.Led_Water)
    i.Local_CmdFrame_Process                 0x0800267c   Section        0  frame_process.o(i.Local_CmdFrame_Process)
    i.MACRead_Process                        0x08002834   Section        0  frame_process.o(i.MACRead_Process)
    i.MX_GPIO_Init                           0x08002870   Section        0  main.o(i.MX_GPIO_Init)
    MX_GPIO_Init                             0x08002871   Thumb Code   218  main.o(i.MX_GPIO_Init)
    i.MX_SPI1_Init                           0x08002960   Section        0  main.o(i.MX_SPI1_Init)
    MX_SPI1_Init                             0x08002961   Thumb Code    56  main.o(i.MX_SPI1_Init)
    i.MX_TIM1_Init                           0x080029a0   Section        0  main.o(i.MX_TIM1_Init)
    MX_TIM1_Init                             0x080029a1   Thumb Code    78  main.o(i.MX_TIM1_Init)
    i.MacAddr_Read                           0x080029f8   Section        0  main.o(i.MacAddr_Read)
    i.MacFrame_Process                       0x08002a58   Section        0  main.o(i.MacFrame_Process)
    i.MemManage_Handler                      0x08002ae0   Section        0  stm32f1xx_it.o(i.MemManage_Handler)
    i.NMI_Handler                            0x08002ae2   Section        0  stm32f1xx_it.o(i.NMI_Handler)
    i.NVIC_SetPriority                       0x08002ae4   Section        0  stm32f1xx_hal_cortex.o(i.NVIC_SetPriority)
    NVIC_SetPriority                         0x08002ae5   Thumb Code    32  stm32f1xx_hal_cortex.o(i.NVIC_SetPriority)
    i.PendSV_Handler                         0x08002b04   Section        0  stm32f1xx_it.o(i.PendSV_Handler)
    i.PowerOn_Led                            0x08002b06   Section        0  main.o(i.PowerOn_Led)
    i.Rcon                                   0x08002b2c   Section        0  aes.o(i.Rcon)
    i.Read_RxFifo                            0x08002b68   Section        0  wireless_drv.o(i.Read_RxFifo)
    i.RemoteDown_CmdFrame_Process            0x08002bb4   Section        0  frame_process.o(i.RemoteDown_CmdFrame_Process)
    i.RemoteDown_EventFrame_Process          0x08002c08   Section        0  frame_process.o(i.RemoteDown_EventFrame_Process)
    i.RemoteUp_CmdFrame_Process              0x08002cc8   Section        0  frame_process.o(i.RemoteUp_CmdFrame_Process)
    i.Res_FifoInfo                           0x08002e64   Section        0  wireless_drv.o(i.Res_FifoInfo)
    i.Rsa_Decode                             0x08002ec8   Section        0  frame_process.o(i.Rsa_Decode)
    i.RxData_Process                         0x08002f3c   Section        0  main.o(i.RxData_Process)
    i.SI4438_PWUP_Init                       0x0800300c   Section        0  wireless_drv.o(i.SI4438_PWUP_Init)
    i.SI4438_ReadCmdBuff                     0x080030b4   Section        0  wireless_drv.o(i.SI4438_ReadCmdBuff)
    i.SN3218_Init                            0x08003138   Section        0  led.o(i.SN3218_Init)
    i.SN3218_Led_Clear                       0x08003158   Section        0  led.o(i.SN3218_Led_Clear)
    i.SN3218_Off                             0x080031b0   Section        0  led.o(i.SN3218_Off)
    i.SN3218_On                              0x080031b8   Section        0  led.o(i.SN3218_On)
    i.SN3218_Refresh                         0x080031de   Section        0  led.o(i.SN3218_Refresh)
    i.SPI1_IRQHandler                        0x080031e8   Section        0  stm32f1xx_it.o(i.SPI1_IRQHandler)
    i.SPI_CheckFlag_BSY                      0x080031f4   Section        0  stm32f1xx_hal_spi.o(i.SPI_CheckFlag_BSY)
    SPI_CheckFlag_BSY                        0x080031f5   Thumb Code    32  stm32f1xx_hal_spi.o(i.SPI_CheckFlag_BSY)
    i.SPI_DMAAbortOnError                    0x08003214   Section        0  stm32f1xx_hal_spi.o(i.SPI_DMAAbortOnError)
    SPI_DMAAbortOnError                      0x08003215   Thumb Code    16  stm32f1xx_hal_spi.o(i.SPI_DMAAbortOnError)
    i.SPI_RWbyte                             0x08003224   Section        0  spi.o(i.SPI_RWbyte)
    i.SPI_WaitFlagStateUntilTimeout          0x08003248   Section        0  stm32f1xx_hal_spi.o(i.SPI_WaitFlagStateUntilTimeout)
    SPI_WaitFlagStateUntilTimeout            0x08003249   Thumb Code   150  stm32f1xx_hal_spi.o(i.SPI_WaitFlagStateUntilTimeout)
    i.STMFLASH_Read                          0x080032e0   Section        0  stmflash.o(i.STMFLASH_Read)
    i.STMFLASH_Write                         0x080032fc   Section        0  stmflash.o(i.STMFLASH_Write)
    i.STMFLASH_Write_NoCheck                 0x080033dc   Section        0  stmflash.o(i.STMFLASH_Write_NoCheck)
    i.SVC_Handler                            0x08003408   Section        0  stm32f1xx_it.o(i.SVC_Handler)
    i.SecretKey_Process                      0x0800340c   Section        0  frame_process.o(i.SecretKey_Process)
    i.Set_Property                           0x080034ac   Section        0  wireless_drv.o(i.Set_Property)
    i.Si4438_Interrupt_Handler               0x080034f0   Section        0  wireless_app.o(i.Si4438_Interrupt_Handler)
    i.Si4438_Property_Init                   0x08003640   Section        0  wireless_drv.o(i.Si4438_Property_Init)
    i.Si4438_Receive_Start                   0x0800379c   Section        0  wireless_app.o(i.Si4438_Receive_Start)
    i.Si4438_Transmit_Start                  0x080037f4   Section        0  wireless_app.o(i.Si4438_Transmit_Start)
    i.Start_RX                               0x080038bc   Section        0  wireless_drv.o(i.Start_RX)
    i.Start_TX                               0x08003924   Section        0  wireless_drv.o(i.Start_TX)
    i.SysDelay_Xms                           0x08003974   Section        0  delay.o(i.SysDelay_Xms)
    i.SysTick_Handle                         0x08003990   Section        0  frame_process.o(i.SysTick_Handle)
    i.SysTick_Handler                        0x08003a44   Section        0  stm32f1xx_it.o(i.SysTick_Handler)
    i.SystemClock_Config                     0x08003a52   Section        0  main.o(i.SystemClock_Config)
    i.SystemInit                             0x08003abc   Section        0  system_stm32f1xx.o(i.SystemInit)
    i.System_8msTick_Process                 0x08003b04   Section        0  main.o(i.System_8msTick_Process)
    i.TIM1_UP_IRQHandler                     0x08003be8   Section        0  stm32f1xx_it.o(i.TIM1_UP_IRQHandler)
    i.TIM_Base_SetConfig                     0x08003bf4   Section        0  stm32f1xx_hal_tim.o(i.TIM_Base_SetConfig)
    i.TIM_ETR_SetConfig                      0x08003c60   Section        0  stm32f1xx_hal_tim.o(i.TIM_ETR_SetConfig)
    TIM_ETR_SetConfig                        0x08003c61   Thumb Code    20  stm32f1xx_hal_tim.o(i.TIM_ETR_SetConfig)
    i.TIM_ITRx_SetConfig                     0x08003c74   Section        0  stm32f1xx_hal_tim.o(i.TIM_ITRx_SetConfig)
    TIM_ITRx_SetConfig                       0x08003c75   Thumb Code    16  stm32f1xx_hal_tim.o(i.TIM_ITRx_SetConfig)
    i.TIM_TI1_ConfigInputStage               0x08003c84   Section        0  stm32f1xx_hal_tim.o(i.TIM_TI1_ConfigInputStage)
    TIM_TI1_ConfigInputStage                 0x08003c85   Thumb Code    34  stm32f1xx_hal_tim.o(i.TIM_TI1_ConfigInputStage)
    i.TIM_TI2_ConfigInputStage               0x08003ca6   Section        0  stm32f1xx_hal_tim.o(i.TIM_TI2_ConfigInputStage)
    TIM_TI2_ConfigInputStage                 0x08003ca7   Thumb Code    36  stm32f1xx_hal_tim.o(i.TIM_TI2_ConfigInputStage)
    i.Touch1_Detect                          0x08003ccc   Section        0  touch.o(i.Touch1_Detect)
    i.Touch2_Detect                          0x08003d60   Section        0  touch.o(i.Touch2_Detect)
    i.Touch3_Detect                          0x08003db4   Section        0  touch.o(i.Touch3_Detect)
    i.Touch4_Detect                          0x08003e40   Section        0  touch.o(i.Touch4_Detect)
    i.Touch_Process                          0x08003e94   Section        0  main.o(i.Touch_Process)
    i.UART_DMAAbortOnError                   0x08003ec6   Section        0  stm32f1xx_hal_uart.o(i.UART_DMAAbortOnError)
    UART_DMAAbortOnError                     0x08003ec7   Thumb Code    16  stm32f1xx_hal_uart.o(i.UART_DMAAbortOnError)
    i.UART_EndRxTransfer                     0x08003ed6   Section        0  stm32f1xx_hal_uart.o(i.UART_EndRxTransfer)
    UART_EndRxTransfer                       0x08003ed7   Thumb Code    28  stm32f1xx_hal_uart.o(i.UART_EndRxTransfer)
    i.UART_Receive_IT                        0x08003ef2   Section        0  stm32f1xx_hal_uart.o(i.UART_Receive_IT)
    UART_Receive_IT                          0x08003ef3   Thumb Code   150  stm32f1xx_hal_uart.o(i.UART_Receive_IT)
    i.UART_SetConfig                         0x08003f88   Section        0  stm32f1xx_hal_uart.o(i.UART_SetConfig)
    UART_SetConfig                           0x08003f89   Thumb Code   364  stm32f1xx_hal_uart.o(i.UART_SetConfig)
    i.UART_Transmit_IT                       0x080040f8   Section        0  stm32f1xx_hal_uart.o(i.UART_Transmit_IT)
    UART_Transmit_IT                         0x080040f9   Thumb Code    98  stm32f1xx_hal_uart.o(i.UART_Transmit_IT)
    i.USART1_IRQHandler                      0x0800415c   Section        0  stm32f1xx_it.o(i.USART1_IRQHandler)
    i.USART2_IRQHandler                      0x0800418c   Section        0  stm32f1xx_it.o(i.USART2_IRQHandler)
    i.UartSendBytes                          0x080041bc   Section        0  uart.o(i.UartSendBytes)
    i.UartSendData                           0x080041da   Section        0  uart.o(i.UartSendData)
    i.UpCom_Process                          0x080041e4   Section        0  main.o(i.UpCom_Process)
    i.UpReport_Process                       0x08004254   Section        0  frame_process.o(i.UpReport_Process)
    i.UpReport_Start                         0x080042ec   Section        0  frame_process.o(i.UpReport_Start)
    i.UpUart_DataTx                          0x0800433c   Section        0  stm32f0_usart.o(i.UpUart_DataTx)
    i.UpUart_RX_INT_Process                  0x08004350   Section        0  uart.o(i.UpUart_RX_INT_Process)
    i.UsageFault_Handler                     0x080044a0   Section        0  stm32f1xx_it.o(i.UsageFault_Handler)
    i.WireLess_Process                       0x080044a4   Section        0  main.o(i.WireLess_Process)
    i.Wireless_Init                          0x08004578   Section        0  wireless_app.o(i.Wireless_Init)
    i.Write_SN3218                           0x080045b4   Section        0  led.o(i.Write_SN3218)
    i.Write_TXfifo                           0x080045d8   Section        0  wireless_drv.o(i.Write_TXfifo)
    i.__0printf$bare                         0x08004624   Section        0  printfb.o(i.__0printf$bare)
    i.__scatterload_copy                     0x08004634   Section       14  handlers.o(i.__scatterload_copy)
    i.__scatterload_null                     0x08004642   Section        2  handlers.o(i.__scatterload_null)
    i.__scatterload_zeroinit                 0x08004644   Section       14  handlers.o(i.__scatterload_zeroinit)
    i._printf_core                           0x08004652   Section        0  printfb.o(i._printf_core)
    _printf_core                             0x08004653   Thumb Code    34  printfb.o(i._printf_core)
    i.add_round_key                          0x08004674   Section        0  aes.o(i.add_round_key)
    i.cipher                                 0x080046b0   Section        0  aes.o(i.cipher)
    i.coef_add                               0x08004742   Section        0  aes.o(i.coef_add)
    i.coef_mult                              0x08004766   Section        0  aes.o(i.coef_mult)
    i.delay_us                               0x08004818   Section        0  delay.o(i.delay_us)
    i.fputc                                  0x08004830   Section        0  uart.o(i.fputc)
    i.gmult                                  0x08004844   Section        0  aes.o(i.gmult)
    i.inv_cipher                             0x08004870   Section        0  aes.o(i.inv_cipher)
    i.inv_mix_columns                        0x08004904   Section        0  aes.o(i.inv_mix_columns)
    i.inv_shift_rows                         0x08004954   Section        0  aes.o(i.inv_shift_rows)
    i.inv_sub_bytes                          0x08004990   Section        0  aes.o(i.inv_sub_bytes)
    i.key_expansion                          0x080049c4   Section        0  aes.o(i.key_expansion)
    i.main                                   0x08004a70   Section        0  main.o(i.main)
    i.mix_columns                            0x08004b7c   Section        0  aes.o(i.mix_columns)
    i.rot_word                               0x08004bcc   Section        0  aes.o(i.rot_word)
    i.shift_rows                             0x08004be4   Section        0  aes.o(i.shift_rows)
    i.sub_bytes                              0x08004c20   Section        0  aes.o(i.sub_bytes)
    i.sub_word                               0x08004c54   Section        0  aes.o(i.sub_word)
    .constdata                               0x08004c74   Section       16  system_stm32f1xx.o(.constdata)
    .constdata                               0x08004c84   Section        8  system_stm32f1xx.o(.constdata)
    .constdata                               0x08004c8c   Section      138  wireless_app.o(.constdata)
    Frequency_Channel_Index                  0x08004cce   Data          72  wireless_app.o(.constdata)
    .constdata                               0x08004d16   Section      347  wireless_drv.o(.constdata)
    .constdata                               0x08004e71   Section      512  aes.o(.constdata)
    s_box                                    0x08004e71   Data         256  aes.o(.constdata)
    inv_s_box                                0x08004f71   Data         256  aes.o(.constdata)
    .constdata                               0x08005072   Section      544  crc16.o(.constdata)
    .constdata                               0x08005292   Section       60  frame_process.o(.constdata)
    .constdata                               0x080052ce   Section      256  led.o(.constdata)
    .data                                    0x20000000   Section       16  user_call_back.o(.data)
    .data                                    0x20000010   Section        1  user_call_back.o(.data)
    .data                                    0x20000011   Section        3  main.o(.data)
    Wireless_ErrCnt                          0x20000011   Data           1  main.o(.data)
    .data                                    0x20000014   Section       12  stm32f1xx_hal.o(.data)
    .data                                    0x20000020   Section        4  system_stm32f1xx.o(.data)
    .data                                    0x20000024   Section        1  spi.o(.data)
    .data                                    0x20000025   Section        1  uart.o(.data)
    Len_Cnt                                  0x20000025   Data           1  uart.o(.data)
    .data                                    0x20000026   Section        8  wireless_app.o(.data)
    TRANSMIT_REMAIN                          0x20000026   Data           1  wireless_app.o(.data)
    TRANSMIT_TIMES                           0x20000027   Data           1  wireless_app.o(.data)
    RECEIVE_TIMES                            0x20000028   Data           1  wireless_app.o(.data)
    RECEIVE_REMAIN                           0x20000029   Data           1  wireless_app.o(.data)
    .data                                    0x2000002e   Section        2  wireless_app.o(.data)
    .data                                    0x20000030   Section       58  wireless_drv.o(.data)
    tocnt                                    0x20000030   Data           2  wireless_drv.o(.data)
    .data                                    0x2000006a   Section        1  stm32f0_usart.o(.data)
    .data                                    0x2000006b   Section        1  stm32f0_usart.o(.data)
    .data                                    0x2000006c   Section        4  aes.o(.data)
    .data                                    0x20000070   Section       12  frame_process.o(.data)
    time_cnt                                 0x20000070   Data           2  frame_process.o(.data)
    .data                                    0x2000007c   Section        7  led.o(.data)
    Breathe_Cnt                              0x2000007c   Data           1  led.o(.data)
    Breathe_State                            0x2000007d   Data           1  led.o(.data)
    Breathe_Gap_Cnt                          0x2000007e   Data           1  led.o(.data)
    Water_Gap_Cnt                            0x2000007f   Data           1  led.o(.data)
    Water_Number                             0x20000080   Data           1  led.o(.data)
    MiddleLed_BreatheCnt                     0x20000081   Data           1  led.o(.data)
    MiddleLed_Gap_Cnt                        0x20000082   Data           1  led.o(.data)
    .data                                    0x20000083   Section        1  rsa.o(.data)
    .data                                    0x20000084   Section       14  touch.o(.data)
    Touch1_LastState                         0x20000084   Data           1  touch.o(.data)
    Touch1Dis_Flag                           0x20000085   Data           1  touch.o(.data)
    Touch1_FilterCnt                         0x20000086   Data           1  touch.o(.data)
    Touch2_LastState                         0x20000087   Data           1  touch.o(.data)
    Touch2_FilterCnt                         0x20000088   Data           1  touch.o(.data)
    Touch3_LastState                         0x20000089   Data           1  touch.o(.data)
    Touch3Dis_Flag                           0x2000008a   Data           1  touch.o(.data)
    Touch3_FilterCnt                         0x2000008b   Data           1  touch.o(.data)
    Touch4_LastState                         0x2000008c   Data           1  touch.o(.data)
    Touch4_FilterCnt                         0x2000008d   Data           1  touch.o(.data)
    Touch1_Cnt                               0x2000008e   Data           2  touch.o(.data)
    Touch3_Cnt                               0x20000090   Data           2  touch.o(.data)
    .data                                    0x20000094   Section        4  stdout.o(.data)
    .bss                                     0x20000098   Section      400  user_call_back.o(.bss)
    .bss                                     0x20000228   Section      280  main.o(.bss)
    .bss                                     0x20000340   Section       32  stm32f1xx_hal_flash.o(.bss)
    .bss                                     0x20000360   Section      774  wireless_app.o(.bss)
    .bss                                     0x20000666   Section       10  wireless_drv.o(.bss)
    .bss                                     0x20000670   Section     1024  stmflash.o(.bss)
    .bss                                     0x20000a70   Section      258  stm32f0_usart.o(.bss)
    .bss                                     0x20000b72   Section      259  stm32f0_usart.o(.bss)
    .bss                                     0x20000c75   Section      176  aes.o(.bss)
    .bss                                     0x20000d25   Section       16  aes.o(.bss)
    .bss                                     0x20000d35   Section       54  aes.o(.bss)
    .bss                                     0x20000d6c   Section       16  frame_process.o(.bss)
    .bss                                     0x20000d7c   Section     2372  frame_process.o(.bss)
    .bss                                     0x200016c0   Section       13  frame_process.o(.bss)
    STACK                                    0x200016d0   Section     1024  startup_stm32f103xb.o(STACK)

    Global Symbols

    Symbol Name                              Value     Ov Type        Size  Object(Section)

    BuildAttributes$$THM_ISAv4$P$D$K$B$S$PE$A:L22UL41UL21$X:L11$S22US41US21$IEEE1$IW$USESV6$~STKCKD$USESV7$~SHL$OSPACE$ROPI$EBA8$MICROLIB$REQ8$PRES8$EABIv2 0x00000000   Number         0  anon$$obj.o ABSOLUTE
    __ARM_use_no_argv                        0x00000000   Number         0  main.o ABSOLUTE
    __cpp_initialize__aeabi_                  - Undefined Weak Reference
    __cxa_finalize                            - Undefined Weak Reference
    __decompress                              - Undefined Weak Reference
    _clock_init                               - Undefined Weak Reference
    _microlib_exit                            - Undefined Weak Reference
    __Vectors_Size                           0x000000ec   Number         0  startup_stm32f103xb.o ABSOLUTE
    __Vectors                                0x08000000   Data           4  startup_stm32f103xb.o(RESET)
    __Vectors_End                            0x080000ec   Data           0  startup_stm32f103xb.o(RESET)
    __main                                   0x080000ed   Thumb Code     0  entry.o(.ARM.Collect$$$$00000000)
    _main_stk                                0x080000ed   Thumb Code     0  entry2.o(.ARM.Collect$$$$00000001)
    _main_scatterload                        0x080000f1   Thumb Code     0  entry5.o(.ARM.Collect$$$$00000004)
    __main_after_scatterload                 0x080000f5   Thumb Code     0  entry5.o(.ARM.Collect$$$$00000004)
    _main_clock                              0x080000f5   Thumb Code     0  entry7b.o(.ARM.Collect$$$$00000008)
    _main_cpp_init                           0x080000f5   Thumb Code     0  entry8b.o(.ARM.Collect$$$$0000000A)
    _main_init                               0x080000f5   Thumb Code     0  entry9a.o(.ARM.Collect$$$$0000000B)
    __rt_final_cpp                           0x080000fd   Thumb Code     0  entry10a.o(.ARM.Collect$$$$0000000D)
    __rt_final_exit                          0x080000fd   Thumb Code     0  entry11a.o(.ARM.Collect$$$$0000000F)
    Reset_Handler                            0x08000101   Thumb Code     8  startup_stm32f103xb.o(.text)
    ADC1_2_IRQHandler                        0x0800011b   Thumb Code     0  startup_stm32f103xb.o(.text)
    CAN1_RX1_IRQHandler                      0x0800011b   Thumb Code     0  startup_stm32f103xb.o(.text)
    CAN1_SCE_IRQHandler                      0x0800011b   Thumb Code     0  startup_stm32f103xb.o(.text)
    DMA1_Channel1_IRQHandler                 0x0800011b   Thumb Code     0  startup_stm32f103xb.o(.text)
    DMA1_Channel2_IRQHandler                 0x0800011b   Thumb Code     0  startup_stm32f103xb.o(.text)
    DMA1_Channel3_IRQHandler                 0x0800011b   Thumb Code     0  startup_stm32f103xb.o(.text)
    DMA1_Channel4_IRQHandler                 0x0800011b   Thumb Code     0  startup_stm32f103xb.o(.text)
    DMA1_Channel5_IRQHandler                 0x0800011b   Thumb Code     0  startup_stm32f103xb.o(.text)
    DMA1_Channel6_IRQHandler                 0x0800011b   Thumb Code     0  startup_stm32f103xb.o(.text)
    DMA1_Channel7_IRQHandler                 0x0800011b   Thumb Code     0  startup_stm32f103xb.o(.text)
    EXTI0_IRQHandler                         0x0800011b   Thumb Code     0  startup_stm32f103xb.o(.text)
    EXTI1_IRQHandler                         0x0800011b   Thumb Code     0  startup_stm32f103xb.o(.text)
    EXTI2_IRQHandler                         0x0800011b   Thumb Code     0  startup_stm32f103xb.o(.text)
    EXTI3_IRQHandler                         0x0800011b   Thumb Code     0  startup_stm32f103xb.o(.text)
    EXTI4_IRQHandler                         0x0800011b   Thumb Code     0  startup_stm32f103xb.o(.text)
    EXTI9_5_IRQHandler                       0x0800011b   Thumb Code     0  startup_stm32f103xb.o(.text)
    FLASH_IRQHandler                         0x0800011b   Thumb Code     0  startup_stm32f103xb.o(.text)
    I2C1_ER_IRQHandler                       0x0800011b   Thumb Code     0  startup_stm32f103xb.o(.text)
    I2C1_EV_IRQHandler                       0x0800011b   Thumb Code     0  startup_stm32f103xb.o(.text)
    I2C2_ER_IRQHandler                       0x0800011b   Thumb Code     0  startup_stm32f103xb.o(.text)
    I2C2_EV_IRQHandler                       0x0800011b   Thumb Code     0  startup_stm32f103xb.o(.text)
    PVD_IRQHandler                           0x0800011b   Thumb Code     0  startup_stm32f103xb.o(.text)
    RCC_IRQHandler                           0x0800011b   Thumb Code     0  startup_stm32f103xb.o(.text)
    RTC_Alarm_IRQHandler                     0x0800011b   Thumb Code     0  startup_stm32f103xb.o(.text)
    RTC_IRQHandler                           0x0800011b   Thumb Code     0  startup_stm32f103xb.o(.text)
    SPI2_IRQHandler                          0x0800011b   Thumb Code     0  startup_stm32f103xb.o(.text)
    TAMPER_IRQHandler                        0x0800011b   Thumb Code     0  startup_stm32f103xb.o(.text)
    TIM1_BRK_IRQHandler                      0x0800011b   Thumb Code     0  startup_stm32f103xb.o(.text)
    TIM1_CC_IRQHandler                       0x0800011b   Thumb Code     0  startup_stm32f103xb.o(.text)
    TIM1_TRG_COM_IRQHandler                  0x0800011b   Thumb Code     0  startup_stm32f103xb.o(.text)
    TIM2_IRQHandler                          0x0800011b   Thumb Code     0  startup_stm32f103xb.o(.text)
    TIM3_IRQHandler                          0x0800011b   Thumb Code     0  startup_stm32f103xb.o(.text)
    TIM4_IRQHandler                          0x0800011b   Thumb Code     0  startup_stm32f103xb.o(.text)
    USART3_IRQHandler                        0x0800011b   Thumb Code     0  startup_stm32f103xb.o(.text)
    USBWakeUp_IRQHandler                     0x0800011b   Thumb Code     0  startup_stm32f103xb.o(.text)
    USB_HP_CAN1_TX_IRQHandler                0x0800011b   Thumb Code     0  startup_stm32f103xb.o(.text)
    USB_LP_CAN1_RX0_IRQHandler               0x0800011b   Thumb Code     0  startup_stm32f103xb.o(.text)
    WWDG_IRQHandler                          0x0800011b   Thumb Code     0  startup_stm32f103xb.o(.text)
    __aeabi_llsr                             0x08000125   Thumb Code    32  llushr.o(.text)
    _ll_ushift_r                             0x08000125   Thumb Code     0  llushr.o(.text)
    ___aeabi_memcpy$move                     0x08000145   Thumb Code    64  memmovea.o(.text)
    ___aeabi_memcpy4$move                    0x08000145   Thumb Code     0  memmovea.o(.text)
    ___aeabi_memcpy8$move                    0x08000145   Thumb Code     0  memmovea.o(.text)
    __aeabi_memmove                          0x08000145   Thumb Code     0  memmovea.o(.text)
    __aeabi_memmove4                         0x08000145   Thumb Code     0  memmovea.o(.text)
    __aeabi_memmove8                         0x08000145   Thumb Code     0  memmovea.o(.text)
    __aeabi_memset                           0x08000185   Thumb Code    14  memseta.o(.text)
    __aeabi_memset4                          0x08000185   Thumb Code     0  memseta.o(.text)
    __aeabi_memset8                          0x08000185   Thumb Code     0  memseta.o(.text)
    __aeabi_memclr                           0x08000193   Thumb Code     4  memseta.o(.text)
    __aeabi_memclr4                          0x08000193   Thumb Code     0  memseta.o(.text)
    __aeabi_memclr8                          0x08000193   Thumb Code     0  memseta.o(.text)
    _memset$wrapper                          0x08000197   Thumb Code    18  memseta.o(.text)
    memcmp                                   0x080001a9   Thumb Code    26  memcmp.o(.text)
    __scatterload                            0x080001c5   Thumb Code    28  init.o(.text)
    __scatterload_rt2                        0x080001c5   Thumb Code     0  init.o(.text)
    Aes_Key_Read                             0x080001e9   Thumb Code    32  main.o(i.Aes_Key_Read)
    BusFault_Handler                         0x08000215   Thumb Code     2  stm32f1xx_it.o(i.BusFault_Handler)
    CRC16_2                                  0x08000219   Thumb Code    62  crc16.o(i.CRC16_2)
    Change_State                             0x0800025d   Thumb Code    52  wireless_drv.o(i.Change_State)
    Clear_EventFrame_Process                 0x08000295   Thumb Code    86  frame_process.o(i.Clear_EventFrame_Process)
    DebugMon_Handler                         0x080002eb   Thumb Code     2  stm32f1xx_it.o(i.DebugMon_Handler)
    EXTI15_10_IRQHandler                     0x080002ed   Thumb Code     8  stm32f1xx_it.o(i.EXTI15_10_IRQHandler)
    Eeprom_ErasePage                         0x080002f5   Thumb Code     2  stm32f0_eeprom.o(i.Eeprom_ErasePage)
    Eeprom_Read                              0x080002f7   Thumb Code    10  stm32f0_eeprom.o(i.Eeprom_Read)
    Eeprom_Write                             0x08000301   Thumb Code    10  stm32f0_eeprom.o(i.Eeprom_Write)
    Encrypt_Convert                          0x0800030d   Thumb Code   238  frame_process.o(i.Encrypt_Convert)
    FLASH_PageErase                          0x08000409   Thumb Code    28  stm32f1xx_hal_flash_ex.o(i.FLASH_PageErase)
    FLASH_WaitForLastOperation               0x080004a5   Thumb Code    80  stm32f1xx_hal_flash.o(i.FLASH_WaitForLastOperation)
    FrameData_Detect                         0x080004f9   Thumb Code    58  frame_process.o(i.FrameData_Detect)
    Frame_Compose                            0x08000533   Thumb Code    54  frame_process.o(i.Frame_Compose)
    Frame_Process                            0x08000569   Thumb Code    80  frame_process.o(i.Frame_Process)
    GPIO_PIN_CFG                             0x080005b9   Thumb Code    58  wireless_drv.o(i.GPIO_PIN_CFG)
    Get_INTState                             0x080005f9   Thumb Code   106  wireless_drv.o(i.Get_INTState)
    Get_ModemStatus                          0x08000669   Thumb Code   132  wireless_drv.o(i.Get_ModemStatus)
    Get_PartInfo                             0x080006f5   Thumb Code   138  wireless_drv.o(i.Get_PartInfo)
    Get_WireLessChannel                      0x08000789   Thumb Code     8  main.o(i.Get_WireLessChannel)
    HAL_DMA_Abort_IT                         0x08000791   Thumb Code   148  stm32f1xx_hal_dma.o(i.HAL_DMA_Abort_IT)
    HAL_FLASH_Lock                           0x08000829   Thumb Code    14  stm32f1xx_hal_flash.o(i.HAL_FLASH_Lock)
    HAL_FLASH_Program                        0x0800083d   Thumb Code   120  stm32f1xx_hal_flash.o(i.HAL_FLASH_Program)
    HAL_FLASH_Unlock                         0x080008bd   Thumb Code    28  stm32f1xx_hal_flash.o(i.HAL_FLASH_Unlock)
    HAL_GPIO_EXTI_Callback                   0x080008e5   Thumb Code    14  user_call_back.o(i.HAL_GPIO_EXTI_Callback)
    HAL_GPIO_EXTI_IRQHandler                 0x080008f9   Thumb Code    18  stm32f1xx_hal_gpio.o(i.HAL_GPIO_EXTI_IRQHandler)
    HAL_GPIO_Init                            0x08000911   Thumb Code   408  stm32f1xx_hal_gpio.o(i.HAL_GPIO_Init)
    HAL_GPIO_ReadPin                         0x08000acd   Thumb Code    10  stm32f1xx_hal_gpio.o(i.HAL_GPIO_ReadPin)
    HAL_GPIO_TogglePin                       0x08000ad7   Thumb Code     8  stm32f1xx_hal_gpio.o(i.HAL_GPIO_TogglePin)
    HAL_GPIO_WritePin                        0x08000adf   Thumb Code    10  stm32f1xx_hal_gpio.o(i.HAL_GPIO_WritePin)
    HAL_GetTick                              0x08000ae9   Thumb Code     6  stm32f1xx_hal.o(i.HAL_GetTick)
    HAL_IncTick                              0x08000af5   Thumb Code    12  stm32f1xx_hal.o(i.HAL_IncTick)
    HAL_Init                                 0x08000b05   Thumb Code    32  stm32f1xx_hal.o(i.HAL_Init)
    HAL_InitTick                             0x08000b29   Thumb Code    54  stm32f1xx_hal.o(i.HAL_InitTick)
    HAL_MspInit                              0x08000b69   Thumb Code   134  stm32f1xx_hal_msp.o(i.HAL_MspInit)
    HAL_NVIC_EnableIRQ                       0x08000bf9   Thumb Code    22  stm32f1xx_hal_cortex.o(i.HAL_NVIC_EnableIRQ)
    HAL_NVIC_SetPriority                     0x08000c11   Thumb Code    60  stm32f1xx_hal_cortex.o(i.HAL_NVIC_SetPriority)
    HAL_NVIC_SetPriorityGrouping             0x08000c51   Thumb Code    26  stm32f1xx_hal_cortex.o(i.HAL_NVIC_SetPriorityGrouping)
    HAL_RCC_ClockConfig                      0x08000c75   Thumb Code   322  stm32f1xx_hal_rcc.o(i.HAL_RCC_ClockConfig)
    HAL_RCC_GetHCLKFreq                      0x08000dc9   Thumb Code     6  stm32f1xx_hal_rcc.o(i.HAL_RCC_GetHCLKFreq)
    HAL_RCC_GetPCLK1Freq                     0x08000dd5   Thumb Code    20  stm32f1xx_hal_rcc.o(i.HAL_RCC_GetPCLK1Freq)
    HAL_RCC_GetPCLK2Freq                     0x08000df5   Thumb Code    20  stm32f1xx_hal_rcc.o(i.HAL_RCC_GetPCLK2Freq)
    HAL_RCC_GetSysClockFreq                  0x08000e15   Thumb Code    74  stm32f1xx_hal_rcc.o(i.HAL_RCC_GetSysClockFreq)
    HAL_RCC_OscConfig                        0x08000e81   Thumb Code   750  stm32f1xx_hal_rcc.o(i.HAL_RCC_OscConfig)
    HAL_SPI_ErrorCallback                    0x08001185   Thumb Code     2  stm32f1xx_hal_spi.o(i.HAL_SPI_ErrorCallback)
    HAL_SPI_IRQHandler                       0x08001189   Thumb Code   190  stm32f1xx_hal_spi.o(i.HAL_SPI_IRQHandler)
    HAL_SPI_Init                             0x0800124d   Thumb Code   130  stm32f1xx_hal_spi_ex.o(i.HAL_SPI_Init)
    HAL_SPI_MspInit                          0x080012d1   Thumb Code   104  stm32f1xx_hal_msp.o(i.HAL_SPI_MspInit)
    HAL_SPI_TransmitReceive                  0x08001349   Thumb Code   472  stm32f1xx_hal_spi.o(i.HAL_SPI_TransmitReceive)
    HAL_SYSTICK_CLKSourceConfig              0x08001521   Thumb Code    24  stm32f1xx_hal_cortex.o(i.HAL_SYSTICK_CLKSourceConfig)
    HAL_SYSTICK_Callback                     0x08001539   Thumb Code    40  user_call_back.o(i.HAL_SYSTICK_Callback)
    HAL_SYSTICK_Config                       0x08001565   Thumb Code    40  stm32f1xx_hal_cortex.o(i.HAL_SYSTICK_Config)
    HAL_SYSTICK_IRQHandler                   0x0800158d   Thumb Code     8  stm32f1xx_hal_cortex.o(i.HAL_SYSTICK_IRQHandler)
    HAL_TIMEx_BreakCallback                  0x08001595   Thumb Code     2  stm32f1xx_hal_tim_ex.o(i.HAL_TIMEx_BreakCallback)
    HAL_TIMEx_CommutationCallback            0x08001597   Thumb Code     2  stm32f1xx_hal_tim_ex.o(i.HAL_TIMEx_CommutationCallback)
    HAL_TIMEx_MasterConfigSynchronization    0x08001599   Thumb Code    80  stm32f1xx_hal_tim_ex.o(i.HAL_TIMEx_MasterConfigSynchronization)
    HAL_TIM_Base_Init                        0x080015e9   Thumb Code    54  stm32f1xx_hal_tim.o(i.HAL_TIM_Base_Init)
    HAL_TIM_Base_MspInit                     0x08001621   Thumb Code    50  stm32f1xx_hal_msp.o(i.HAL_TIM_Base_MspInit)
    HAL_TIM_Base_Start                       0x0800165d   Thumb Code    26  stm32f1xx_hal_tim.o(i.HAL_TIM_Base_Start)
    HAL_TIM_ConfigClockSource                0x08001677   Thumb Code   242  stm32f1xx_hal_tim.o(i.HAL_TIM_ConfigClockSource)
    HAL_TIM_IC_CaptureCallback               0x08001769   Thumb Code     2  stm32f1xx_hal_tim.o(i.HAL_TIM_IC_CaptureCallback)
    HAL_TIM_IRQHandler                       0x0800176b   Thumb Code   358  stm32f1xx_hal_tim.o(i.HAL_TIM_IRQHandler)
    HAL_TIM_OC_DelayElapsedCallback          0x080018d1   Thumb Code     2  stm32f1xx_hal_tim.o(i.HAL_TIM_OC_DelayElapsedCallback)
    HAL_TIM_PWM_PulseFinishedCallback        0x080018d3   Thumb Code     2  stm32f1xx_hal_tim.o(i.HAL_TIM_PWM_PulseFinishedCallback)
    HAL_TIM_PeriodElapsedCallback            0x080018d5   Thumb Code    36  user_call_back.o(i.HAL_TIM_PeriodElapsedCallback)
    HAL_TIM_TriggerCallback                  0x08001921   Thumb Code     2  stm32f1xx_hal_tim.o(i.HAL_TIM_TriggerCallback)
    HAL_UART_ErrorCallback                   0x08001923   Thumb Code     2  stm32f1xx_hal_uart.o(i.HAL_UART_ErrorCallback)
    HAL_UART_GetState                        0x08001925   Thumb Code    10  stm32f1xx_hal_uart.o(i.HAL_UART_GetState)
    HAL_UART_IRQHandler                      0x08001931   Thumb Code   266  stm32f1xx_hal_uart.o(i.HAL_UART_IRQHandler)
    HAL_UART_Init                            0x08001a41   Thumb Code    98  stm32f1xx_hal_uart.o(i.HAL_UART_Init)
    HAL_UART_MspInit                         0x08001aa5   Thumb Code   158  stm32f1xx_hal_msp.o(i.HAL_UART_MspInit)
    HAL_UART_Receive_IT                      0x08001b55   Thumb Code    82  stm32f1xx_hal_uart.o(i.HAL_UART_Receive_IT)
    HAL_UART_RxCpltCallback                  0x08001ba9   Thumb Code   148  user_call_back.o(i.HAL_UART_RxCpltCallback)
    HAL_UART_TxCpltCallback                  0x08001c59   Thumb Code     2  stm32f1xx_hal_uart.o(i.HAL_UART_TxCpltCallback)
    HardFault_Handler                        0x08001c5b   Thumb Code     2  stm32f1xx_it.o(i.HardFault_Handler)
    I2C_Start                                0x08001c5d   Thumb Code    64  sn3218a_i2c.o(i.I2C_Start)
    I2C_Stop                                 0x08001ca1   Thumb Code    66  sn3218a_i2c.o(i.I2C_Stop)
    I2C_Write1Byte                           0x08001ce9   Thumb Code   170  sn3218a_i2c.o(i.I2C_Write1Byte)
    I2c_Init                                 0x08001d99   Thumb Code     2  sn3218a_i2c.o(i.I2c_Init)
    LED_Clear                                0x08001d9b   Thumb Code    22  led.o(i.LED_Clear)
    LED_SetALed                              0x08001db1   Thumb Code    94  led.o(i.LED_SetALed)
    LED_SetDuty                              0x08001e11   Thumb Code   202  led.o(i.LED_SetDuty)
    LargeNumber_Comp                         0x08001ee1   Thumb Code    42  rsa.o(i.LargeNumber_Comp)
    LargeNumber_Modulo                       0x08001f0b   Thumb Code    70  rsa.o(i.LargeNumber_Modulo)
    LargeNumber_MoveHigh_1bit                0x08001f51   Thumb Code    22  rsa.o(i.LargeNumber_MoveHigh_1bit)
    LargeNumber_Mul                          0x08001f67   Thumb Code    76  rsa.o(i.LargeNumber_Mul)
    LargeNumber_Mul_Mod                      0x08001fb5   Thumb Code   108  rsa.o(i.LargeNumber_Mul_Mod)
    LargeNumber_Power_Mod                    0x08002021   Thumb Code   246  rsa.o(i.LargeNumber_Power_Mod)
    LargeNumber_SameMod                      0x0800211d   Thumb Code   104  rsa.o(i.LargeNumber_SameMod)
    LargeNumber_Size                         0x08002185   Thumb Code    26  rsa.o(i.LargeNumber_Size)
    Led4_Set                                 0x080021a1   Thumb Code    52  led.o(i.Led4_Set)
    Led_Breathe                              0x080021d9   Thumb Code   142  led.o(i.Led_Breathe)
    Led_Control_Process                      0x08002271   Thumb Code   114  frame_process.o(i.Led_Control_Process)
    Led_Mode1                                0x080022e3   Thumb Code     6  led.o(i.Led_Mode1)
    Led_Mode2                                0x080022e9   Thumb Code     6  led.o(i.Led_Mode2)
    Led_Mode3                                0x080022ef   Thumb Code     8  led.o(i.Led_Mode3)
    Led_Mode4                                0x080022f9   Thumb Code   136  led.o(i.Led_Mode4)
    Led_Mode5                                0x08002389   Thumb Code   400  led.o(i.Led_Mode5)
    Led_Process                              0x08002519   Thumb Code   256  main.o(i.Led_Process)
    Led_Water                                0x08002619   Thumb Code    94  led.o(i.Led_Water)
    Local_CmdFrame_Process                   0x0800267d   Thumb Code   426  frame_process.o(i.Local_CmdFrame_Process)
    MACRead_Process                          0x08002835   Thumb Code    50  frame_process.o(i.MACRead_Process)
    MacAddr_Read                             0x080029f9   Thumb Code    70  main.o(i.MacAddr_Read)
    MacFrame_Process                         0x08002a59   Thumb Code   124  main.o(i.MacFrame_Process)
    MemManage_Handler                        0x08002ae1   Thumb Code     2  stm32f1xx_it.o(i.MemManage_Handler)
    NMI_Handler                              0x08002ae3   Thumb Code     2  stm32f1xx_it.o(i.NMI_Handler)
    PendSV_Handler                           0x08002b05   Thumb Code     2  stm32f1xx_it.o(i.PendSV_Handler)
    PowerOn_Led                              0x08002b07   Thumb Code    38  main.o(i.PowerOn_Led)
    Rcon                                     0x08002b2d   Thumb Code    56  aes.o(i.Rcon)
    Read_RxFifo                              0x08002b69   Thumb Code    72  wireless_drv.o(i.Read_RxFifo)
    RemoteDown_CmdFrame_Process              0x08002bb5   Thumb Code    70  frame_process.o(i.RemoteDown_CmdFrame_Process)
    RemoteDown_EventFrame_Process            0x08002c09   Thumb Code   166  frame_process.o(i.RemoteDown_EventFrame_Process)
    RemoteUp_CmdFrame_Process                0x08002cc9   Thumb Code   376  frame_process.o(i.RemoteUp_CmdFrame_Process)
    Res_FifoInfo                             0x08002e65   Thumb Code    96  wireless_drv.o(i.Res_FifoInfo)
    Rsa_Decode                               0x08002ec9   Thumb Code   102  frame_process.o(i.Rsa_Decode)
    RxData_Process                           0x08002f3d   Thumb Code   188  main.o(i.RxData_Process)
    SI4438_PWUP_Init                         0x0800300d   Thumb Code   156  wireless_drv.o(i.SI4438_PWUP_Init)
    SI4438_ReadCmdBuff                       0x080030b5   Thumb Code   120  wireless_drv.o(i.SI4438_ReadCmdBuff)
    SN3218_Init                              0x08003139   Thumb Code    26  led.o(i.SN3218_Init)
    SN3218_Led_Clear                         0x08003159   Thumb Code    82  led.o(i.SN3218_Led_Clear)
    SN3218_Off                               0x080031b1   Thumb Code     8  led.o(i.SN3218_Off)
    SN3218_On                                0x080031b9   Thumb Code    38  led.o(i.SN3218_On)
    SN3218_Refresh                           0x080031df   Thumb Code     8  led.o(i.SN3218_Refresh)
    SPI1_IRQHandler                          0x080031e9   Thumb Code     6  stm32f1xx_it.o(i.SPI1_IRQHandler)
    SPI_RWbyte                               0x08003225   Thumb Code    28  spi.o(i.SPI_RWbyte)
    STMFLASH_Read                            0x080032e1   Thumb Code    26  stmflash.o(i.STMFLASH_Read)
    STMFLASH_Write                           0x080032fd   Thumb Code   216  stmflash.o(i.STMFLASH_Write)
    STMFLASH_Write_NoCheck                   0x080033dd   Thumb Code    44  stmflash.o(i.STMFLASH_Write_NoCheck)
    SVC_Handler                              0x08003409   Thumb Code     2  stm32f1xx_it.o(i.SVC_Handler)
    SecretKey_Process                        0x0800340d   Thumb Code   136  frame_process.o(i.SecretKey_Process)
    Set_Property                             0x080034ad   Thumb Code    64  wireless_drv.o(i.Set_Property)
    Si4438_Interrupt_Handler                 0x080034f1   Thumb Code   324  wireless_app.o(i.Si4438_Interrupt_Handler)
    Si4438_Property_Init                     0x08003641   Thumb Code   336  wireless_drv.o(i.Si4438_Property_Init)
    Si4438_Receive_Start                     0x0800379d   Thumb Code    78  wireless_app.o(i.Si4438_Receive_Start)
    Si4438_Transmit_Start                    0x080037f5   Thumb Code   192  wireless_app.o(i.Si4438_Transmit_Start)
    Start_RX                                 0x080038bd   Thumb Code   100  wireless_drv.o(i.Start_RX)
    Start_TX                                 0x08003925   Thumb Code    76  wireless_drv.o(i.Start_TX)
    SysDelay_Xms                             0x08003975   Thumb Code    26  delay.o(i.SysDelay_Xms)
    SysTick_Handle                           0x08003991   Thumb Code   168  frame_process.o(i.SysTick_Handle)
    SysTick_Handler                          0x08003a45   Thumb Code    14  stm32f1xx_it.o(i.SysTick_Handler)
    SystemClock_Config                       0x08003a53   Thumb Code   104  main.o(i.SystemClock_Config)
    SystemInit                               0x08003abd   Thumb Code    56  system_stm32f1xx.o(i.SystemInit)
    System_8msTick_Process                   0x08003b05   Thumb Code   194  main.o(i.System_8msTick_Process)
    TIM1_UP_IRQHandler                       0x08003be9   Thumb Code     6  stm32f1xx_it.o(i.TIM1_UP_IRQHandler)
    TIM_Base_SetConfig                       0x08003bf5   Thumb Code    94  stm32f1xx_hal_tim.o(i.TIM_Base_SetConfig)
    Touch1_Detect                            0x08003ccd   Thumb Code   138  touch.o(i.Touch1_Detect)
    Touch2_Detect                            0x08003d61   Thumb Code    76  touch.o(i.Touch2_Detect)
    Touch3_Detect                            0x08003db5   Thumb Code   132  touch.o(i.Touch3_Detect)
    Touch4_Detect                            0x08003e41   Thumb Code    76  touch.o(i.Touch4_Detect)
    Touch_Process                            0x08003e95   Thumb Code    50  main.o(i.Touch_Process)
    USART1_IRQHandler                        0x0800415d   Thumb Code    40  stm32f1xx_it.o(i.USART1_IRQHandler)
    USART2_IRQHandler                        0x0800418d   Thumb Code    40  stm32f1xx_it.o(i.USART2_IRQHandler)
    UartSendBytes                            0x080041bd   Thumb Code    30  uart.o(i.UartSendBytes)
    UartSendData                             0x080041db   Thumb Code    10  uart.o(i.UartSendData)
    UpCom_Process                            0x080041e5   Thumb Code   106  main.o(i.UpCom_Process)
    UpReport_Process                         0x08004255   Thumb Code   146  frame_process.o(i.UpReport_Process)
    UpReport_Start                           0x080042ed   Thumb Code    70  frame_process.o(i.UpReport_Start)
    UpUart_DataTx                            0x0800433d   Thumb Code    16  stm32f0_usart.o(i.UpUart_DataTx)
    UpUart_RX_INT_Process                    0x08004351   Thumb Code   328  uart.o(i.UpUart_RX_INT_Process)
    UsageFault_Handler                       0x080044a1   Thumb Code     2  stm32f1xx_it.o(i.UsageFault_Handler)
    WireLess_Process                         0x080044a5   Thumb Code   190  main.o(i.WireLess_Process)
    Wireless_Init                            0x08004579   Thumb Code    52  wireless_app.o(i.Wireless_Init)
    Write_SN3218                             0x080045b5   Thumb Code    36  led.o(i.Write_SN3218)
    Write_TXfifo                             0x080045d9   Thumb Code    70  wireless_drv.o(i.Write_TXfifo)
    __0printf$bare                           0x08004625   Thumb Code     8  printfb.o(i.__0printf$bare)
    __1printf$bare                           0x08004625   Thumb Code     0  printfb.o(i.__0printf$bare)
    __2printf                                0x08004625   Thumb Code     0  printfb.o(i.__0printf$bare)
    __scatterload_copy                       0x08004635   Thumb Code    14  handlers.o(i.__scatterload_copy)
    __scatterload_null                       0x08004643   Thumb Code     2  handlers.o(i.__scatterload_null)
    __scatterload_zeroinit                   0x08004645   Thumb Code    14  handlers.o(i.__scatterload_zeroinit)
    add_round_key                            0x08004675   Thumb Code    58  aes.o(i.add_round_key)
    cipher                                   0x080046b1   Thumb Code   146  aes.o(i.cipher)
    coef_add                                 0x08004743   Thumb Code    36  aes.o(i.coef_add)
    coef_mult                                0x08004767   Thumb Code   178  aes.o(i.coef_mult)
    delay_us                                 0x08004819   Thumb Code    18  delay.o(i.delay_us)
    fputc                                    0x08004831   Thumb Code    14  uart.o(i.fputc)
    gmult                                    0x08004845   Thumb Code    44  aes.o(i.gmult)
    inv_cipher                               0x08004871   Thumb Code   146  aes.o(i.inv_cipher)
    inv_mix_columns                          0x08004905   Thumb Code    74  aes.o(i.inv_mix_columns)
    inv_shift_rows                           0x08004955   Thumb Code    58  aes.o(i.inv_shift_rows)
    inv_sub_bytes                            0x08004991   Thumb Code    46  aes.o(i.inv_sub_bytes)
    key_expansion                            0x080049c5   Thumb Code   170  aes.o(i.key_expansion)
    main                                     0x08004a71   Thumb Code   224  main.o(i.main)
    mix_columns                              0x08004b7d   Thumb Code    74  aes.o(i.mix_columns)
    rot_word                                 0x08004bcd   Thumb Code    22  aes.o(i.rot_word)
    shift_rows                               0x08004be5   Thumb Code    60  aes.o(i.shift_rows)
    sub_bytes                                0x08004c21   Thumb Code    46  aes.o(i.sub_bytes)
    sub_word                                 0x08004c55   Thumb Code    28  aes.o(i.sub_word)
    AHBPrescTable                            0x08004c74   Data          16  system_stm32f1xx.o(.constdata)
    APBPrescTable                            0x08004c84   Data           8  system_stm32f1xx.o(.constdata)
    Channel_Frequency_Index                  0x08004c8c   Data          66  wireless_app.o(.constdata)
    RF_GLOBAL_CONFIG_1                       0x08004d16   Data           5  wireless_drv.o(.constdata)
    RF_PKT_CONFIG1_1                         0x08004d1b   Data           5  wireless_drv.o(.constdata)
    RF_MODEM_AGC_CONTROL_1                   0x08004d20   Data           5  wireless_drv.o(.constdata)
    RF_MODEM_RSSI_MUTE_1                     0x08004d25   Data           5  wireless_drv.o(.constdata)
    rssi_threshold                           0x08004d2a   Data           5  wireless_drv.o(.constdata)
    pkt_crc_config                           0x08004d2f   Data           5  wireless_drv.o(.constdata)
    RF_GLOBAL_XO_TUNE_2                      0x08004d34   Data           6  wireless_drv.o(.constdata)
    RF_MODEM_RAW_SEARCH2_2                   0x08004d3a   Data           6  wireless_drv.o(.constdata)
    RF_MODEM_SPIKE_DET_2                     0x08004d40   Data           6  wireless_drv.o(.constdata)
    pk_threshold                             0x08004d46   Data           6  wireless_drv.o(.constdata)
    RF_INT_CTL_ENABLE_2                      0x08004d4c   Data           7  wireless_drv.o(.constdata)
    RF_SYNC_CONFIG_3                         0x08004d53   Data           7  wireless_drv.o(.constdata)
    RF_MODEM_FREQ_DEV_0_1                    0x08004d5a   Data           7  wireless_drv.o(.constdata)
    RF_MODEM_RSSI_CONTROL_3                  0x08004d61   Data           7  wireless_drv.o(.constdata)
    RF_PA_TC_1                               0x08004d68   Data           7  wireless_drv.o(.constdata)
    RF_MODEM_AFC_LIMITER_1_3                 0x08004d6f   Data           7  wireless_drv.o(.constdata)
    RF_MODEM_AGC_WINDOW_SIZE_3               0x08004d76   Data           7  wireless_drv.o(.constdata)
    pk_set1                                  0x08004d7d   Data           7  wireless_drv.o(.constdata)
    RF_FRR_CTL_A_MODE_4                      0x08004d84   Data           8  wireless_drv.o(.constdata)
    RF_MODEM_OOK_PDTC_4                      0x08004d8c   Data           8  wireless_drv.o(.constdata)
    RF_PREAMBLE_TX_LENGTH_1                  0x08004d94   Data           9  wireless_drv.o(.constdata)
    RF_MODEM_MOD_TYPE_12                     0x08004d9d   Data          14  wireless_drv.o(.constdata)
    RF_FREQ_CONTROL_INTE_8                   0x08004dab   Data          12  wireless_drv.o(.constdata)
    RF_MODEM_TX_RAMP_DELAY_12                0x08004db7   Data          16  wireless_drv.o(.constdata)
    RF_MODEM_BCR_NCO_OFFSET_2_12             0x08004dc7   Data          16  wireless_drv.o(.constdata)
    RF_MODEM_RAW_CONTROL_8                   0x08004dd7   Data          12  wireless_drv.o(.constdata)
    RF_MODEM_DSA_CTRL1_5                     0x08004de3   Data           9  wireless_drv.o(.constdata)
    RF_MODEM_CHFLT_RX1_CHFLT_COE13_7_0_12    0x08004dec   Data          16  wireless_drv.o(.constdata)
    RF_MODEM_CHFLT_RX1_CHFLT_COE1_7_0_12     0x08004dfc   Data          16  wireless_drv.o(.constdata)
    RF_MODEM_CHFLT_RX2_CHFLT_COE7_7_0_12     0x08004e0c   Data          16  wireless_drv.o(.constdata)
    RF_SYNTH_PFDCP_CPFF_7                    0x08004e1c   Data          11  wireless_drv.o(.constdata)
    RF_RX_HOP_TABLE_ENTRY_10_12              0x08004e27   Data          16  wireless_drv.o(.constdata)
    RF_RX_HOP_TABLE_ENTRY_22_12              0x08004e37   Data          16  wireless_drv.o(.constdata)
    RF_RX_HOP_TABLE_ENTRY_34_12              0x08004e47   Data          16  wireless_drv.o(.constdata)
    RF_RX_HOP_TABLE_ENTRY_46_12              0x08004e57   Data          16  wireless_drv.o(.constdata)
    RF_RX_HOP_TABLE_ENTRY_58_6               0x08004e67   Data          10  wireless_drv.o(.constdata)
    chCRCHTalbe                              0x08005072   Data         256  crc16.o(.constdata)
    chCRCLTalbe                              0x08005172   Data         256  crc16.o(.constdata)
    wCRCTalbeAbs                             0x08005272   Data          32  crc16.o(.constdata)
    MACRead_ID                               0x08005292   Data           3  frame_process.o(.constdata)
    Set_LogicAddr_Id                         0x08005295   Data           3  frame_process.o(.constdata)
    Led_Control_ID                           0x08005298   Data           3  frame_process.o(.constdata)
    Key_Event_ID                             0x0800529b   Data           3  frame_process.o(.constdata)
    Provide_LogicAddrTab_Id                  0x0800529e   Data           3  frame_process.o(.constdata)
    GetVersion_ID                            0x080052a1   Data           3  frame_process.o(.constdata)
    TimeCalib_ID                             0x080052a4   Data           3  frame_process.o(.constdata)
    SecretKey_ID                             0x080052a7   Data           3  frame_process.o(.constdata)
    Self_LogicAddr                           0x080052aa   Data           4  frame_process.o(.constdata)
    Mi_Yue_Tab                               0x080052ae   Data          16  frame_process.o(.constdata)
    Mo_Zhi_Tab                               0x080052be   Data          16  frame_process.o(.constdata)
    LEDBrightUp_64Level                      0x080052ce   Data          64  led.o(.constdata)
    LEDBrightDown_64Level                    0x0800530e   Data          64  led.o(.constdata)
    MidBrightUp_64Level                      0x0800534e   Data          64  led.o(.constdata)
    MidBrightDown_64Level                    0x0800538e   Data          64  led.o(.constdata)
    Region$$Table$$Base                      0x080053d0   Number         0  anon$$obj.o(Region$$Table)
    Region$$Table$$Limit                     0x080053f0   Number         0  anon$$obj.o(Region$$Table)
    USART_RX_STA                             0x20000000   Data           2  user_call_back.o(.data)
    USART2_RX_STA                            0x20000002   Data           2  user_call_back.o(.data)
    test_time1_cnt                           0x20000004   Data           4  user_call_back.o(.data)
    SYSTICK_CNT                              0x20000008   Data           4  user_call_back.o(.data)
    time_dat                                 0x2000000c   Data           4  user_call_back.o(.data)
    TICK_8ms                                 0x20000010   Data           1  user_call_back.o(.data)
    uart1_rec                                0x20000012   Data           1  main.o(.data)
    uart2_rec                                0x20000013   Data           1  main.o(.data)
    uwTickFreq                               0x20000014   Data           1  stm32f1xx_hal.o(.data)
    uwTickPrio                               0x20000018   Data           4  stm32f1xx_hal.o(.data)
    uwTick                                   0x2000001c   Data           4  stm32f1xx_hal.o(.data)
    SystemCoreClock                          0x20000020   Data           4  system_stm32f1xx.o(.data)
    rdata                                    0x20000024   Data           1  spi.o(.data)
    WIRELESS_ERROR_CODE                      0x2000002a   Data           1  wireless_app.o(.data)
    WIRELESS_STATUS                          0x2000002b   Data           1  wireless_app.o(.data)
    WirelessRx_Timeout_Cnt                   0x2000002c   Data           2  wireless_app.o(.data)
    Wireless_Channel                         0x2000002e   Data           2  wireless_app.o(.data)
    pk_set2                                  0x20000032   Data           8  wireless_drv.o(.data)
    pk_set3                                  0x2000003a   Data           8  wireless_drv.o(.data)
    pk_set4                                  0x20000042   Data           8  wireless_drv.o(.data)
    pk_set5                                  0x2000004a   Data           8  wireless_drv.o(.data)
    RF_GPIO_PIN_CFG                          0x20000052   Data           8  wireless_drv.o(.data)
    RF_RX_HOP_CONTROL_12                     0x2000005a   Data          16  wireless_drv.o(.data)
    Secret_GKey_Flag                         0x2000006a   Data           1  stm32f0_usart.o(.data)
    Secret_KeyOk_Flag                        0x2000006b   Data           1  stm32f0_usart.o(.data)
    R                                        0x2000006c   Data           4  aes.o(.data)
    LANGroup_Addr                            0x20000072   Data           3  frame_process.o(.data)
    RunningTime_Buf                          0x20000075   Data           7  frame_process.o(.data)
    index_cnt                                0x20000083   Data           1  rsa.o(.data)
    __stdout                                 0x20000094   Data           4  stdout.o(.data)
    USART_RX_BUF                             0x20000098   Data         200  user_call_back.o(.bss)
    USART2_RX_BUF                            0x20000160   Data         200  user_call_back.o(.bss)
    hspi1                                    0x20000228   Data          88  main.o(.bss)
    htim1                                    0x20000280   Data          64  main.o(.bss)
    huart1                                   0x200002c0   Data          64  main.o(.bss)
    huart2                                   0x20000300   Data          64  main.o(.bss)
    pFlash                                   0x20000340   Data          32  stm32f1xx_hal_flash.o(.bss)
    Wireless_Buf                             0x20000360   Data         774  wireless_app.o(.bss)
    Si4438Cmd_Reply                          0x20000666   Data          10  wireless_drv.o(.bss)
    STMFLASH_BUF                             0x20000670   Data        1024  stmflash.o(.bss)
    UpCom_RxBuf                              0x20000a70   Data         258  stm32f0_usart.o(.bss)
    UpCom_TxBuf                              0x20000b72   Data         259  stm32f0_usart.o(.bss)
    aes_w                                    0x20000c75   Data         176  aes.o(.bss)
    aes_in                                   0x20000d25   Data          16  aes.o(.bss)
    aes_out                                  0x20000d35   Data          54  aes.o(.bss)
    Device_ParaBuf                           0x20000d6c   Data          16  frame_process.o(.bss)
    HKFrame_Buf                              0x20000d7c   Data        2372  frame_process.o(.bss)
    Local_MAC_Addr                           0x200016c0   Data          13  frame_process.o(.bss)
    __initial_sp                             0x20001ad0   Data           0  startup_stm32f103xb.o(STACK)



==============================================================================

Memory Map of the image

  Image Entry point : 0x080000ed

  Load Region LR_IROM1 (Base: 0x08000000, Size: 0x00005488, Max: 0x00010000, ABSOLUTE)

    Execution Region ER_IROM1 (Base: 0x08000000, Size: 0x000053f0, Max: 0x00010000, ABSOLUTE)

    Base Addr    Size         Type   Attr      Idx    E Section Name        Object

    0x08000000   0x000000ec   Data   RO            3    RESET               startup_stm32f103xb.o
    0x080000ec   0x00000000   Code   RO         4302  * .ARM.Collect$$$$00000000  mc_w.l(entry.o)
    0x080000ec   0x00000004   Code   RO         4578    .ARM.Collect$$$$00000001  mc_w.l(entry2.o)
    0x080000f0   0x00000004   Code   RO         4581    .ARM.Collect$$$$00000004  mc_w.l(entry5.o)
    0x080000f4   0x00000000   Code   RO         4583    .ARM.Collect$$$$00000008  mc_w.l(entry7b.o)
    0x080000f4   0x00000000   Code   RO         4585    .ARM.Collect$$$$0000000A  mc_w.l(entry8b.o)
    0x080000f4   0x00000008   Code   RO         4586    .ARM.Collect$$$$0000000B  mc_w.l(entry9a.o)
    0x080000fc   0x00000000   Code   RO         4588    .ARM.Collect$$$$0000000D  mc_w.l(entry10a.o)
    0x080000fc   0x00000000   Code   RO         4590    .ARM.Collect$$$$0000000F  mc_w.l(entry11a.o)
    0x080000fc   0x00000004   Code   RO         4579    .ARM.Collect$$$$00002712  mc_w.l(entry2.o)
    0x08000100   0x00000024   Code   RO            4    .text               startup_stm32f103xb.o
    0x08000124   0x00000020   Code   RO         4305    .text               mc_w.l(llushr.o)
    0x08000144   0x00000040   Code   RO         4310    .text               mc_w.l(memmovea.o)
    0x08000184   0x00000024   Code   RO         4312    .text               mc_w.l(memseta.o)
    0x080001a8   0x0000001a   Code   RO         4314    .text               mc_w.l(memcmp.o)
    0x080001c2   0x00000002   PAD
    0x080001c4   0x00000024   Code   RO         4608    .text               mc_w.l(init.o)
    0x080001e8   0x0000002c   Code   RO          206    i.Aes_Key_Read      main.o
    0x08000214   0x00000002   Code   RO          382    i.BusFault_Handler  stm32f1xx_it.o
    0x08000216   0x00000002   PAD
    0x08000218   0x00000044   Code   RO         3775    i.CRC16_2           crc16.o
    0x0800025c   0x00000038   Code   RO         3251    i.Change_State      wireless_drv.o
    0x08000294   0x00000056   Code   RO         3819    i.Clear_EventFrame_Process  frame_process.o
    0x080002ea   0x00000002   Code   RO          383    i.DebugMon_Handler  stm32f1xx_it.o
    0x080002ec   0x00000008   Code   RO          384    i.EXTI15_10_IRQHandler  stm32f1xx_it.o
    0x080002f4   0x00000002   Code   RO         3518    i.Eeprom_ErasePage  stm32f0_eeprom.o
    0x080002f6   0x0000000a   Code   RO         3520    i.Eeprom_Read       stm32f0_eeprom.o
    0x08000300   0x0000000a   Code   RO         3522    i.Eeprom_Write      stm32f0_eeprom.o
    0x0800030a   0x00000002   PAD
    0x0800030c   0x000000fc   Code   RO         3820    i.Encrypt_Convert   frame_process.o
    0x08000408   0x00000024   Code   RO         2929    i.FLASH_PageErase   stm32f1xx_hal_flash_ex.o
    0x0800042c   0x0000001c   Code   RO         2821    i.FLASH_Program_HalfWord  stm32f1xx_hal_flash.o
    0x08000448   0x0000005c   Code   RO         2822    i.FLASH_SetErrorCode  stm32f1xx_hal_flash.o
    0x080004a4   0x00000054   Code   RO         2823    i.FLASH_WaitForLastOperation  stm32f1xx_hal_flash.o
    0x080004f8   0x0000003a   Code   RO         3821    i.FrameData_Detect  frame_process.o
    0x08000532   0x00000036   Code   RO         3823    i.Frame_Compose     frame_process.o
    0x08000568   0x00000050   Code   RO         3824    i.Frame_Process     frame_process.o
    0x080005b8   0x00000040   Code   RO         3252    i.GPIO_PIN_CFG      wireless_drv.o
    0x080005f8   0x00000070   Code   RO         3255    i.Get_INTState      wireless_drv.o
    0x08000668   0x0000008c   Code   RO         3256    i.Get_ModemStatus   wireless_drv.o
    0x080006f4   0x00000094   Code   RO         3258    i.Get_PartInfo      wireless_drv.o
    0x08000788   0x00000008   Code   RO          207    i.Get_WireLessChannel  main.o
    0x08000790   0x00000098   Code   RO         2486    i.HAL_DMA_Abort_IT  stm32f1xx_hal_dma.o
    0x08000828   0x00000014   Code   RO         2827    i.HAL_FLASH_Lock    stm32f1xx_hal_flash.o
    0x0800083c   0x00000080   Code   RO         2832    i.HAL_FLASH_Program  stm32f1xx_hal_flash.o
    0x080008bc   0x00000028   Code   RO         2834    i.HAL_FLASH_Unlock  stm32f1xx_hal_flash.o
    0x080008e4   0x00000014   Code   RO          135    i.HAL_GPIO_EXTI_Callback  user_call_back.o
    0x080008f8   0x00000018   Code   RO         2420    i.HAL_GPIO_EXTI_IRQHandler  stm32f1xx_hal_gpio.o
    0x08000910   0x000001bc   Code   RO         2421    i.HAL_GPIO_Init     stm32f1xx_hal_gpio.o
    0x08000acc   0x0000000a   Code   RO         2423    i.HAL_GPIO_ReadPin  stm32f1xx_hal_gpio.o
    0x08000ad6   0x00000008   Code   RO         2424    i.HAL_GPIO_TogglePin  stm32f1xx_hal_gpio.o
    0x08000ade   0x0000000a   Code   RO         2425    i.HAL_GPIO_WritePin  stm32f1xx_hal_gpio.o
    0x08000ae8   0x0000000c   Code   RO         2132    i.HAL_GetTick       stm32f1xx_hal.o
    0x08000af4   0x00000010   Code   RO         2136    i.HAL_IncTick       stm32f1xx_hal.o
    0x08000b04   0x00000024   Code   RO         2137    i.HAL_Init          stm32f1xx_hal.o
    0x08000b28   0x00000040   Code   RO         2138    i.HAL_InitTick      stm32f1xx_hal.o
    0x08000b68   0x00000090   Code   RO          488    i.HAL_MspInit       stm32f1xx_hal_msp.o
    0x08000bf8   0x00000016   Code   RO         2581    i.HAL_NVIC_EnableIRQ  stm32f1xx_hal_cortex.o
    0x08000c0e   0x00000002   PAD
    0x08000c10   0x00000040   Code   RO         2587    i.HAL_NVIC_SetPriority  stm32f1xx_hal_cortex.o
    0x08000c50   0x00000024   Code   RO         2588    i.HAL_NVIC_SetPriorityGrouping  stm32f1xx_hal_cortex.o
    0x08000c74   0x00000154   Code   RO         2281    i.HAL_RCC_ClockConfig  stm32f1xx_hal_rcc.o
    0x08000dc8   0x0000000c   Code   RO         2286    i.HAL_RCC_GetHCLKFreq  stm32f1xx_hal_rcc.o
    0x08000dd4   0x00000020   Code   RO         2288    i.HAL_RCC_GetPCLK1Freq  stm32f1xx_hal_rcc.o
    0x08000df4   0x00000020   Code   RO         2289    i.HAL_RCC_GetPCLK2Freq  stm32f1xx_hal_rcc.o
    0x08000e14   0x0000006c   Code   RO         2290    i.HAL_RCC_GetSysClockFreq  stm32f1xx_hal_rcc.o
    0x08000e80   0x00000304   Code   RO         2293    i.HAL_RCC_OscConfig  stm32f1xx_hal_rcc.o
    0x08001184   0x00000002   Code   RO          591    i.HAL_SPI_ErrorCallback  stm32f1xx_hal_spi.o
    0x08001186   0x00000002   PAD
    0x08001188   0x000000c4   Code   RO          594    i.HAL_SPI_IRQHandler  stm32f1xx_hal_spi.o
    0x0800124c   0x00000082   Code   RO          907    i.HAL_SPI_Init      stm32f1xx_hal_spi_ex.o
    0x080012ce   0x00000002   PAD
    0x080012d0   0x00000078   Code   RO          490    i.HAL_SPI_MspInit   stm32f1xx_hal_msp.o
    0x08001348   0x000001d8   Code   RO          604    i.HAL_SPI_TransmitReceive  stm32f1xx_hal_spi.o
    0x08001520   0x00000018   Code   RO         2590    i.HAL_SYSTICK_CLKSourceConfig  stm32f1xx_hal_cortex.o
    0x08001538   0x0000002c   Code   RO          136    i.HAL_SYSTICK_Callback  user_call_back.o
    0x08001564   0x00000028   Code   RO         2592    i.HAL_SYSTICK_Config  stm32f1xx_hal_cortex.o
    0x0800158c   0x00000008   Code   RO         2593    i.HAL_SYSTICK_IRQHandler  stm32f1xx_hal_cortex.o
    0x08001594   0x00000002   Code   RO         1562    i.HAL_TIMEx_BreakCallback  stm32f1xx_hal_tim_ex.o
    0x08001596   0x00000002   Code   RO         1563    i.HAL_TIMEx_CommutationCallback  stm32f1xx_hal_tim_ex.o
    0x08001598   0x00000050   Code   RO         1579    i.HAL_TIMEx_MasterConfigSynchronization  stm32f1xx_hal_tim_ex.o
    0x080015e8   0x00000036   Code   RO          933    i.HAL_TIM_Base_Init  stm32f1xx_hal_tim.o
    0x0800161e   0x00000002   PAD
    0x08001620   0x0000003c   Code   RO          492    i.HAL_TIM_Base_MspInit  stm32f1xx_hal_msp.o
    0x0800165c   0x0000001a   Code   RO          936    i.HAL_TIM_Base_Start  stm32f1xx_hal_tim.o
    0x08001676   0x000000f2   Code   RO          942    i.HAL_TIM_ConfigClockSource  stm32f1xx_hal_tim.o
    0x08001768   0x00000002   Code   RO          962    i.HAL_TIM_IC_CaptureCallback  stm32f1xx_hal_tim.o
    0x0800176a   0x00000166   Code   RO          975    i.HAL_TIM_IRQHandler  stm32f1xx_hal_tim.o
    0x080018d0   0x00000002   Code   RO          978    i.HAL_TIM_OC_DelayElapsedCallback  stm32f1xx_hal_tim.o
    0x080018d2   0x00000002   Code   RO         1005    i.HAL_TIM_PWM_PulseFinishedCallback  stm32f1xx_hal_tim.o
    0x080018d4   0x0000004c   Code   RO          137    i.HAL_TIM_PeriodElapsedCallback  user_call_back.o
    0x08001920   0x00000002   Code   RO         1016    i.HAL_TIM_TriggerCallback  stm32f1xx_hal_tim.o
    0x08001922   0x00000002   Code   RO         1816    i.HAL_UART_ErrorCallback  stm32f1xx_hal_uart.o
    0x08001924   0x0000000a   Code   RO         1818    i.HAL_UART_GetState  stm32f1xx_hal_uart.o
    0x0800192e   0x00000002   PAD
    0x08001930   0x00000110   Code   RO         1819    i.HAL_UART_IRQHandler  stm32f1xx_hal_uart.o
    0x08001a40   0x00000062   Code   RO         1820    i.HAL_UART_Init     stm32f1xx_hal_uart.o
    0x08001aa2   0x00000002   PAD
    0x08001aa4   0x000000b0   Code   RO          494    i.HAL_UART_MspInit  stm32f1xx_hal_msp.o
    0x08001b54   0x00000052   Code   RO         1825    i.HAL_UART_Receive_IT  stm32f1xx_hal_uart.o
    0x08001ba6   0x00000002   PAD
    0x08001ba8   0x000000b0   Code   RO          138    i.HAL_UART_RxCpltCallback  user_call_back.o
    0x08001c58   0x00000002   Code   RO         1831    i.HAL_UART_TxCpltCallback  stm32f1xx_hal_uart.o
    0x08001c5a   0x00000002   Code   RO          385    i.HardFault_Handler  stm32f1xx_it.o
    0x08001c5c   0x00000044   Code   RO         3473    i.I2C_Start         sn3218a_i2c.o
    0x08001ca0   0x00000048   Code   RO         3474    i.I2C_Stop          sn3218a_i2c.o
    0x08001ce8   0x000000b0   Code   RO         3475    i.I2C_Write1Byte    sn3218a_i2c.o
    0x08001d98   0x00000002   Code   RO         3476    i.I2c_Init          sn3218a_i2c.o
    0x08001d9a   0x00000016   Code   RO         3968    i.LED_Clear         led.o
    0x08001db0   0x0000005e   Code   RO         3969    i.LED_SetALed       led.o
    0x08001e0e   0x00000002   PAD
    0x08001e10   0x000000d0   Code   RO         3970    i.LED_SetDuty       led.o
    0x08001ee0   0x0000002a   Code   RO         4191    i.LargeNumber_Comp  rsa.o
    0x08001f0a   0x00000046   Code   RO         4192    i.LargeNumber_Modulo  rsa.o
    0x08001f50   0x00000016   Code   RO         4193    i.LargeNumber_MoveHigh_1bit  rsa.o
    0x08001f66   0x0000004c   Code   RO         4194    i.LargeNumber_Mul   rsa.o
    0x08001fb2   0x00000002   PAD
    0x08001fb4   0x0000006c   Code   RO         4195    i.LargeNumber_Mul_Mod  rsa.o
    0x08002020   0x000000fc   Code   RO         4196    i.LargeNumber_Power_Mod  rsa.o
    0x0800211c   0x00000068   Code   RO         4197    i.LargeNumber_SameMod  rsa.o
    0x08002184   0x0000001a   Code   RO         4198    i.LargeNumber_Size  rsa.o
    0x0800219e   0x00000002   PAD
    0x080021a0   0x00000038   Code   RO         3971    i.Led4_Set          led.o
    0x080021d8   0x00000098   Code   RO         3974    i.Led_Breathe       led.o
    0x08002270   0x00000072   Code   RO         3825    i.Led_Control_Process  frame_process.o
    0x080022e2   0x00000006   Code   RO         3976    i.Led_Mode1         led.o
    0x080022e8   0x00000006   Code   RO         3977    i.Led_Mode2         led.o
    0x080022ee   0x00000008   Code   RO         3978    i.Led_Mode3         led.o
    0x080022f6   0x00000002   PAD
    0x080022f8   0x00000090   Code   RO         3979    i.Led_Mode4         led.o
    0x08002388   0x00000190   Code   RO         3980    i.Led_Mode5         led.o
    0x08002518   0x00000100   Code   RO          208    i.Led_Process       main.o
    0x08002618   0x00000064   Code   RO         3981    i.Led_Water         led.o
    0x0800267c   0x000001b8   Code   RO         3826    i.Local_CmdFrame_Process  frame_process.o
    0x08002834   0x0000003c   Code   RO         3827    i.MACRead_Process   frame_process.o
    0x08002870   0x000000f0   Code   RO          209    i.MX_GPIO_Init      main.o
    0x08002960   0x00000040   Code   RO          210    i.MX_SPI1_Init      main.o
    0x080029a0   0x00000058   Code   RO          211    i.MX_TIM1_Init      main.o
    0x080029f8   0x00000060   Code   RO          212    i.MacAddr_Read      main.o
    0x08002a58   0x00000088   Code   RO          213    i.MacFrame_Process  main.o
    0x08002ae0   0x00000002   Code   RO          386    i.MemManage_Handler  stm32f1xx_it.o
    0x08002ae2   0x00000002   Code   RO          387    i.NMI_Handler       stm32f1xx_it.o
    0x08002ae4   0x00000020   Code   RO         2594    i.NVIC_SetPriority  stm32f1xx_hal_cortex.o
    0x08002b04   0x00000002   Code   RO          388    i.PendSV_Handler    stm32f1xx_it.o
    0x08002b06   0x00000026   Code   RO          214    i.PowerOn_Led       main.o
    0x08002b2c   0x0000003c   Code   RO         3652    i.Rcon              aes.o
    0x08002b68   0x0000004c   Code   RO         3262    i.Read_RxFifo       wireless_drv.o
    0x08002bb4   0x00000054   Code   RO         3829    i.RemoteDown_CmdFrame_Process  frame_process.o
    0x08002c08   0x000000c0   Code   RO         3830    i.RemoteDown_EventFrame_Process  frame_process.o
    0x08002cc8   0x0000019c   Code   RO         3831    i.RemoteUp_CmdFrame_Process  frame_process.o
    0x08002e64   0x00000064   Code   RO         3264    i.Res_FifoInfo      wireless_drv.o
    0x08002ec8   0x00000074   Code   RO         3834    i.Rsa_Decode        frame_process.o
    0x08002f3c   0x000000d0   Code   RO          215    i.RxData_Process    main.o
    0x0800300c   0x000000a8   Code   RO         3266    i.SI4438_PWUP_Init  wireless_drv.o
    0x080030b4   0x00000084   Code   RO         3267    i.SI4438_ReadCmdBuff  wireless_drv.o
    0x08003138   0x00000020   Code   RO         3982    i.SN3218_Init       led.o
    0x08003158   0x00000058   Code   RO         3983    i.SN3218_Led_Clear  led.o
    0x080031b0   0x00000008   Code   RO         3984    i.SN3218_Off        led.o
    0x080031b8   0x00000026   Code   RO         3985    i.SN3218_On         led.o
    0x080031de   0x00000008   Code   RO         3986    i.SN3218_Refresh    led.o
    0x080031e6   0x00000002   PAD
    0x080031e8   0x0000000c   Code   RO          389    i.SPI1_IRQHandler   stm32f1xx_it.o
    0x080031f4   0x00000020   Code   RO          619    i.SPI_CheckFlag_BSY  stm32f1xx_hal_spi.o
    0x08003214   0x00000010   Code   RO          623    i.SPI_DMAAbortOnError  stm32f1xx_hal_spi.o
    0x08003224   0x00000024   Code   RO         3047    i.SPI_RWbyte        spi.o
    0x08003248   0x00000096   Code   RO          638    i.SPI_WaitFlagStateUntilTimeout  stm32f1xx_hal_spi.o
    0x080032de   0x00000002   PAD
    0x080032e0   0x0000001a   Code   RO         3424    i.STMFLASH_Read     stmflash.o
    0x080032fa   0x00000002   PAD
    0x080032fc   0x000000e0   Code   RO         3426    i.STMFLASH_Write    stmflash.o
    0x080033dc   0x0000002c   Code   RO         3427    i.STMFLASH_Write_NoCheck  stmflash.o
    0x08003408   0x00000002   Code   RO          390    i.SVC_Handler       stm32f1xx_it.o
    0x0800340a   0x00000002   PAD
    0x0800340c   0x000000a0   Code   RO         3835    i.SecretKey_Process  frame_process.o
    0x080034ac   0x00000044   Code   RO         3268    i.Set_Property      wireless_drv.o
    0x080034f0   0x00000150   Code   RO         3142    i.Si4438_Interrupt_Handler  wireless_app.o
    0x08003640   0x0000015c   Code   RO         3270    i.Si4438_Property_Init  wireless_drv.o
    0x0800379c   0x00000058   Code   RO         3144    i.Si4438_Receive_Start  wireless_app.o
    0x080037f4   0x000000c8   Code   RO         3146    i.Si4438_Transmit_Start  wireless_app.o
    0x080038bc   0x00000068   Code   RO         3271    i.Start_RX          wireless_drv.o
    0x08003924   0x00000050   Code   RO         3272    i.Start_TX          wireless_drv.o
    0x08003974   0x0000001a   Code   RO           13    i.SysDelay_Xms      delay.o
    0x0800398e   0x00000002   PAD
    0x08003990   0x000000b4   Code   RO         3836    i.SysTick_Handle    frame_process.o
    0x08003a44   0x0000000e   Code   RO          391    i.SysTick_Handler   stm32f1xx_it.o
    0x08003a52   0x00000068   Code   RO          216    i.SystemClock_Config  main.o
    0x08003aba   0x00000002   PAD
    0x08003abc   0x00000048   Code   RO         3010    i.SystemInit        system_stm32f1xx.o
    0x08003b04   0x000000e4   Code   RO          217    i.System_8msTick_Process  main.o
    0x08003be8   0x0000000c   Code   RO          392    i.TIM1_UP_IRQHandler  stm32f1xx_it.o
    0x08003bf4   0x0000006c   Code   RO         1017    i.TIM_Base_SetConfig  stm32f1xx_hal_tim.o
    0x08003c60   0x00000014   Code   RO         1024    i.TIM_ETR_SetConfig  stm32f1xx_hal_tim.o
    0x08003c74   0x00000010   Code   RO         1025    i.TIM_ITRx_SetConfig  stm32f1xx_hal_tim.o
    0x08003c84   0x00000022   Code   RO         1031    i.TIM_TI1_ConfigInputStage  stm32f1xx_hal_tim.o
    0x08003ca6   0x00000024   Code   RO         1033    i.TIM_TI2_ConfigInputStage  stm32f1xx_hal_tim.o
    0x08003cca   0x00000002   PAD
    0x08003ccc   0x00000094   Code   RO         4258    i.Touch1_Detect     touch.o
    0x08003d60   0x00000054   Code   RO         4259    i.Touch2_Detect     touch.o
    0x08003db4   0x0000008c   Code   RO         4260    i.Touch3_Detect     touch.o
    0x08003e40   0x00000054   Code   RO         4261    i.Touch4_Detect     touch.o
    0x08003e94   0x00000032   Code   RO          218    i.Touch_Process     main.o
    0x08003ec6   0x00000010   Code   RO         1833    i.UART_DMAAbortOnError  stm32f1xx_hal_uart.o
    0x08003ed6   0x0000001c   Code   RO         1843    i.UART_EndRxTransfer  stm32f1xx_hal_uart.o
    0x08003ef2   0x00000096   Code   RO         1845    i.UART_Receive_IT   stm32f1xx_hal_uart.o
    0x08003f88   0x00000170   Code   RO         1846    i.UART_SetConfig    stm32f1xx_hal_uart.o
    0x080040f8   0x00000062   Code   RO         1847    i.UART_Transmit_IT  stm32f1xx_hal_uart.o
    0x0800415a   0x00000002   PAD
    0x0800415c   0x00000030   Code   RO          393    i.USART1_IRQHandler  stm32f1xx_it.o
    0x0800418c   0x00000030   Code   RO          394    i.USART2_IRQHandler  stm32f1xx_it.o
    0x080041bc   0x0000001e   Code   RO         3080    i.UartSendBytes     uart.o
    0x080041da   0x0000000a   Code   RO         3081    i.UartSendData      uart.o
    0x080041e4   0x00000070   Code   RO          220    i.UpCom_Process     main.o
    0x08004254   0x00000098   Code   RO         3837    i.UpReport_Process  frame_process.o
    0x080042ec   0x00000050   Code   RO         3838    i.UpReport_Start    frame_process.o
    0x0800433c   0x00000014   Code   RO         3578    i.UpUart_DataTx     stm32f0_usart.o
    0x08004350   0x00000150   Code   RO         3083    i.UpUart_RX_INT_Process  uart.o
    0x080044a0   0x00000002   Code   RO          395    i.UsageFault_Handler  stm32f1xx_it.o
    0x080044a2   0x00000002   PAD
    0x080044a4   0x000000d4   Code   RO          221    i.WireLess_Process  main.o
    0x08004578   0x0000003c   Code   RO         3147    i.Wireless_Init     wireless_app.o
    0x080045b4   0x00000024   Code   RO         3987    i.Write_SN3218      led.o
    0x080045d8   0x0000004c   Code   RO         3273    i.Write_TXfifo      wireless_drv.o
    0x08004624   0x00000010   Code   RO         4319    i.__0printf$bare    mc_w.l(printfb.o)
    0x08004634   0x0000000e   Code   RO         4618    i.__scatterload_copy  mc_w.l(handlers.o)
    0x08004642   0x00000002   Code   RO         4619    i.__scatterload_null  mc_w.l(handlers.o)
    0x08004644   0x0000000e   Code   RO         4620    i.__scatterload_zeroinit  mc_w.l(handlers.o)
    0x08004652   0x00000022   Code   RO         4326    i._printf_core      mc_w.l(printfb.o)
    0x08004674   0x0000003a   Code   RO         3653    i.add_round_key     aes.o
    0x080046ae   0x00000002   PAD
    0x080046b0   0x00000092   Code   RO         3654    i.cipher            aes.o
    0x08004742   0x00000024   Code   RO         3655    i.coef_add          aes.o
    0x08004766   0x000000b2   Code   RO         3656    i.coef_mult         aes.o
    0x08004818   0x00000018   Code   RO           14    i.delay_us          delay.o
    0x08004830   0x00000014   Code   RO         3084    i.fputc             uart.o
    0x08004844   0x0000002c   Code   RO         3657    i.gmult             aes.o
    0x08004870   0x00000092   Code   RO         3658    i.inv_cipher        aes.o
    0x08004902   0x00000002   PAD
    0x08004904   0x00000050   Code   RO         3659    i.inv_mix_columns   aes.o
    0x08004954   0x0000003a   Code   RO         3660    i.inv_shift_rows    aes.o
    0x0800498e   0x00000002   PAD
    0x08004990   0x00000034   Code   RO         3661    i.inv_sub_bytes     aes.o
    0x080049c4   0x000000aa   Code   RO         3662    i.key_expansion     aes.o
    0x08004a6e   0x00000002   PAD
    0x08004a70   0x0000010c   Code   RO          224    i.main              main.o
    0x08004b7c   0x00000050   Code   RO         3663    i.mix_columns       aes.o
    0x08004bcc   0x00000016   Code   RO         3664    i.rot_word          aes.o
    0x08004be2   0x00000002   PAD
    0x08004be4   0x0000003c   Code   RO         3665    i.shift_rows        aes.o
    0x08004c20   0x00000034   Code   RO         3666    i.sub_bytes         aes.o
    0x08004c54   0x00000020   Code   RO         3667    i.sub_word          aes.o
    0x08004c74   0x00000010   Data   RO         3011    .constdata          system_stm32f1xx.o
    0x08004c84   0x00000008   Data   RO         3012    .constdata          system_stm32f1xx.o
    0x08004c8c   0x0000008a   Data   RO         3152    .constdata          wireless_app.o
    0x08004d16   0x0000015b   Data   RO         3275    .constdata          wireless_drv.o
    0x08004e71   0x00000200   Data   RO         3671    .constdata          aes.o
    0x08005071   0x00000001   PAD
    0x08005072   0x00000220   Data   RO         3778    .constdata          crc16.o
    0x08005292   0x0000003c   Data   RO         3842    .constdata          frame_process.o
    0x080052ce   0x00000100   Data   RO         3990    .constdata          led.o
    0x080053ce   0x00000002   PAD
    0x080053d0   0x00000020   Data   RO         4616    Region$$Table       anon$$obj.o


    Execution Region RW_IRAM1 (Base: 0x20000000, Size: 0x00001ad0, Max: 0x00005000, ABSOLUTE)

    Base Addr    Size         Type   Attr      Idx    E Section Name        Object

    0x20000000   0x00000010   Data   RW          140    .data               user_call_back.o
    0x20000010   0x00000001   Data   RW          141    .data               user_call_back.o
    0x20000011   0x00000003   Data   RW          226    .data               main.o
    0x20000014   0x0000000c   Data   RW         2144    .data               stm32f1xx_hal.o
    0x20000020   0x00000004   Data   RW         3013    .data               system_stm32f1xx.o
    0x20000024   0x00000001   Data   RW         3048    .data               spi.o
    0x20000025   0x00000001   Data   RW         3085    .data               uart.o
    0x20000026   0x00000008   Data   RW         3153    .data               wireless_app.o
    0x2000002e   0x00000002   Data   RW         3154    .data               wireless_app.o
    0x20000030   0x0000003a   Data   RW         3280    .data               wireless_drv.o
    0x2000006a   0x00000001   Data   RW         3582    .data               stm32f0_usart.o
    0x2000006b   0x00000001   Data   RW         3583    .data               stm32f0_usart.o
    0x2000006c   0x00000004   Data   RW         3672    .data               aes.o
    0x20000070   0x0000000c   Data   RW         3844    .data               frame_process.o
    0x2000007c   0x00000007   Data   RW         3991    .data               led.o
    0x20000083   0x00000001   Data   RW         4199    .data               rsa.o
    0x20000084   0x0000000e   Data   RW         4262    .data               touch.o
    0x20000092   0x00000002   PAD
    0x20000094   0x00000004   Data   RW         4592    .data               mc_w.l(stdout.o)
    0x20000098   0x00000190   Zero   RW          139    .bss                user_call_back.o
    0x20000228   0x00000118   Zero   RW          225    .bss                main.o
    0x20000340   0x00000020   Zero   RW         2835    .bss                stm32f1xx_hal_flash.o
    0x20000360   0x00000306   Zero   RW         3151    .bss                wireless_app.o
    0x20000666   0x0000000a   Zero   RW         3274    .bss                wireless_drv.o
    0x20000670   0x00000400   Zero   RW         3429    .bss                stmflash.o
    0x20000a70   0x00000102   Zero   RW         3580    .bss                stm32f0_usart.o
    0x20000b72   0x00000103   Zero   RW         3581    .bss                stm32f0_usart.o
    0x20000c75   0x000000b0   Zero   RW         3668    .bss                aes.o
    0x20000d25   0x00000010   Zero   RW         3669    .bss                aes.o
    0x20000d35   0x00000036   Zero   RW         3670    .bss                aes.o
    0x20000d6b   0x00000001   PAD
    0x20000d6c   0x00000010   Zero   RW         3839    .bss                frame_process.o
    0x20000d7c   0x00000944   Zero   RW         3840    .bss                frame_process.o
    0x200016c0   0x0000000d   Zero   RW         3841    .bss                frame_process.o
    0x200016cd   0x00000003   PAD
    0x200016d0   0x00000400   Zero   RW            1    STACK               startup_stm32f103xb.o


==============================================================================

Image component sizes


      Code (inc. data)   RO Data    RW Data    ZI Data      Debug   Object Name

      1274         32        512          4        246      10945   aes.o
        68          6        544          0          0       1373   crc16.o
        50          6          0          0          0     447504   delay.o
      2520        194         60         12       2401      18387   frame_process.o
      1406         46        256          7          0      14307   led.o
      2152        216          0          3        280      18733   main.o
       700          6          0          1          0       6809   rsa.o
       318         16          0          0          0       2187   sn3218a_i2c.o
        36          8          0          1          0        765   spi.o
        36          8        236          0       1024        808   startup_stm32f103xb.o
        22          0          0          0          0       2068   stm32f0_eeprom.o
        20          4          0          2        517       3645   stm32f0_usart.o
       128         24          0         12          0       3365   stm32f1xx_hal.o
       226         14          0          0          0      27058   stm32f1xx_hal_cortex.o
       152          4          0          0          0       1143   stm32f1xx_hal_dma.o
       392         46          0          0         32       4898   stm32f1xx_hal_flash.o
        36          8          0          0          0       1881   stm32f1xx_hal_flash_ex.o
       496         42          0          0          0       4803   stm32f1xx_hal_gpio.o
       500         54          0          0          0       3054   stm32f1xx_hal_msp.o
      1296        104          0          0          0       5788   stm32f1xx_hal_rcc.o
       868          6          0          0          0       5855   stm32f1xx_hal_spi.o
       130          0          0          0          0       1107   stm32f1xx_hal_spi_ex.o
       902         14          0          0          0       9716   stm32f1xx_hal_tim.o
        84          0          0          0          0       2414   stm32f1xx_hal_tim_ex.o
      1126         10          0          0          0       8131   stm32f1xx_hal_uart.o
       158         28          0          0          0       6372   stm32f1xx_it.o
       294          8          0          0       1024       3293   stmflash.o
        72         16         24          4          0       1223   system_stm32f1xx.o
       456         34          0         14          0       3276   touch.o
       396         28          0          1          0       3335   uart.o
       316         78          0         17        400       8552   user_call_back.o
       684         38        138         10        774       6215   wireless_app.o
      1672         96        347         58         10      15191   wireless_drv.o

    ----------------------------------------------------------------------
     19040       1194       2152        148       6712     654201   Object Totals
         0          0         32          0          0          0   (incl. Generated)
        54          0          3          2          4          0   (incl. Padding)

    ----------------------------------------------------------------------

      Code (inc. data)   RO Data    RW Data    ZI Data      Debug   Library Member Name

         0          0          0          0          0          0   entry.o
         0          0          0          0          0          0   entry10a.o
         0          0          0          0          0          0   entry11a.o
         8          4          0          0          0          0   entry2.o
         4          0          0          0          0          0   entry5.o
         0          0          0          0          0          0   entry7b.o
         0          0          0          0          0          0   entry8b.o
         8          4          0          0          0          0   entry9a.o
        30          0          0          0          0          0   handlers.o
        36          8          0          0          0         68   init.o
        32          0          0          0          0         68   llushr.o
        26          0          0          0          0         80   memcmp.o
        64          0          0          0          0         76   memmovea.o
        36          0          0          0          0        108   memseta.o
        50          8          0          0          0        152   printfb.o
         0          0          0          4          0          0   stdout.o

    ----------------------------------------------------------------------
       296         24          0          4          0        552   Library Totals
         2          0          0          0          0          0   (incl. Padding)

    ----------------------------------------------------------------------

      Code (inc. data)   RO Data    RW Data    ZI Data      Debug   Library Name

       294         24          0          4          0        552   mc_w.l

    ----------------------------------------------------------------------
       296         24          0          4          0        552   Library Totals

    ----------------------------------------------------------------------

==============================================================================


      Code (inc. data)   RO Data    RW Data    ZI Data      Debug   

     19336       1218       2152        152       6712     644453   Grand Totals
     19336       1218       2152        152       6712     644453   ELF Image Totals
     19336       1218       2152        152          0          0   ROM Totals

==============================================================================

    Total RO  Size (Code + RO Data)                21488 (  20.98kB)
    Total RW  Size (RW Data + ZI Data)              6864 (   6.70kB)
    Total ROM Size (Code + RO Data + RW Data)      21640 (  21.13kB)

==============================================================================

