<html>
<body>
<pre>
<h1>礦ision Build Log</h1>
<h2>Tool Versions:</h2>
IDE-Version: μVision V5.23.0.0
Copyright (C) 2017 ARM Ltd and ARM Germany GmbH. All rights reserved.
License Information: 123 US, MS, LIC=65IGK-Z51T3-DKSBN-YG8JY-77GGU-SFR4C
 
Tool Versions:
Toolchain:       MDK-ARM Plus  Version: 5.23
Toolchain Path:  C:\Keil_v5\ARM\ARMCC\Bin
C Compiler:      Armcc.exe V5.06 update 4 (build 422)
Assembler:       Armasm.exe V5.06 update 4 (build 422)
Linker/Locator:  ArmLink.exe V5.06 update 4 (build 422)
Library Manager: ArmAr.exe V5.06 update 4 (build 422)
Hex Converter:   FromElf.exe V5.06 update 4 (build 422)
CPU DLL:         SARMCM3.DLL V5.23
Dialog DLL:      DCM.DLL V1.15.0.0
Target DLL:      STLink\ST-LINKIII-KEIL_SWO.dll V2.0.18.0
Dialog DLL:      TCM.DLL V1.27.0.0
 
<h2>Project:</h2>
E:\工作项目\小AI扩展板\AI_扩展板MCU固件程序\STM32F103C8T6\MDK-ARM\STM32F103C8T6_RTX.uvprojx
Project File Date:  09/21/2018

<h2>Output:</h2>
*** Using Compiler 'V5.06 update 4 (build 422)', folder: 'C:\Keil_v5\ARM\ARMCC\Bin'
Build target 'STM32F103C8T6_RTX'
assembling startup_stm32f103xb.s...
compiling delay.c...
compiling user_call_back.c...
compiling main.c...
compiling stm32f1xx_it.c...
compiling stm32f1xx_hal_msp.c...
compiling stm32f1xx_hal_gpio_ex.c...
compiling stm32f1xx_hal_spi.c...
compiling stm32f1xx_hal_spi_ex.c...
compiling stm32f1xx_hal_tim.c...
compiling stm32f1xx_hal_tim_ex.c...
compiling stm32f1xx_hal_uart.c...
compiling stm32f1xx_hal.c...
compiling stm32f1xx_hal_rcc.c...
compiling stm32f1xx_hal_rcc_ex.c...
compiling stm32f1xx_hal_gpio.c...
compiling stm32f1xx_hal_dma.c...
compiling stm32f1xx_hal_cortex.c...
compiling stm32f1xx_hal_pwr.c...
compiling stm32f1xx_hal_flash.c...
compiling stm32f1xx_hal_flash_ex.c...
compiling system_stm32f1xx.c...
compiling spi.c...
compiling uart.c...
compiling wireless_app.c...
compiling wireless_drv.c...
..\Drivers\BSP\Src\wireless_drv.c(64): warning:  #161-D: unrecognized #pragma
  #pragma optimize = speed
..\Drivers\BSP\Src\wireless_drv.c: 1 warning, 0 errors
compiling stmflash.c...
compiling sn3218a_i2c.c...
compiling stm32f0_eeprom.c...
compiling stm32f0_usart.c...
compiling 74.c...
compiling aes.c...
compiling crc16.c...
compiling frame_process.c...
compiling led.c...
compiling rout.c...
compiling rsa.c...
compiling touch.c...
linking...
Program Size: Code=20240 RO-data=2152 RW-data=152 ZI-data=6712  
FromELF: creating hex file...
"STM32F103C8T6_RTX\STM32F103C8T6_V0302_490M.axf" - 0 Error(s), 1 Warning(s).

<h2>Software Packages used:</h2>

Package Vendor: ARM
                http://www.keil.com/pack/ARM.CMSIS.5.0.1.pack
                ARM::CMSIS:CORE:5.0.1
                CMSIS (Cortex Microcontroller Software Interface Standard)
   * Component: CORE Version: 5.0.1

<h2>Collection of Component include folders:</h2>
  .\RTE\_STM32F103C8T6_RTX
  C:\Keil_v5\ARM\PACK\ARM\CMSIS\5.0.1\CMSIS\Include
  C:\Keil_v5\ARM\PACK\Keil\STM32F1xx_DFP\2.2.0\Device\Include

<h2>Collection of Component Files used:</h2>

   * Component: ARM::CMSIS:CORE:5.0.1
Build Time Elapsed:  00:00:57
</pre>
</body>
</html>
